#
# There is insufficient memory for the Java Runtime Environment to continue.
# Native memory allocation (malloc) failed to allocate 4867224 bytes. Error detail: Chunk::new
# Possible reasons:
#   The system is out of physical RAM or swap space
#   This process is running with CompressedOops enabled, and the Java Heap may be blocking the growth of the native heap
# Possible solutions:
#   Reduce memory load on the system
#   Increase physical memory or swap space
#   Check if swap backing store is full
#   Decrease Java heap size (-Xmx/-Xms)
#   Decrease number of Java threads
#   Decrease Java thread stack sizes (-Xss)
#   Set larger code cache with -XX:ReservedCodeCacheSize=
#   JVM is running with Unscaled Compressed Oops mode in which the Java heap is
#     placed in the first 4GB address space. The Java Heap base address is the
#     maximum limit for the native heap growth. Please use -XX:HeapBaseMinAddress
#     to set the Java Heap base and to place the Java Heap above 4GB virtual address.
# This output file may be truncated or incomplete.
#
#  Out of Memory Error (arena.cpp:186), pid=21336, tid=23064
#
# JRE version: OpenJDK Runtime Environment (25.0+37) (build 25+37-LTS)
# Java VM: OpenJDK 64-Bit Server VM (25+37-LTS, mixed mode, sharing, tiered, compressed oops, compressed class ptrs, g1 gc, windows-amd64)
# No core dump will be written. Minidumps are not enabled by default on client versions of Windows
#

---------------  S U M M A R Y ------------

Command Line: --add-opens=java.base/java.lang=ALL-UNNAMED --add-opens=java.base/java.lang.invoke=ALL-UNNAMED --add-opens=java.base/java.util=ALL-UNNAMED --add-opens=java.prefs/java.util.prefs=ALL-UNNAMED --add-exports=jdk.compiler/com.sun.tools.javac.api=ALL-UNNAMED --add-exports=jdk.compiler/com.sun.tools.javac.util=ALL-UNNAMED --add-opens=java.base/java.util=ALL-UNNAMED --add-opens=java.prefs/java.util.prefs=ALL-UNNAMED --add-opens=java.base/java.nio.charset=ALL-UNNAMED --add-opens=java.base/java.net=ALL-UNNAMED --add-opens=java.base/java.util.concurrent=ALL-UNNAMED --add-opens=java.base/java.util.concurrent.atomic=ALL-UNNAMED --add-opens=java.xml/javax.xml.namespace=ALL-UNNAMED --add-opens=java.base/java.time=ALL-UNNAMED --enable-native-access=ALL-UNNAMED -XX:MaxMetaspaceSize=384m -XX:+HeapDumpOnOutOfMemoryError -Xms256m -Xmx512m -Dfile.encoding=UTF-8 -Duser.country=US -Duser.language=en -Duser.variant -javaagent:C:\Users\user\.gradle\wrapper\dists\gradle-9.4.1-bin\arn2x92ynaizyzdaamcbpbhtj\gradle-9.4.1\lib\agents\gradle-instrumentation-agent-9.4.1.jar org.gradle.launcher.daemon.bootstrap.GradleDaemon 9.4.1

Host: Intel(R) Core(TM) i5-8350U CPU @ 1.70GHz, 8 cores, 7G,  Windows 11 , 64 bit Build 26100 (10.0.26100.8115)
Time: Tue Jun  2 11:24:03 2026 E. Africa Standard Time elapsed time: 1.918945 seconds (0d 0h 0m 1s)

---------------  T H R E A D  ---------------

Current thread (0x00000210fd9d75d0):  JavaThread "C2 CompilerThread2" daemon [_thread_in_native, id=23064, stack(0x000000d039a00000,0x000000d039b00000) (1024K)]


Current CompileTask:
C2:1919 3064       4       jdk.internal.classfile.impl.SplitConstantPool::classEntry (68 bytes)

Stack: [0x000000d039a00000,0x000000d039b00000]
Native frames: (J=compiled Java code, j=interpreted, Vv=VM code, C=native code)
V  [jvm.dll+0x7b9849]  (no source info available)
V  [jvm.dll+0x783c7d]  (no source info available)
V  [jvm.dll+0xa06be3]  (no source info available)
V  [jvm.dll+0xa09054]  (no source info available)
V  [jvm.dll+0xa09743]  (no source info available)
V  [jvm.dll+0x30dd96]  (no source info available)
V  [jvm.dll+0x116c36]  (no source info available)
V  [jvm.dll+0x116f61]  (no source info available)
V  [jvm.dll+0x1ae7bb]  (no source info available)
V  [jvm.dll+0x3c4fe2]  (no source info available)
V  [jvm.dll+0x7bf0b4]  (no source info available)
V  [jvm.dll+0x2d1a06]  (no source info available)
V  [jvm.dll+0x2d0a81]  (no source info available)
V  [jvm.dll+0x2471ea]  (no source info available)
V  [jvm.dll+0x2e0251]  (no source info available)
V  [jvm.dll+0x2de49a]  (no source info available)
V  [jvm.dll+0x4a047e]  (no source info available)
V  [jvm.dll+0x9a6be8]  (no source info available)
V  [jvm.dll+0x7b7db5]  (no source info available)
C  [ucrtbase.dll+0x37b0]  (no source info available)
C  [KERNEL32.DLL+0x2e8d7]  (no source info available)
C  [ntdll.dll+0x8c3fc]  (no source info available)

Lock stack of current Java thread (top to bottom):


---------------  P R O C E S S  ---------------

Threads class SMR info:
_java_thread_list=0x0000021093fce610, length=25, elements={
0x00000210efef61d0, 0x00000210fd6d2da0, 0x00000210fd6d36b0, 0x00000210fd6d6780,
0x00000210fd6dc1f0, 0x00000210eff95070, 0x00000210fd6df4f0, 0x00000210fd6e5f00,
0x00000210fd6ee250, 0x00000210fd6e0c60, 0x00000210fd6e23d0, 0x00000210fda0a0b0,
0x00000210fd9d75d0, 0x00000210feea6aa0, 0x00000210feeaa150, 0x00000210feea7270,
0x00000210feeadfd0, 0x00000210feead800, 0x00000210feead030, 0x00000210938f5b00,
0x00000210938f89e0, 0x00000210938f91b0, 0x00000210938f8210, 0x00000210938f6aa0,
0x00000210938fa920
}

Java Threads: ( => current thread )
  0x00000210efef61d0 JavaThread "main"                              [_thread_blocked, id=22048, stack(0x000000d038700000,0x000000d038800000) (1024K)]
  0x00000210fd6d2da0 JavaThread "Reference Handler"          daemon [_thread_blocked, id=20532, stack(0x000000d038f00000,0x000000d039000000) (1024K)]
  0x00000210fd6d36b0 JavaThread "Finalizer"                  daemon [_thread_blocked, id=20484, stack(0x000000d039000000,0x000000d039100000) (1024K)]
  0x00000210fd6d6780 JavaThread "Signal Dispatcher"          daemon [_thread_blocked, id=23968, stack(0x000000d039100000,0x000000d039200000) (1024K)]
  0x00000210fd6dc1f0 JavaThread "Attach Listener"            daemon [_thread_blocked, id=23144, stack(0x000000d039200000,0x000000d039300000) (1024K)]
  0x00000210eff95070 JavaThread "Service Thread"             daemon [_thread_blocked, id=22608, stack(0x000000d039300000,0x000000d039400000) (1024K)]
  0x00000210fd6df4f0 JavaThread "Monitor Deflation Thread"   daemon [_thread_blocked, id=22668, stack(0x000000d039400000,0x000000d039500000) (1024K)]
  0x00000210fd6e5f00 JavaThread "C2 CompilerThread0"         daemon [_thread_in_native, id=18704, stack(0x000000d039500000,0x000000d039600000) (1024K)]
  0x00000210fd6ee250 JavaThread "C1 CompilerThread0"         daemon [_thread_blocked, id=19368, stack(0x000000d039600000,0x000000d039700000) (1024K)]
  0x00000210fd6e0c60 JavaThread "Common-Cleaner"             daemon [_thread_blocked, id=23416, stack(0x000000d039700000,0x000000d039800000) (1024K)]
  0x00000210fd6e23d0 JavaThread "Notification Thread"        daemon [_thread_blocked, id=12204, stack(0x000000d039800000,0x000000d039900000) (1024K)]
  0x00000210fda0a0b0 JavaThread "C2 CompilerThread1"         daemon [_thread_in_native, id=16432, stack(0x000000d039900000,0x000000d039a00000) (1024K)]
=>0x00000210fd9d75d0 JavaThread "C2 CompilerThread2"         daemon [_thread_in_native, id=23064, stack(0x000000d039a00000,0x000000d039b00000) (1024K)]
  0x00000210feea6aa0 JavaThread "Daemon health stats"               [_thread_blocked, id=19280, stack(0x000000d03a000000,0x000000d03a100000) (1024K)]
  0x00000210feeaa150 JavaThread "Incoming local TCP Connector on port 63782"        [_thread_in_native, id=21844, stack(0x000000d03a100000,0x000000d03a200000) (1024K)]
  0x00000210feea7270 JavaThread "Daemon periodic checks"            [_thread_blocked, id=22084, stack(0x000000d03a200000,0x000000d03a300000) (1024K)]
  0x00000210feeadfd0 JavaThread "Daemon"                            [_thread_blocked, id=24676, stack(0x000000d03a300000,0x000000d03a400000) (1024K)]
  0x00000210feead800 JavaThread "Handler for socket connection from /127.0.0.1:63782 to /127.0.0.1:63783"        [_thread_in_native, id=6700, stack(0x000000d03a400000,0x000000d03a500000) (1024K)]
  0x00000210feead030 JavaThread "Cancel handler"                    [_thread_blocked, id=4532, stack(0x000000d03a500000,0x000000d03a600000) (1024K)]
  0x00000210938f5b00 JavaThread "Daemon worker"                     [_thread_in_Java, id=24096, stack(0x000000d03a600000,0x000000d03a700000) (1024K)]
  0x00000210938f89e0 JavaThread "Asynchronous log dispatcher for DefaultDaemonConnection: socket connection from /127.0.0.1:63782 to /127.0.0.1:63783"        [_thread_blocked, id=22460, stack(0x000000d03a700000,0x000000d03a800000) (1024K)]
  0x00000210938f91b0 JavaThread "Stdin handler"                     [_thread_blocked, id=18240, stack(0x000000d03a800000,0x000000d03a900000) (1024K)]
  0x00000210938f8210 JavaThread "Daemon client event forwarder"        [_thread_blocked, id=21328, stack(0x000000d03a900000,0x000000d03aa00000) (1024K)]
  0x00000210938f6aa0 JavaThread "Cache worker for journal cache (C:\Users\user\.gradle\caches\journal-1)"        [_thread_blocked, id=24180, stack(0x000000d03aa00000,0x000000d03ab00000) (1024K)]
  0x00000210938fa920 JavaThread "File lock request listener"        [_thread_in_native, id=21276, stack(0x000000d03ab00000,0x000000d03ac00000) (1024K)]
Total: 25

Other Threads:
  0x00000210fd6c2100 VMThread "VM Thread"                           [id=23164, stack(0x000000d038e00000,0x000000d038f00000) (1024K)]
  0x00000210effa9980 WatcherThread "VM Periodic Task Thread"        [id=25124, stack(0x000000d038d00000,0x000000d038e00000) (1024K)]
  0x00000210eff22d80 WorkerThread "GC Thread#0"                     [id=22596, stack(0x000000d038800000,0x000000d038900000) (1024K)]
  0x00000210fed7b820 WorkerThread "GC Thread#1"                     [id=12444, stack(0x000000d039b00000,0x000000d039c00000) (1024K)]
  0x00000210fed7bc50 WorkerThread "GC Thread#2"                     [id=10028, stack(0x000000d039c00000,0x000000d039d00000) (1024K)]
  0x00000210fedea090 WorkerThread "GC Thread#3"                     [id=10660, stack(0x000000d039d00000,0x000000d039e00000) (1024K)]
  0x00000210fedea4c0 WorkerThread "GC Thread#4"                     [id=20524, stack(0x000000d039e00000,0x000000d039f00000) (1024K)]
  0x00000210fedea8f0 WorkerThread "GC Thread#5"                     [id=21352, stack(0x000000d039f00000,0x000000d03a000000) (1024K)]
  0x00000210edb4cff0 ConcurrentGCThread "G1 Main Marker"            [id=19160, stack(0x000000d038900000,0x000000d038a00000) (1024K)]
  0x00000210eff27b40 WorkerThread "G1 Conc#0"                       [id=23936, stack(0x000000d038a00000,0x000000d038b00000) (1024K)]
  0x00000210eff8a310 ConcurrentGCThread "G1 Refine#0"               [id=24416, stack(0x000000d038b00000,0x000000d038c00000) (1024K)]
  0x00000210eff8af20 ConcurrentGCThread "G1 Service"                [id=18616, stack(0x000000d038c00000,0x000000d038d00000) (1024K)]
Total: 12

Threads with active compile tasks:
C2 CompilerThread0  2013 3071       4       jdk.internal.classfile.impl.SplitConstantPool::classEntryForClassOrInterface (111 bytes)
C2 CompilerThread1  2013 3087       4       jdk.internal.classfile.impl.StackMapGenerator::processBlock (2767 bytes)
C2 CompilerThread2  2013 3064       4       jdk.internal.classfile.impl.SplitConstantPool::classEntry (68 bytes)
Total: 3

VM state: not at safepoint (normal execution)

VM Mutex/Monitor currently owned by a thread: None

Heap address: 0x00000000e0000000, size: 512 MB, Compressed Oops mode: 32-bit

CDS archive(s) mapped at: [0x0000000080000000-0x0000000080dd0000-0x0000000080dd0000), size 14483456, SharedBaseAddress: 0x0000000080000000, ArchiveRelocationMode: 1.
Compressed class space mapped at: 0x0000000081000000-0x0000000095000000, reserved size: 335544320
UseCompressedClassPointers 1, UseCompactObjectHeaders 0
Narrow klass pointer bits 32, Max shift 3
Narrow klass base: 0x0000000080000000, Narrow klass shift: 0
Encoding Range: [0x0000000080000000 - 0x0000000180000000), (4294967296 bytes)
Klass Range:    [0x0000000080010000 - 0x0000000095000000), (352256000 bytes)
Klass ID Range:  [65536 - 352321529) (352255993)
Protection zone: [0x0000000080000000 - 0x0000000080010000), (65536 bytes)

GC Precious Log:
 CardTable entry size: 512
 Card Set container configuration: InlinePtr #cards 5 size 8 Array Of Cards #cards 10 size 36 Howl #buckets 4 coarsen threshold 1843 Howl Bitmap #cards 512 size 80 coarsen threshold 460 Card regions per heap region 1 cards per card region 2048
 CPUs: 8 total, 8 available
 Memory: 8035M
 Large Page Support: Disabled
 NUMA Support: Disabled
 Compressed Oops: Enabled (32-bit)
 Heap Region Size: 1M
 Heap Min Capacity: 256M
 Heap Initial Capacity: 256M
 Heap Max Capacity: 512M
 Pre-touch: Disabled
 Parallel Workers: 8
 Concurrent Workers: 2
 Concurrent Refinement Workers: 8
 Periodic GC: Disabled

Heap:
 garbage-first heap   total reserved 524288K, committed 264192K, used 92021K [0x00000000e0000000, 0x0000000100000000)
  region size 1024K, 82 young (83968K), 6 survivors (6144K)

Heap Regions: E=young(eden), S=young(survivor), O=old, HS=humongous(starts), HC=humongous(continues), CS=collection set, F=free, TAMS=top-at-mark-start, PB=parsable bottom
|   0|0x00000000e0000000, 0x00000000e0100000, 0x00000000e0100000|100%|HS|  |TAMS 0x00000000e0000000| PB 0x00000000e0000000| Complete |  0
|   1|0x00000000e0100000, 0x00000000e0200000, 0x00000000e0200000|100%|HC|  |TAMS 0x00000000e0100000| PB 0x00000000e0100000| Complete |  0
|   2|0x00000000e0200000, 0x00000000e0300000, 0x00000000e0300000|100%|HC|  |TAMS 0x00000000e0200000| PB 0x00000000e0200000| Complete |  0
|   3|0x00000000e0300000, 0x00000000e0400000, 0x00000000e0400000|100%|HC|  |TAMS 0x00000000e0300000| PB 0x00000000e0300000| Complete |  0
|   4|0x00000000e0400000, 0x00000000e0500000, 0x00000000e0500000|100%|HS|  |TAMS 0x00000000e0400000| PB 0x00000000e0400000| Complete |  0
|   5|0x00000000e0500000, 0x00000000e0500000, 0x00000000e0600000|  0%| F|  |TAMS 0x00000000e0500000| PB 0x00000000e0500000| Untracked |  0
|   6|0x00000000e0600000, 0x00000000e0700000, 0x00000000e0700000|100%| O|  |TAMS 0x00000000e0600000| PB 0x00000000e0600000| Untracked |  0
|   7|0x00000000e0700000, 0x00000000e0800000, 0x00000000e0800000|100%| O|  |TAMS 0x00000000e0700000| PB 0x00000000e0700000| Untracked |  0
|   8|0x00000000e0800000, 0x00000000e08aa648, 0x00000000e0900000| 66%| O|  |TAMS 0x00000000e0800000| PB 0x00000000e0800000| Untracked |  0
|   9|0x00000000e0900000, 0x00000000e0900000, 0x00000000e0a00000|  0%| F|  |TAMS 0x00000000e0900000| PB 0x00000000e0900000| Untracked |  0
|  10|0x00000000e0a00000, 0x00000000e0a00000, 0x00000000e0b00000|  0%| F|  |TAMS 0x00000000e0a00000| PB 0x00000000e0a00000| Untracked |  0
|  11|0x00000000e0b00000, 0x00000000e0b00000, 0x00000000e0c00000|  0%| F|  |TAMS 0x00000000e0b00000| PB 0x00000000e0b00000| Untracked |  0
|  12|0x00000000e0c00000, 0x00000000e0c00000, 0x00000000e0d00000|  0%| F|  |TAMS 0x00000000e0c00000| PB 0x00000000e0c00000| Untracked |  0
|  13|0x00000000e0d00000, 0x00000000e0d00000, 0x00000000e0e00000|  0%| F|  |TAMS 0x00000000e0d00000| PB 0x00000000e0d00000| Untracked |  0
|  14|0x00000000e0e00000, 0x00000000e0e00000, 0x00000000e0f00000|  0%| F|  |TAMS 0x00000000e0e00000| PB 0x00000000e0e00000| Untracked |  0
|  15|0x00000000e0f00000, 0x00000000e0f00000, 0x00000000e1000000|  0%| F|  |TAMS 0x00000000e0f00000| PB 0x00000000e0f00000| Untracked |  0
|  16|0x00000000e1000000, 0x00000000e1000000, 0x00000000e1100000|  0%| F|  |TAMS 0x00000000e1000000| PB 0x00000000e1000000| Untracked |  0
|  17|0x00000000e1100000, 0x00000000e1100000, 0x00000000e1200000|  0%| F|  |TAMS 0x00000000e1100000| PB 0x00000000e1100000| Untracked |  0
|  18|0x00000000e1200000, 0x00000000e1200000, 0x00000000e1300000|  0%| F|  |TAMS 0x00000000e1200000| PB 0x00000000e1200000| Untracked |  0
|  19|0x00000000e1300000, 0x00000000e1300000, 0x00000000e1400000|  0%| F|  |TAMS 0x00000000e1300000| PB 0x00000000e1300000| Untracked |  0
|  20|0x00000000e1400000, 0x00000000e1400000, 0x00000000e1500000|  0%| F|  |TAMS 0x00000000e1400000| PB 0x00000000e1400000| Untracked |  0
|  21|0x00000000e1500000, 0x00000000e1500000, 0x00000000e1600000|  0%| F|  |TAMS 0x00000000e1500000| PB 0x00000000e1500000| Untracked |  0
|  22|0x00000000e1600000, 0x00000000e1600000, 0x00000000e1700000|  0%| F|  |TAMS 0x00000000e1600000| PB 0x00000000e1600000| Untracked |  0
|  23|0x00000000e1700000, 0x00000000e1700000, 0x00000000e1800000|  0%| F|  |TAMS 0x00000000e1700000| PB 0x00000000e1700000| Untracked |  0
|  24|0x00000000e1800000, 0x00000000e1800000, 0x00000000e1900000|  0%| F|  |TAMS 0x00000000e1800000| PB 0x00000000e1800000| Untracked |  0
|  25|0x00000000e1900000, 0x00000000e1900000, 0x00000000e1a00000|  0%| F|  |TAMS 0x00000000e1900000| PB 0x00000000e1900000| Untracked |  0
|  26|0x00000000e1a00000, 0x00000000e1a00000, 0x00000000e1b00000|  0%| F|  |TAMS 0x00000000e1a00000| PB 0x00000000e1a00000| Untracked |  0
|  27|0x00000000e1b00000, 0x00000000e1b00000, 0x00000000e1c00000|  0%| F|  |TAMS 0x00000000e1b00000| PB 0x00000000e1b00000| Untracked |  0
|  28|0x00000000e1c00000, 0x00000000e1c00000, 0x00000000e1d00000|  0%| F|  |TAMS 0x00000000e1c00000| PB 0x00000000e1c00000| Untracked |  0
|  29|0x00000000e1d00000, 0x00000000e1d00000, 0x00000000e1e00000|  0%| F|  |TAMS 0x00000000e1d00000| PB 0x00000000e1d00000| Untracked |  0
|  30|0x00000000e1e00000, 0x00000000e1e00000, 0x00000000e1f00000|  0%| F|  |TAMS 0x00000000e1e00000| PB 0x00000000e1e00000| Untracked |  0
|  31|0x00000000e1f00000, 0x00000000e1f00000, 0x00000000e2000000|  0%| F|  |TAMS 0x00000000e1f00000| PB 0x00000000e1f00000| Untracked |  0
|  32|0x00000000e2000000, 0x00000000e2000000, 0x00000000e2100000|  0%| F|  |TAMS 0x00000000e2000000| PB 0x00000000e2000000| Untracked |  0
|  33|0x00000000e2100000, 0x00000000e2100000, 0x00000000e2200000|  0%| F|  |TAMS 0x00000000e2100000| PB 0x00000000e2100000| Untracked |  0
|  34|0x00000000e2200000, 0x00000000e2200000, 0x00000000e2300000|  0%| F|  |TAMS 0x00000000e2200000| PB 0x00000000e2200000| Untracked |  0
|  35|0x00000000e2300000, 0x00000000e2300000, 0x00000000e2400000|  0%| F|  |TAMS 0x00000000e2300000| PB 0x00000000e2300000| Untracked |  0
|  36|0x00000000e2400000, 0x00000000e2400000, 0x00000000e2500000|  0%| F|  |TAMS 0x00000000e2400000| PB 0x00000000e2400000| Untracked |  0
|  37|0x00000000e2500000, 0x00000000e2500000, 0x00000000e2600000|  0%| F|  |TAMS 0x00000000e2500000| PB 0x00000000e2500000| Untracked |  0
|  38|0x00000000e2600000, 0x00000000e2600000, 0x00000000e2700000|  0%| F|  |TAMS 0x00000000e2600000| PB 0x00000000e2600000| Untracked |  0
|  39|0x00000000e2700000, 0x00000000e2700000, 0x00000000e2800000|  0%| F|  |TAMS 0x00000000e2700000| PB 0x00000000e2700000| Untracked |  0
|  40|0x00000000e2800000, 0x00000000e2800000, 0x00000000e2900000|  0%| F|  |TAMS 0x00000000e2800000| PB 0x00000000e2800000| Untracked |  0
|  41|0x00000000e2900000, 0x00000000e2900000, 0x00000000e2a00000|  0%| F|  |TAMS 0x00000000e2900000| PB 0x00000000e2900000| Untracked |  0
|  42|0x00000000e2a00000, 0x00000000e2a00000, 0x00000000e2b00000|  0%| F|  |TAMS 0x00000000e2a00000| PB 0x00000000e2a00000| Untracked |  0
|  43|0x00000000e2b00000, 0x00000000e2b00000, 0x00000000e2c00000|  0%| F|  |TAMS 0x00000000e2b00000| PB 0x00000000e2b00000| Untracked |  0
|  44|0x00000000e2c00000, 0x00000000e2c00000, 0x00000000e2d00000|  0%| F|  |TAMS 0x00000000e2c00000| PB 0x00000000e2c00000| Untracked |  0
|  45|0x00000000e2d00000, 0x00000000e2d00000, 0x00000000e2e00000|  0%| F|  |TAMS 0x00000000e2d00000| PB 0x00000000e2d00000| Untracked |  0
|  46|0x00000000e2e00000, 0x00000000e2e00000, 0x00000000e2f00000|  0%| F|  |TAMS 0x00000000e2e00000| PB 0x00000000e2e00000| Untracked |  0
|  47|0x00000000e2f00000, 0x00000000e2f00000, 0x00000000e3000000|  0%| F|  |TAMS 0x00000000e2f00000| PB 0x00000000e2f00000| Untracked |  0
|  48|0x00000000e3000000, 0x00000000e3000000, 0x00000000e3100000|  0%| F|  |TAMS 0x00000000e3000000| PB 0x00000000e3000000| Untracked |  0
|  49|0x00000000e3100000, 0x00000000e3100000, 0x00000000e3200000|  0%| F|  |TAMS 0x00000000e3100000| PB 0x00000000e3100000| Untracked |  0
|  50|0x00000000e3200000, 0x00000000e3200000, 0x00000000e3300000|  0%| F|  |TAMS 0x00000000e3200000| PB 0x00000000e3200000| Untracked |  0
|  51|0x00000000e3300000, 0x00000000e3300000, 0x00000000e3400000|  0%| F|  |TAMS 0x00000000e3300000| PB 0x00000000e3300000| Untracked |  0
|  52|0x00000000e3400000, 0x00000000e3400000, 0x00000000e3500000|  0%| F|  |TAMS 0x00000000e3400000| PB 0x00000000e3400000| Untracked |  0
|  53|0x00000000e3500000, 0x00000000e3500000, 0x00000000e3600000|  0%| F|  |TAMS 0x00000000e3500000| PB 0x00000000e3500000| Untracked |  0
|  54|0x00000000e3600000, 0x00000000e3600000, 0x00000000e3700000|  0%| F|  |TAMS 0x00000000e3600000| PB 0x00000000e3600000| Untracked |  0
|  55|0x00000000e3700000, 0x00000000e3700000, 0x00000000e3800000|  0%| F|  |TAMS 0x00000000e3700000| PB 0x00000000e3700000| Untracked |  0
|  56|0x00000000e3800000, 0x00000000e3800000, 0x00000000e3900000|  0%| F|  |TAMS 0x00000000e3800000| PB 0x00000000e3800000| Untracked |  0
|  57|0x00000000e3900000, 0x00000000e3900000, 0x00000000e3a00000|  0%| F|  |TAMS 0x00000000e3900000| PB 0x00000000e3900000| Untracked |  0
|  58|0x00000000e3a00000, 0x00000000e3a00000, 0x00000000e3b00000|  0%| F|  |TAMS 0x00000000e3a00000| PB 0x00000000e3a00000| Untracked |  0
|  59|0x00000000e3b00000, 0x00000000e3b00000, 0x00000000e3c00000|  0%| F|  |TAMS 0x00000000e3b00000| PB 0x00000000e3b00000| Untracked |  0
|  60|0x00000000e3c00000, 0x00000000e3c00000, 0x00000000e3d00000|  0%| F|  |TAMS 0x00000000e3c00000| PB 0x00000000e3c00000| Untracked |  0
|  61|0x00000000e3d00000, 0x00000000e3d00000, 0x00000000e3e00000|  0%| F|  |TAMS 0x00000000e3d00000| PB 0x00000000e3d00000| Untracked |  0
|  62|0x00000000e3e00000, 0x00000000e3e00000, 0x00000000e3f00000|  0%| F|  |TAMS 0x00000000e3e00000| PB 0x00000000e3e00000| Untracked |  0
|  63|0x00000000e3f00000, 0x00000000e3f00000, 0x00000000e4000000|  0%| F|  |TAMS 0x00000000e3f00000| PB 0x00000000e3f00000| Untracked |  0
|  64|0x00000000e4000000, 0x00000000e4000000, 0x00000000e4100000|  0%| F|  |TAMS 0x00000000e4000000| PB 0x00000000e4000000| Untracked |  0
|  65|0x00000000e4100000, 0x00000000e4100000, 0x00000000e4200000|  0%| F|  |TAMS 0x00000000e4100000| PB 0x00000000e4100000| Untracked |  0
|  66|0x00000000e4200000, 0x00000000e4200000, 0x00000000e4300000|  0%| F|  |TAMS 0x00000000e4200000| PB 0x00000000e4200000| Untracked |  0
|  67|0x00000000e4300000, 0x00000000e4300000, 0x00000000e4400000|  0%| F|  |TAMS 0x00000000e4300000| PB 0x00000000e4300000| Untracked |  0
|  68|0x00000000e4400000, 0x00000000e4400000, 0x00000000e4500000|  0%| F|  |TAMS 0x00000000e4400000| PB 0x00000000e4400000| Untracked |  0
|  69|0x00000000e4500000, 0x00000000e4500000, 0x00000000e4600000|  0%| F|  |TAMS 0x00000000e4500000| PB 0x00000000e4500000| Untracked |  0
|  70|0x00000000e4600000, 0x00000000e4600000, 0x00000000e4700000|  0%| F|  |TAMS 0x00000000e4600000| PB 0x00000000e4600000| Untracked |  0
|  71|0x00000000e4700000, 0x00000000e4700000, 0x00000000e4800000|  0%| F|  |TAMS 0x00000000e4700000| PB 0x00000000e4700000| Untracked |  0
|  72|0x00000000e4800000, 0x00000000e4800000, 0x00000000e4900000|  0%| F|  |TAMS 0x00000000e4800000| PB 0x00000000e4800000| Untracked |  0
|  73|0x00000000e4900000, 0x00000000e4900000, 0x00000000e4a00000|  0%| F|  |TAMS 0x00000000e4900000| PB 0x00000000e4900000| Untracked |  0
|  74|0x00000000e4a00000, 0x00000000e4a00000, 0x00000000e4b00000|  0%| F|  |TAMS 0x00000000e4a00000| PB 0x00000000e4a00000| Untracked |  0
|  75|0x00000000e4b00000, 0x00000000e4b00000, 0x00000000e4c00000|  0%| F|  |TAMS 0x00000000e4b00000| PB 0x00000000e4b00000| Untracked |  0
|  76|0x00000000e4c00000, 0x00000000e4c00000, 0x00000000e4d00000|  0%| F|  |TAMS 0x00000000e4c00000| PB 0x00000000e4c00000| Untracked |  0
|  77|0x00000000e4d00000, 0x00000000e4d00000, 0x00000000e4e00000|  0%| F|  |TAMS 0x00000000e4d00000| PB 0x00000000e4d00000| Untracked |  0
|  78|0x00000000e4e00000, 0x00000000e4e00000, 0x00000000e4f00000|  0%| F|  |TAMS 0x00000000e4e00000| PB 0x00000000e4e00000| Untracked |  0
|  79|0x00000000e4f00000, 0x00000000e4f00000, 0x00000000e5000000|  0%| F|  |TAMS 0x00000000e4f00000| PB 0x00000000e4f00000| Untracked |  0
|  80|0x00000000e5000000, 0x00000000e5000000, 0x00000000e5100000|  0%| F|  |TAMS 0x00000000e5000000| PB 0x00000000e5000000| Untracked |  0
|  81|0x00000000e5100000, 0x00000000e5100000, 0x00000000e5200000|  0%| F|  |TAMS 0x00000000e5100000| PB 0x00000000e5100000| Untracked |  0
|  82|0x00000000e5200000, 0x00000000e5200000, 0x00000000e5300000|  0%| F|  |TAMS 0x00000000e5200000| PB 0x00000000e5200000| Untracked |  0
|  83|0x00000000e5300000, 0x00000000e5300000, 0x00000000e5400000|  0%| F|  |TAMS 0x00000000e5300000| PB 0x00000000e5300000| Untracked |  0
|  84|0x00000000e5400000, 0x00000000e5400000, 0x00000000e5500000|  0%| F|  |TAMS 0x00000000e5400000| PB 0x00000000e5400000| Untracked |  0
|  85|0x00000000e5500000, 0x00000000e5500000, 0x00000000e5600000|  0%| F|  |TAMS 0x00000000e5500000| PB 0x00000000e5500000| Untracked |  0
|  86|0x00000000e5600000, 0x00000000e5600000, 0x00000000e5700000|  0%| F|  |TAMS 0x00000000e5600000| PB 0x00000000e5600000| Untracked |  0
|  87|0x00000000e5700000, 0x00000000e5700000, 0x00000000e5800000|  0%| F|  |TAMS 0x00000000e5700000| PB 0x00000000e5700000| Untracked |  0
|  88|0x00000000e5800000, 0x00000000e5800000, 0x00000000e5900000|  0%| F|  |TAMS 0x00000000e5800000| PB 0x00000000e5800000| Untracked |  0
|  89|0x00000000e5900000, 0x00000000e5900000, 0x00000000e5a00000|  0%| F|  |TAMS 0x00000000e5900000| PB 0x00000000e5900000| Untracked |  0
|  90|0x00000000e5a00000, 0x00000000e5a00000, 0x00000000e5b00000|  0%| F|  |TAMS 0x00000000e5a00000| PB 0x00000000e5a00000| Untracked |  0
|  91|0x00000000e5b00000, 0x00000000e5b00000, 0x00000000e5c00000|  0%| F|  |TAMS 0x00000000e5b00000| PB 0x00000000e5b00000| Untracked |  0
|  92|0x00000000e5c00000, 0x00000000e5c00000, 0x00000000e5d00000|  0%| F|  |TAMS 0x00000000e5c00000| PB 0x00000000e5c00000| Untracked |  0
|  93|0x00000000e5d00000, 0x00000000e5d00000, 0x00000000e5e00000|  0%| F|  |TAMS 0x00000000e5d00000| PB 0x00000000e5d00000| Untracked |  0
|  94|0x00000000e5e00000, 0x00000000e5e00000, 0x00000000e5f00000|  0%| F|  |TAMS 0x00000000e5e00000| PB 0x00000000e5e00000| Untracked |  0
|  95|0x00000000e5f00000, 0x00000000e5f00000, 0x00000000e6000000|  0%| F|  |TAMS 0x00000000e5f00000| PB 0x00000000e5f00000| Untracked |  0
|  96|0x00000000e6000000, 0x00000000e6000000, 0x00000000e6100000|  0%| F|  |TAMS 0x00000000e6000000| PB 0x00000000e6000000| Untracked |  0
|  97|0x00000000e6100000, 0x00000000e6100000, 0x00000000e6200000|  0%| F|  |TAMS 0x00000000e6100000| PB 0x00000000e6100000| Untracked |  0
|  98|0x00000000e6200000, 0x00000000e6200000, 0x00000000e6300000|  0%| F|  |TAMS 0x00000000e6200000| PB 0x00000000e6200000| Untracked |  0
|  99|0x00000000e6300000, 0x00000000e6300000, 0x00000000e6400000|  0%| F|  |TAMS 0x00000000e6300000| PB 0x00000000e6300000| Untracked |  0
| 100|0x00000000e6400000, 0x00000000e6400000, 0x00000000e6500000|  0%| F|  |TAMS 0x00000000e6400000| PB 0x00000000e6400000| Untracked |  0
| 101|0x00000000e6500000, 0x00000000e6500000, 0x00000000e6600000|  0%| F|  |TAMS 0x00000000e6500000| PB 0x00000000e6500000| Untracked |  0
| 102|0x00000000e6600000, 0x00000000e6600000, 0x00000000e6700000|  0%| F|  |TAMS 0x00000000e6600000| PB 0x00000000e6600000| Untracked |  0
| 103|0x00000000e6700000, 0x00000000e6700000, 0x00000000e6800000|  0%| F|  |TAMS 0x00000000e6700000| PB 0x00000000e6700000| Untracked |  0
| 104|0x00000000e6800000, 0x00000000e6800000, 0x00000000e6900000|  0%| F|  |TAMS 0x00000000e6800000| PB 0x00000000e6800000| Untracked |  0
| 105|0x00000000e6900000, 0x00000000e6900000, 0x00000000e6a00000|  0%| F|  |TAMS 0x00000000e6900000| PB 0x00000000e6900000| Untracked |  0
| 106|0x00000000e6a00000, 0x00000000e6a00000, 0x00000000e6b00000|  0%| F|  |TAMS 0x00000000e6a00000| PB 0x00000000e6a00000| Untracked |  0
| 107|0x00000000e6b00000, 0x00000000e6b00000, 0x00000000e6c00000|  0%| F|  |TAMS 0x00000000e6b00000| PB 0x00000000e6b00000| Untracked |  0
| 108|0x00000000e6c00000, 0x00000000e6c00000, 0x00000000e6d00000|  0%| F|  |TAMS 0x00000000e6c00000| PB 0x00000000e6c00000| Untracked |  0
| 109|0x00000000e6d00000, 0x00000000e6d00000, 0x00000000e6e00000|  0%| F|  |TAMS 0x00000000e6d00000| PB 0x00000000e6d00000| Untracked |  0
| 110|0x00000000e6e00000, 0x00000000e6e00000, 0x00000000e6f00000|  0%| F|  |TAMS 0x00000000e6e00000| PB 0x00000000e6e00000| Untracked |  0
| 111|0x00000000e6f00000, 0x00000000e6f00000, 0x00000000e7000000|  0%| F|  |TAMS 0x00000000e6f00000| PB 0x00000000e6f00000| Untracked |  0
| 112|0x00000000e7000000, 0x00000000e7000000, 0x00000000e7100000|  0%| F|  |TAMS 0x00000000e7000000| PB 0x00000000e7000000| Untracked |  0
| 113|0x00000000e7100000, 0x00000000e7100000, 0x00000000e7200000|  0%| F|  |TAMS 0x00000000e7100000| PB 0x00000000e7100000| Untracked |  0
| 114|0x00000000e7200000, 0x00000000e7200000, 0x00000000e7300000|  0%| F|  |TAMS 0x00000000e7200000| PB 0x00000000e7200000| Untracked |  0
| 115|0x00000000e7300000, 0x00000000e7300000, 0x00000000e7400000|  0%| F|  |TAMS 0x00000000e7300000| PB 0x00000000e7300000| Untracked |  0
| 116|0x00000000e7400000, 0x00000000e7400000, 0x00000000e7500000|  0%| F|  |TAMS 0x00000000e7400000| PB 0x00000000e7400000| Untracked |  0
| 117|0x00000000e7500000, 0x00000000e7500000, 0x00000000e7600000|  0%| F|  |TAMS 0x00000000e7500000| PB 0x00000000e7500000| Untracked |  0
| 118|0x00000000e7600000, 0x00000000e7600000, 0x00000000e7700000|  0%| F|  |TAMS 0x00000000e7600000| PB 0x00000000e7600000| Untracked |  0
| 119|0x00000000e7700000, 0x00000000e7700000, 0x00000000e7800000|  0%| F|  |TAMS 0x00000000e7700000| PB 0x00000000e7700000| Untracked |  0
| 120|0x00000000e7800000, 0x00000000e7800000, 0x00000000e7900000|  0%| F|  |TAMS 0x00000000e7800000| PB 0x00000000e7800000| Untracked |  0
| 121|0x00000000e7900000, 0x00000000e7900000, 0x00000000e7a00000|  0%| F|  |TAMS 0x00000000e7900000| PB 0x00000000e7900000| Untracked |  0
| 122|0x00000000e7a00000, 0x00000000e7a00000, 0x00000000e7b00000|  0%| F|  |TAMS 0x00000000e7a00000| PB 0x00000000e7a00000| Untracked |  0
| 123|0x00000000e7b00000, 0x00000000e7b00000, 0x00000000e7c00000|  0%| F|  |TAMS 0x00000000e7b00000| PB 0x00000000e7b00000| Untracked |  0
| 124|0x00000000e7c00000, 0x00000000e7c00000, 0x00000000e7d00000|  0%| F|  |TAMS 0x00000000e7c00000| PB 0x00000000e7c00000| Untracked |  0
| 125|0x00000000e7d00000, 0x00000000e7d00000, 0x00000000e7e00000|  0%| F|  |TAMS 0x00000000e7d00000| PB 0x00000000e7d00000| Untracked |  0
| 126|0x00000000e7e00000, 0x00000000e7e00000, 0x00000000e7f00000|  0%| F|  |TAMS 0x00000000e7e00000| PB 0x00000000e7e00000| Untracked |  0
| 127|0x00000000e7f00000, 0x00000000e7f00000, 0x00000000e8000000|  0%| F|  |TAMS 0x00000000e7f00000| PB 0x00000000e7f00000| Untracked |  0
| 128|0x00000000e8000000, 0x00000000e8000000, 0x00000000e8100000|  0%| F|  |TAMS 0x00000000e8000000| PB 0x00000000e8000000| Untracked |  0
| 129|0x00000000e8100000, 0x00000000e8100000, 0x00000000e8200000|  0%| F|  |TAMS 0x00000000e8100000| PB 0x00000000e8100000| Untracked |  0
| 130|0x00000000e8200000, 0x00000000e8200000, 0x00000000e8300000|  0%| F|  |TAMS 0x00000000e8200000| PB 0x00000000e8200000| Untracked |  0
| 131|0x00000000e8300000, 0x00000000e8300000, 0x00000000e8400000|  0%| F|  |TAMS 0x00000000e8300000| PB 0x00000000e8300000| Untracked |  0
| 132|0x00000000e8400000, 0x00000000e8400000, 0x00000000e8500000|  0%| F|  |TAMS 0x00000000e8400000| PB 0x00000000e8400000| Untracked |  0
| 133|0x00000000e8500000, 0x00000000e8500000, 0x00000000e8600000|  0%| F|  |TAMS 0x00000000e8500000| PB 0x00000000e8500000| Untracked |  0
| 134|0x00000000e8600000, 0x00000000e8600000, 0x00000000e8700000|  0%| F|  |TAMS 0x00000000e8600000| PB 0x00000000e8600000| Untracked |  0
| 135|0x00000000e8700000, 0x00000000e8700000, 0x00000000e8800000|  0%| F|  |TAMS 0x00000000e8700000| PB 0x00000000e8700000| Untracked |  0
| 136|0x00000000e8800000, 0x00000000e8800000, 0x00000000e8900000|  0%| F|  |TAMS 0x00000000e8800000| PB 0x00000000e8800000| Untracked |  0
| 137|0x00000000e8900000, 0x00000000e8900000, 0x00000000e8a00000|  0%| F|  |TAMS 0x00000000e8900000| PB 0x00000000e8900000| Untracked |  0
| 138|0x00000000e8a00000, 0x00000000e8a00000, 0x00000000e8b00000|  0%| F|  |TAMS 0x00000000e8a00000| PB 0x00000000e8a00000| Untracked |  0
| 139|0x00000000e8b00000, 0x00000000e8b00000, 0x00000000e8c00000|  0%| F|  |TAMS 0x00000000e8b00000| PB 0x00000000e8b00000| Untracked |  0
| 140|0x00000000e8c00000, 0x00000000e8c00000, 0x00000000e8d00000|  0%| F|  |TAMS 0x00000000e8c00000| PB 0x00000000e8c00000| Untracked |  0
| 141|0x00000000e8d00000, 0x00000000e8d00000, 0x00000000e8e00000|  0%| F|  |TAMS 0x00000000e8d00000| PB 0x00000000e8d00000| Untracked |  0
| 142|0x00000000e8e00000, 0x00000000e8e00000, 0x00000000e8f00000|  0%| F|  |TAMS 0x00000000e8e00000| PB 0x00000000e8e00000| Untracked |  0
| 143|0x00000000e8f00000, 0x00000000e8f00000, 0x00000000e9000000|  0%| F|  |TAMS 0x00000000e8f00000| PB 0x00000000e8f00000| Untracked |  0
| 144|0x00000000e9000000, 0x00000000e9000000, 0x00000000e9100000|  0%| F|  |TAMS 0x00000000e9000000| PB 0x00000000e9000000| Untracked |  0
| 145|0x00000000e9100000, 0x00000000e9100000, 0x00000000e9200000|  0%| F|  |TAMS 0x00000000e9100000| PB 0x00000000e9100000| Untracked |  0
| 146|0x00000000e9200000, 0x00000000e9200000, 0x00000000e9300000|  0%| F|  |TAMS 0x00000000e9200000| PB 0x00000000e9200000| Untracked |  0
| 147|0x00000000e9300000, 0x00000000e9300000, 0x00000000e9400000|  0%| F|  |TAMS 0x00000000e9300000| PB 0x00000000e9300000| Untracked |  0
| 148|0x00000000e9400000, 0x00000000e9400000, 0x00000000e9500000|  0%| F|  |TAMS 0x00000000e9400000| PB 0x00000000e9400000| Untracked |  0
| 149|0x00000000e9500000, 0x00000000e9500000, 0x00000000e9600000|  0%| F|  |TAMS 0x00000000e9500000| PB 0x00000000e9500000| Untracked |  0
| 150|0x00000000e9600000, 0x00000000e9600000, 0x00000000e9700000|  0%| F|  |TAMS 0x00000000e9600000| PB 0x00000000e9600000| Untracked |  0
| 151|0x00000000e9700000, 0x00000000e9700000, 0x00000000e9800000|  0%| F|  |TAMS 0x00000000e9700000| PB 0x00000000e9700000| Untracked |  0
| 152|0x00000000e9800000, 0x00000000e9800000, 0x00000000e9900000|  0%| F|  |TAMS 0x00000000e9800000| PB 0x00000000e9800000| Untracked |  0
| 153|0x00000000e9900000, 0x00000000e9900000, 0x00000000e9a00000|  0%| F|  |TAMS 0x00000000e9900000| PB 0x00000000e9900000| Untracked |  0
| 154|0x00000000e9a00000, 0x00000000e9a00000, 0x00000000e9b00000|  0%| F|  |TAMS 0x00000000e9a00000| PB 0x00000000e9a00000| Untracked |  0
| 155|0x00000000e9b00000, 0x00000000e9b00000, 0x00000000e9c00000|  0%| F|  |TAMS 0x00000000e9b00000| PB 0x00000000e9b00000| Untracked |  0
| 156|0x00000000e9c00000, 0x00000000e9c00000, 0x00000000e9d00000|  0%| F|  |TAMS 0x00000000e9c00000| PB 0x00000000e9c00000| Untracked |  0
| 157|0x00000000e9d00000, 0x00000000e9d00000, 0x00000000e9e00000|  0%| F|  |TAMS 0x00000000e9d00000| PB 0x00000000e9d00000| Untracked |  0
| 158|0x00000000e9e00000, 0x00000000e9e00000, 0x00000000e9f00000|  0%| F|  |TAMS 0x00000000e9e00000| PB 0x00000000e9e00000| Untracked |  0
| 159|0x00000000e9f00000, 0x00000000e9f00000, 0x00000000ea000000|  0%| F|  |TAMS 0x00000000e9f00000| PB 0x00000000e9f00000| Untracked |  0
| 160|0x00000000ea000000, 0x00000000ea000000, 0x00000000ea100000|  0%| F|  |TAMS 0x00000000ea000000| PB 0x00000000ea000000| Untracked |  0
| 161|0x00000000ea100000, 0x00000000ea100000, 0x00000000ea200000|  0%| F|  |TAMS 0x00000000ea100000| PB 0x00000000ea100000| Untracked |  0
| 162|0x00000000ea200000, 0x00000000ea200000, 0x00000000ea300000|  0%| F|  |TAMS 0x00000000ea200000| PB 0x00000000ea200000| Untracked |  0
| 163|0x00000000ea300000, 0x00000000ea300000, 0x00000000ea400000|  0%| F|  |TAMS 0x00000000ea300000| PB 0x00000000ea300000| Untracked |  0
| 164|0x00000000ea400000, 0x00000000ea400000, 0x00000000ea500000|  0%| F|  |TAMS 0x00000000ea400000| PB 0x00000000ea400000| Untracked |  0
| 165|0x00000000ea500000, 0x00000000ea500000, 0x00000000ea600000|  0%| F|  |TAMS 0x00000000ea500000| PB 0x00000000ea500000| Untracked |  0
| 166|0x00000000ea600000, 0x00000000ea600000, 0x00000000ea700000|  0%| F|  |TAMS 0x00000000ea600000| PB 0x00000000ea600000| Untracked |  0
| 167|0x00000000ea700000, 0x00000000ea700000, 0x00000000ea800000|  0%| F|  |TAMS 0x00000000ea700000| PB 0x00000000ea700000| Untracked |  0
| 168|0x00000000ea800000, 0x00000000ea800000, 0x00000000ea900000|  0%| F|  |TAMS 0x00000000ea800000| PB 0x00000000ea800000| Untracked |  0
| 169|0x00000000ea900000, 0x00000000ea900000, 0x00000000eaa00000|  0%| F|  |TAMS 0x00000000ea900000| PB 0x00000000ea900000| Untracked |  0
| 170|0x00000000eaa00000, 0x00000000eaa00000, 0x00000000eab00000|  0%| F|  |TAMS 0x00000000eaa00000| PB 0x00000000eaa00000| Untracked |  0
| 171|0x00000000eab00000, 0x00000000eab00000, 0x00000000eac00000|  0%| F|  |TAMS 0x00000000eab00000| PB 0x00000000eab00000| Untracked |  0
| 172|0x00000000eac00000, 0x00000000eac00000, 0x00000000ead00000|  0%| F|  |TAMS 0x00000000eac00000| PB 0x00000000eac00000| Untracked |  0
| 173|0x00000000ead00000, 0x00000000ead00000, 0x00000000eae00000|  0%| F|  |TAMS 0x00000000ead00000| PB 0x00000000ead00000| Untracked |  0
| 174|0x00000000eae00000, 0x00000000eaf00000, 0x00000000eaf00000|100%| E|  |TAMS 0x00000000eae00000| PB 0x00000000eae00000| Complete |  0
| 175|0x00000000eaf00000, 0x00000000eb000000, 0x00000000eb000000|100%| E|CS|TAMS 0x00000000eaf00000| PB 0x00000000eaf00000| Complete |  0
| 176|0x00000000eb000000, 0x00000000eb100000, 0x00000000eb100000|100%| E|CS|TAMS 0x00000000eb000000| PB 0x00000000eb000000| Complete |  0
| 177|0x00000000eb100000, 0x00000000eb200000, 0x00000000eb200000|100%| E|CS|TAMS 0x00000000eb100000| PB 0x00000000eb100000| Complete |  0
| 178|0x00000000eb200000, 0x00000000eb300000, 0x00000000eb300000|100%| E|CS|TAMS 0x00000000eb200000| PB 0x00000000eb200000| Complete |  0
| 179|0x00000000eb300000, 0x00000000eb400000, 0x00000000eb400000|100%| E|CS|TAMS 0x00000000eb300000| PB 0x00000000eb300000| Complete |  0
| 180|0x00000000eb400000, 0x00000000eb500000, 0x00000000eb500000|100%| E|CS|TAMS 0x00000000eb400000| PB 0x00000000eb400000| Complete |  0
| 181|0x00000000eb500000, 0x00000000eb600000, 0x00000000eb600000|100%| E|CS|TAMS 0x00000000eb500000| PB 0x00000000eb500000| Complete |  0
| 182|0x00000000eb600000, 0x00000000eb700000, 0x00000000eb700000|100%| E|CS|TAMS 0x00000000eb600000| PB 0x00000000eb600000| Complete |  0
| 183|0x00000000eb700000, 0x00000000eb800000, 0x00000000eb800000|100%| E|CS|TAMS 0x00000000eb700000| PB 0x00000000eb700000| Complete |  0
| 184|0x00000000eb800000, 0x00000000eb900000, 0x00000000eb900000|100%| E|CS|TAMS 0x00000000eb800000| PB 0x00000000eb800000| Complete |  0
| 185|0x00000000eb900000, 0x00000000eba00000, 0x00000000eba00000|100%| E|CS|TAMS 0x00000000eb900000| PB 0x00000000eb900000| Complete |  0
| 186|0x00000000eba00000, 0x00000000ebb00000, 0x00000000ebb00000|100%| E|CS|TAMS 0x00000000eba00000| PB 0x00000000eba00000| Complete |  0
| 187|0x00000000ebb00000, 0x00000000ebc00000, 0x00000000ebc00000|100%| E|CS|TAMS 0x00000000ebb00000| PB 0x00000000ebb00000| Complete |  0
| 188|0x00000000ebc00000, 0x00000000ebd00000, 0x00000000ebd00000|100%| E|CS|TAMS 0x00000000ebc00000| PB 0x00000000ebc00000| Complete |  0
| 189|0x00000000ebd00000, 0x00000000ebe00000, 0x00000000ebe00000|100%| E|CS|TAMS 0x00000000ebd00000| PB 0x00000000ebd00000| Complete |  0
| 190|0x00000000ebe00000, 0x00000000ebf00000, 0x00000000ebf00000|100%| E|CS|TAMS 0x00000000ebe00000| PB 0x00000000ebe00000| Complete |  0
| 191|0x00000000ebf00000, 0x00000000ec000000, 0x00000000ec000000|100%| E|CS|TAMS 0x00000000ebf00000| PB 0x00000000ebf00000| Complete |  0
| 192|0x00000000ec000000, 0x00000000ec100000, 0x00000000ec100000|100%| E|CS|TAMS 0x00000000ec000000| PB 0x00000000ec000000| Complete |  0
| 193|0x00000000ec100000, 0x00000000ec200000, 0x00000000ec200000|100%| E|CS|TAMS 0x00000000ec100000| PB 0x00000000ec100000| Complete |  0
| 194|0x00000000ec200000, 0x00000000ec300000, 0x00000000ec300000|100%| E|CS|TAMS 0x00000000ec200000| PB 0x00000000ec200000| Complete |  0
| 195|0x00000000ec300000, 0x00000000ec400000, 0x00000000ec400000|100%| E|CS|TAMS 0x00000000ec300000| PB 0x00000000ec300000| Complete |  0
| 196|0x00000000ec400000, 0x00000000ec500000, 0x00000000ec500000|100%| E|CS|TAMS 0x00000000ec400000| PB 0x00000000ec400000| Complete |  0
| 197|0x00000000ec500000, 0x00000000ec600000, 0x00000000ec600000|100%| E|CS|TAMS 0x00000000ec500000| PB 0x00000000ec500000| Complete |  0
| 198|0x00000000ec600000, 0x00000000ec700000, 0x00000000ec700000|100%| E|CS|TAMS 0x00000000ec600000| PB 0x00000000ec600000| Complete |  0
| 199|0x00000000ec700000, 0x00000000ec800000, 0x00000000ec800000|100%| E|CS|TAMS 0x00000000ec700000| PB 0x00000000ec700000| Complete |  0
| 200|0x00000000ec800000, 0x00000000ec900000, 0x00000000ec900000|100%| E|CS|TAMS 0x00000000ec800000| PB 0x00000000ec800000| Complete |  0
| 201|0x00000000ec900000, 0x00000000eca00000, 0x00000000eca00000|100%| E|CS|TAMS 0x00000000ec900000| PB 0x00000000ec900000| Complete |  0
| 202|0x00000000eca00000, 0x00000000ecb00000, 0x00000000ecb00000|100%| E|CS|TAMS 0x00000000eca00000| PB 0x00000000eca00000| Complete |  0
| 203|0x00000000ecb00000, 0x00000000ecc00000, 0x00000000ecc00000|100%| S|CS|TAMS 0x00000000ecb00000| PB 0x00000000ecb00000| Complete |  0
| 204|0x00000000ecc00000, 0x00000000ecd00000, 0x00000000ecd00000|100%| S|CS|TAMS 0x00000000ecc00000| PB 0x00000000ecc00000| Complete |  0
| 205|0x00000000ecd00000, 0x00000000ece00000, 0x00000000ece00000|100%| S|CS|TAMS 0x00000000ecd00000| PB 0x00000000ecd00000| Complete |  0
| 206|0x00000000ece00000, 0x00000000ecf00000, 0x00000000ecf00000|100%| S|CS|TAMS 0x00000000ece00000| PB 0x00000000ece00000| Complete |  0
| 207|0x00000000ecf00000, 0x00000000ed000000, 0x00000000ed000000|100%| S|CS|TAMS 0x00000000ecf00000| PB 0x00000000ecf00000| Complete |  0
| 208|0x00000000ed000000, 0x00000000ed100000, 0x00000000ed100000|100%| S|CS|TAMS 0x00000000ed000000| PB 0x00000000ed000000| Complete |  0
| 209|0x00000000ed100000, 0x00000000ed200000, 0x00000000ed200000|100%| E|CS|TAMS 0x00000000ed100000| PB 0x00000000ed100000| Complete |  0
| 210|0x00000000ed200000, 0x00000000ed300000, 0x00000000ed300000|100%| E|CS|TAMS 0x00000000ed200000| PB 0x00000000ed200000| Complete |  0
| 211|0x00000000ed300000, 0x00000000ed400000, 0x00000000ed400000|100%| E|CS|TAMS 0x00000000ed300000| PB 0x00000000ed300000| Complete |  0
| 212|0x00000000ed400000, 0x00000000ed500000, 0x00000000ed500000|100%| E|CS|TAMS 0x00000000ed400000| PB 0x00000000ed400000| Complete |  0
| 213|0x00000000ed500000, 0x00000000ed600000, 0x00000000ed600000|100%| E|CS|TAMS 0x00000000ed500000| PB 0x00000000ed500000| Complete |  0
| 214|0x00000000ed600000, 0x00000000ed700000, 0x00000000ed700000|100%| E|CS|TAMS 0x00000000ed600000| PB 0x00000000ed600000| Complete |  0
| 215|0x00000000ed700000, 0x00000000ed800000, 0x00000000ed800000|100%| E|CS|TAMS 0x00000000ed700000| PB 0x00000000ed700000| Complete |  0
| 216|0x00000000ed800000, 0x00000000ed900000, 0x00000000ed900000|100%| E|CS|TAMS 0x00000000ed800000| PB 0x00000000ed800000| Complete |  0
| 217|0x00000000ed900000, 0x00000000eda00000, 0x00000000eda00000|100%| E|CS|TAMS 0x00000000ed900000| PB 0x00000000ed900000| Complete |  0
| 218|0x00000000eda00000, 0x00000000edb00000, 0x00000000edb00000|100%| E|CS|TAMS 0x00000000eda00000| PB 0x00000000eda00000| Complete |  0
| 219|0x00000000edb00000, 0x00000000edc00000, 0x00000000edc00000|100%| E|CS|TAMS 0x00000000edb00000| PB 0x00000000edb00000| Complete |  0
| 220|0x00000000edc00000, 0x00000000edd00000, 0x00000000edd00000|100%| E|CS|TAMS 0x00000000edc00000| PB 0x00000000edc00000| Complete |  0
| 221|0x00000000edd00000, 0x00000000ede00000, 0x00000000ede00000|100%| E|CS|TAMS 0x00000000edd00000| PB 0x00000000edd00000| Complete |  0
| 222|0x00000000ede00000, 0x00000000edf00000, 0x00000000edf00000|100%| E|CS|TAMS 0x00000000ede00000| PB 0x00000000ede00000| Complete |  0
| 223|0x00000000edf00000, 0x00000000ee000000, 0x00000000ee000000|100%| E|CS|TAMS 0x00000000edf00000| PB 0x00000000edf00000| Complete |  0
| 224|0x00000000ee000000, 0x00000000ee100000, 0x00000000ee100000|100%| E|CS|TAMS 0x00000000ee000000| PB 0x00000000ee000000| Complete |  0
| 225|0x00000000ee100000, 0x00000000ee200000, 0x00000000ee200000|100%| E|CS|TAMS 0x00000000ee100000| PB 0x00000000ee100000| Complete |  0
| 226|0x00000000ee200000, 0x00000000ee300000, 0x00000000ee300000|100%| E|CS|TAMS 0x00000000ee200000| PB 0x00000000ee200000| Complete |  0
| 227|0x00000000ee300000, 0x00000000ee400000, 0x00000000ee400000|100%| E|CS|TAMS 0x00000000ee300000| PB 0x00000000ee300000| Complete |  0
| 228|0x00000000ee400000, 0x00000000ee500000, 0x00000000ee500000|100%| E|CS|TAMS 0x00000000ee400000| PB 0x00000000ee400000| Complete |  0
| 229|0x00000000ee500000, 0x00000000ee600000, 0x00000000ee600000|100%| E|CS|TAMS 0x00000000ee500000| PB 0x00000000ee500000| Complete |  0
| 230|0x00000000ee600000, 0x00000000ee700000, 0x00000000ee700000|100%| E|CS|TAMS 0x00000000ee600000| PB 0x00000000ee600000| Complete |  0
| 231|0x00000000ee700000, 0x00000000ee800000, 0x00000000ee800000|100%| E|CS|TAMS 0x00000000ee700000| PB 0x00000000ee700000| Complete |  0
| 232|0x00000000ee800000, 0x00000000ee900000, 0x00000000ee900000|100%| E|CS|TAMS 0x00000000ee800000| PB 0x00000000ee800000| Complete |  0
| 233|0x00000000ee900000, 0x00000000eea00000, 0x00000000eea00000|100%| E|CS|TAMS 0x00000000ee900000| PB 0x00000000ee900000| Complete |  0
| 234|0x00000000eea00000, 0x00000000eeb00000, 0x00000000eeb00000|100%| E|CS|TAMS 0x00000000eea00000| PB 0x00000000eea00000| Complete |  0
| 235|0x00000000eeb00000, 0x00000000eec00000, 0x00000000eec00000|100%| E|CS|TAMS 0x00000000eeb00000| PB 0x00000000eeb00000| Complete |  0
| 236|0x00000000eec00000, 0x00000000eed00000, 0x00000000eed00000|100%| E|CS|TAMS 0x00000000eec00000| PB 0x00000000eec00000| Complete |  0
| 237|0x00000000eed00000, 0x00000000eee00000, 0x00000000eee00000|100%| E|CS|TAMS 0x00000000eed00000| PB 0x00000000eed00000| Complete |  0
| 238|0x00000000eee00000, 0x00000000eef00000, 0x00000000eef00000|100%| E|CS|TAMS 0x00000000eee00000| PB 0x00000000eee00000| Complete |  0
| 239|0x00000000eef00000, 0x00000000ef000000, 0x00000000ef000000|100%| E|CS|TAMS 0x00000000eef00000| PB 0x00000000eef00000| Complete |  0
| 240|0x00000000ef000000, 0x00000000ef100000, 0x00000000ef100000|100%| E|CS|TAMS 0x00000000ef000000| PB 0x00000000ef000000| Complete |  0
| 241|0x00000000ef100000, 0x00000000ef200000, 0x00000000ef200000|100%| E|CS|TAMS 0x00000000ef100000| PB 0x00000000ef100000| Complete |  0
| 242|0x00000000ef200000, 0x00000000ef300000, 0x00000000ef300000|100%| E|CS|TAMS 0x00000000ef200000| PB 0x00000000ef200000| Complete |  0
| 243|0x00000000ef300000, 0x00000000ef400000, 0x00000000ef400000|100%| E|CS|TAMS 0x00000000ef300000| PB 0x00000000ef300000| Complete |  0
| 244|0x00000000ef400000, 0x00000000ef500000, 0x00000000ef500000|100%| E|CS|TAMS 0x00000000ef400000| PB 0x00000000ef400000| Complete |  0
| 245|0x00000000ef500000, 0x00000000ef600000, 0x00000000ef600000|100%| E|CS|TAMS 0x00000000ef500000| PB 0x00000000ef500000| Complete |  0
| 246|0x00000000ef600000, 0x00000000ef700000, 0x00000000ef700000|100%| E|CS|TAMS 0x00000000ef600000| PB 0x00000000ef600000| Complete |  0
| 247|0x00000000ef700000, 0x00000000ef800000, 0x00000000ef800000|100%| E|CS|TAMS 0x00000000ef700000| PB 0x00000000ef700000| Complete |  0
| 248|0x00000000ef800000, 0x00000000ef900000, 0x00000000ef900000|100%| E|CS|TAMS 0x00000000ef800000| PB 0x00000000ef800000| Complete |  0
| 249|0x00000000ef900000, 0x00000000efa00000, 0x00000000efa00000|100%| E|CS|TAMS 0x00000000ef900000| PB 0x00000000ef900000| Complete |  0
| 250|0x00000000efa00000, 0x00000000efb00000, 0x00000000efb00000|100%| E|CS|TAMS 0x00000000efa00000| PB 0x00000000efa00000| Complete |  0
| 251|0x00000000efb00000, 0x00000000efc00000, 0x00000000efc00000|100%| E|CS|TAMS 0x00000000efb00000| PB 0x00000000efb00000| Complete |  0
| 252|0x00000000efc00000, 0x00000000efd00000, 0x00000000efd00000|100%| E|CS|TAMS 0x00000000efc00000| PB 0x00000000efc00000| Complete |  0
| 253|0x00000000efd00000, 0x00000000efe00000, 0x00000000efe00000|100%| E|CS|TAMS 0x00000000efd00000| PB 0x00000000efd00000| Complete |  0
| 254|0x00000000efe00000, 0x00000000eff00000, 0x00000000eff00000|100%| E|CS|TAMS 0x00000000efe00000| PB 0x00000000efe00000| Complete |  0
| 255|0x00000000eff00000, 0x00000000f0000000, 0x00000000f0000000|100%| E|CS|TAMS 0x00000000eff00000| PB 0x00000000eff00000| Complete |  0
| 510|0x00000000ffe00000, 0x00000000fff00000, 0x00000000fff00000|100%| O|  |TAMS 0x00000000ffe00000| PB 0x00000000ffe00000| Untracked |  0
| 511|0x00000000fff00000, 0x00000000fff32f20, 0x0000000100000000| 19%| O|  |TAMS 0x00000000fff00000| PB 0x00000000fff00000| Untracked |  0

Card table byte_map: [0x00000210fa420000,0x00000210fa520000] _byte_map_base: 0x00000210f9d20000

Marking Bits: (CMBitMap*) 0x00000210eff23510
 Bits: [0x00000210fa520000, 0x00000210fad20000)

Polling page: 0x00000210edd20000

Metaspace:
Metaspace        used 15794K, committed 16256K, reserved 393216K
 class space     used 1579K, committed 1792K, reserved 327680K

Usage:
  Non-class:     13.88 MB used.
      Class:      1.54 MB used.
       Both:     15.42 MB used.

Virtual space:
  Non-class space:       64.00 MB reserved,      14.12 MB ( 22%) committed,  1 nodes.
      Class space:      320.00 MB reserved,       1.75 MB ( <1%) committed,  1 nodes.
             Both:      384.00 MB reserved,      15.88 MB (  4%) committed. 

Chunk freelists:
   Non-Class:  1.59 MB
       Class:  14.13 MB
        Both:  15.73 MB

MaxMetaspaceSize: 384.00 MB
CompressedClassSpaceSize: 320.00 MB
Initial GC threshold: 21.00 MB
Current GC threshold: 21.00 MB
CDS: on
 - commit_granule_bytes: 65536.
 - commit_granule_words: 8192.
 - virtual_space_node_default_size: 8388608.
 - enlarge_chunks_in_place: 1.
UseCompressedClassPointers 1, UseCompactObjectHeaders 0
Narrow klass pointer bits 32, Max shift 3
Narrow klass base: 0x0000000080000000, Narrow klass shift: 0
Encoding Range: [0x0000000080000000 - 0x0000000180000000), (4294967296 bytes)
Klass Range:    [0x0000000080010000 - 0x0000000095000000), (352256000 bytes)
Klass ID Range:  [65536 - 352321529) (352255993)
Protection zone: [0x0000000080000000 - 0x0000000080010000), (65536 bytes)


Internal statistics:

num_allocs_failed_limit: 0.
num_arena_births: 494.
num_arena_deaths: 0.
num_vsnodes_births: 2.
num_vsnodes_deaths: 0.
num_space_committed: 254.
num_space_uncommitted: 0.
num_chunks_returned_to_freelist: 0.
num_chunks_taken_from_freelist: 1002.
num_chunk_merges: 0.
num_chunk_splits: 662.
num_chunks_enlarged: 478.
num_inconsistent_stats: 0.

CodeHeap 'non-profiled nmethods': size=120064Kb used=990Kb max_used=990Kb free=119073Kb
 bounds [0x0000021087ac0000, 0x0000021087d30000, 0x000002108f000000]
CodeHeap 'profiled nmethods': size=120000Kb used=5039Kb max_used=5039Kb free=114960Kb
 bounds [0x0000021080000000, 0x00000210804f0000, 0x0000021087530000]
CodeHeap 'non-nmethods': size=5696Kb used=1474Kb max_used=1491Kb free=4221Kb
 bounds [0x0000021087530000, 0x00000210877a0000, 0x0000021087ac0000]
CodeCache: size=245760Kb, used=7503Kb, max_used=7520Kb, free=238254Kb
 total_blobs=3776, nmethods=3175, adapters=502, full_count=0
Compilation: enabled, stopped_count=0, restarted_count=0

Compilation events (20 events):
Event: 1.882 Thread 0x00000210fd6ee250 3091       3       org.gradle.internal.service.DefaultServiceRegistry$OwnServices::getProviders (28 bytes)
Event: 1.883 Thread 0x00000210fd6ee250 nmethod 3091 0x00000210804c6d88 code [0x00000210804c6e80, 0x00000210804c7308]
Event: 1.883 Thread 0x00000210fd6ee250 3092       3       org.gradle.internal.collect.PersistentMapTrie::getOrDefault (16 bytes)
Event: 1.883 Thread 0x00000210fd6ee250 nmethod 3092 0x00000210804c7388 code [0x00000210804c7480, 0x00000210804c76d8]
Event: 1.883 Thread 0x00000210fd6ee250 3094       3       org.gradle.internal.service.DefaultServiceRegistry$OwnServices::getService (317 bytes)
Event: 1.886 Thread 0x00000210fd6ee250 nmethod 3094 0x00000210804c7708 code [0x00000210804c7800, 0x00000210804ca640]
Event: 1.886 Thread 0x00000210fd6ee250 3096       3       java.util.ArrayList::contains (14 bytes)
Event: 1.886 Thread 0x00000210fd6ee250 nmethod 3096 0x00000210804ca688 code [0x00000210804ca780, 0x00000210804ca998]
Event: 1.886 Thread 0x00000210fd6ee250 3097       3       java.util.ArrayList::indexOf (11 bytes)
Event: 1.887 Thread 0x00000210fd6ee250 nmethod 3097 0x00000210804caa08 code [0x00000210804cab00, 0x00000210804cac58]
Event: 1.887 Thread 0x00000210fd6ee250 3088   !   3       java.lang.invoke.MethodHandleNatives::linkMethodHandleConstant (50 bytes)
Event: 1.887 Thread 0x00000210fd6ee250 nmethod 3088 0x00000210804cad08 code [0x00000210804cae00, 0x00000210804cb0f8]
Event: 1.887 Thread 0x00000210fd6ee250 3089       3       java.lang.invoke.MethodHandles$Lookup::linkMethodHandleConstant (227 bytes)
Event: 1.889 Thread 0x00000210fd6ee250 nmethod 3089 0x00000210804cb108 code [0x00000210804cb200, 0x00000210804ccf60]
Event: 1.889 Thread 0x00000210fd6ee250 3098       3       java.util.regex.Matcher::<init> (88 bytes)
Event: 1.889 Thread 0x00000210fd6ee250 nmethod 3098 0x00000210804ccf88 code [0x00000210804cd080, 0x00000210804cd650]
Event: 1.902 Thread 0x00000210fd6ee250 3102       3       java.lang.Package$VersionInfo::<init> (44 bytes)
Event: 1.902 Thread 0x00000210fd6ee250 nmethod 3102 0x00000210804cd688 code [0x00000210804cd780, 0x00000210804cdb78]
Event: 1.912 Thread 0x00000210fd6ee250 3103       3       java.lang.invoke.LambdaFormEditor::bindArgumentL (59 bytes)
Event: 1.913 Thread 0x00000210fd6ee250 nmethod 3103 0x00000210804cdb88 code [0x00000210804cdc80, 0x00000210804cdf28]

GC Heap Usage History (2 events):
Event: 0.809 {heap Before GC invocations=0 (full 0):
 garbage-first heap   total reserved 524288K, committed 264192K, used 55499K [0x00000000e0000000, 0x0000000100000000)
  region size 1024K, 47 young (48128K), 0 survivors (0K)
}
Event: 0.815 {heap After GC invocations=1 (full 0):
 garbage-first heap   total reserved 524288K, committed 264192K, used 15221K [0x00000000e0000000, 0x0000000100000000)
  region size 1024K, 6 young (6144K), 6 survivors (6144K)
}

Metaspace Usage History (2 events):
Event: 0.809 {metaspace Before GC invocations=0 (full 0):
 Metaspace       used 4652K, committed 4800K, reserved 393216K
  class space    used 398K, committed 448K, reserved 327680K
}
Event: 0.815 {metaspace After GC invocations=1 (full 0):
 Metaspace       used 4652K, committed 4800K, reserved 393216K
  class space    used 398K, committed 448K, reserved 327680K
}

Dll operation events (14 events):
Event: 0.012 Loaded shared library C:\Users\user\Downloads\Compressed\bellsoft-jdk25+37-windows-amd64-full\jdk-25-full\bin\java.dll
Event: 0.095 Loaded shared library C:\Users\user\Downloads\Compressed\bellsoft-jdk25+37-windows-amd64-full\jdk-25-full\bin\zip.dll
Event: 0.099 Loaded shared library C:\Users\user\Downloads\Compressed\bellsoft-jdk25+37-windows-amd64-full\jdk-25-full\bin\instrument.dll
Event: 0.103 Loaded shared library C:\Users\user\Downloads\Compressed\bellsoft-jdk25+37-windows-amd64-full\jdk-25-full\bin\net.dll
Event: 0.106 Loaded shared library C:\Users\user\Downloads\Compressed\bellsoft-jdk25+37-windows-amd64-full\jdk-25-full\bin\nio.dll
Event: 0.108 Loaded shared library C:\Users\user\Downloads\Compressed\bellsoft-jdk25+37-windows-amd64-full\jdk-25-full\bin\zip.dll
Event: 0.247 Loaded shared library C:\Users\user\Downloads\Compressed\bellsoft-jdk25+37-windows-amd64-full\jdk-25-full\bin\jimage.dll
Event: 0.413 Loaded shared library C:\Users\user\Downloads\Compressed\bellsoft-jdk25+37-windows-amd64-full\jdk-25-full\bin\verify.dll
Event: 0.441 Loaded shared library C:\Users\user\.gradle\native\660c5614fbf4a5f2a75b1949f50a0caf5cd603558e7d8a26e50b933a0cfb79d1\windows-amd64\native-platform.dll
Event: 0.454 Loaded shared library C:\Users\user\.gradle\native\0.2.8\x86_64-windows-gnu\gradle-fileevents.dll
Event: 1.108 Loaded shared library C:\Users\user\Downloads\Compressed\bellsoft-jdk25+37-windows-amd64-full\jdk-25-full\bin\management.dll
Event: 1.110 Loaded shared library C:\Users\user\Downloads\Compressed\bellsoft-jdk25+37-windows-amd64-full\jdk-25-full\bin\management_ext.dll
Event: 1.253 Loaded shared library C:\Users\user\Downloads\Compressed\bellsoft-jdk25+37-windows-amd64-full\jdk-25-full\bin\extnet.dll
Event: 1.427 Loaded shared library C:\Users\user\Downloads\Compressed\bellsoft-jdk25+37-windows-amd64-full\jdk-25-full\bin\sunmscapi.dll

Deoptimization events (20 events):
Event: 1.641 Thread 0x00000210938f5b00 Uncommon trap: trap_request=0xffffffcc fr.pc=0x0000021087ba1dbc relative=0x00000000000003bc
Event: 1.641 Thread 0x00000210938f5b00 Uncommon trap: reason=intrinsic_or_type_checked_inlining action=make_not_entrant pc=0x0000021087ba1dbc method=java.util.Arrays.copyOf([Ljava/lang/Object;ILjava/lang/Class;)[Ljava/lang/Object; @ 35 c2
Event: 1.641 Thread 0x00000210938f5b00 DEOPT PACKING pc=0x0000021087ba1dbc sp=0x000000d03a6fc630
Event: 1.641 Thread 0x00000210938f5b00 DEOPT UNPACKING pc=0x000002108764e602 sp=0x000000d03a6fc5d8 mode 2
Event: 1.884 Thread 0x00000210938f5b00 Uncommon trap: trap_request=0xffffffde fr.pc=0x0000021087b53094 relative=0x0000000000000314
Event: 1.884 Thread 0x00000210938f5b00 Uncommon trap: reason=class_check action=maybe_recompile pc=0x0000021087b53094 method=java.util.regex.Pattern$BmpCharPropertyGreedy.match(Ljava/util/regex/Matcher;ILjava/lang/CharSequence;)Z @ 26 c2
Event: 1.884 Thread 0x00000210938f5b00 DEOPT PACKING pc=0x0000021087b53094 sp=0x000000d03a6fc340
Event: 1.884 Thread 0x00000210938f5b00 DEOPT UNPACKING pc=0x000002108764e602 sp=0x000000d03a6fc2f8 mode 2
Event: 1.884 Thread 0x00000210938f5b00 Uncommon trap: trap_request=0xffffffde fr.pc=0x0000021087b53094 relative=0x0000000000000314
Event: 1.884 Thread 0x00000210938f5b00 Uncommon trap: reason=class_check action=maybe_recompile pc=0x0000021087b53094 method=java.util.regex.Pattern$BmpCharPropertyGreedy.match(Ljava/util/regex/Matcher;ILjava/lang/CharSequence;)Z @ 26 c2
Event: 1.884 Thread 0x00000210938f5b00 DEOPT PACKING pc=0x0000021087b53094 sp=0x000000d03a6fc2b0
Event: 1.884 Thread 0x00000210938f5b00 DEOPT UNPACKING pc=0x000002108764e602 sp=0x000000d03a6fc268 mode 2
Event: 1.914 Thread 0x00000210938f5b00 Uncommon trap: trap_request=0xffffffde fr.pc=0x0000021087b53094 relative=0x0000000000000314
Event: 1.914 Thread 0x00000210938f5b00 Uncommon trap: reason=class_check action=maybe_recompile pc=0x0000021087b53094 method=java.util.regex.Pattern$BmpCharPropertyGreedy.match(Ljava/util/regex/Matcher;ILjava/lang/CharSequence;)Z @ 26 c2
Event: 1.914 Thread 0x00000210938f5b00 DEOPT PACKING pc=0x0000021087b53094 sp=0x000000d03a6fbf10
Event: 1.914 Thread 0x00000210938f5b00 DEOPT UNPACKING pc=0x000002108764e602 sp=0x000000d03a6fbec8 mode 2
Event: 1.914 Thread 0x00000210938f5b00 Uncommon trap: trap_request=0xffffffde fr.pc=0x0000021087b53094 relative=0x0000000000000314
Event: 1.914 Thread 0x00000210938f5b00 Uncommon trap: reason=class_check action=maybe_recompile pc=0x0000021087b53094 method=java.util.regex.Pattern$BmpCharPropertyGreedy.match(Ljava/util/regex/Matcher;ILjava/lang/CharSequence;)Z @ 26 c2
Event: 1.914 Thread 0x00000210938f5b00 DEOPT PACKING pc=0x0000021087b53094 sp=0x000000d03a6fbe80
Event: 1.914 Thread 0x00000210938f5b00 DEOPT UNPACKING pc=0x000002108764e602 sp=0x000000d03a6fbe38 mode 2

Classes loaded (20 events):
Event: 1.616 Loading class sun/reflect/generics/reflectiveObjects/WildcardTypeImpl
Event: 1.616 Loading class sun/reflect/generics/reflectiveObjects/WildcardTypeImpl done
Event: 1.620 Loading class jdk/internal/vm/annotation/IntrinsicCandidate
Event: 1.620 Loading class jdk/internal/vm/annotation/IntrinsicCandidate done
Event: 1.634 Loading class java/lang/TypeNotPresentException
Event: 1.635 Loading class java/lang/TypeNotPresentException done
Event: 1.667 Loading class java/util/ConcurrentModificationException
Event: 1.668 Loading class java/util/ConcurrentModificationException done
Event: 1.701 Loading class sun/reflect/generics/scope/ConstructorScope
Event: 1.701 Loading class sun/reflect/generics/scope/ConstructorScope done
Event: 1.858 Loading class java/util/Vector
Event: 1.859 Loading class java/util/Vector done
Event: 1.864 Loading class java/nio/file/attribute/PosixFilePermission
Event: 1.865 Loading class java/nio/file/attribute/PosixFilePermission done
Event: 1.867 Loading class java/nio/file/attribute/PosixFilePermissions
Event: 1.868 Loading class java/nio/file/attribute/PosixFilePermissions done
Event: 1.868 Loading class java/util/RegularEnumSet$EnumSetIterator
Event: 1.869 Loading class java/util/RegularEnumSet$EnumSetIterator done
Event: 1.869 Loading class java/nio/file/attribute/PosixFilePermissions$1
Event: 1.869 Loading class java/nio/file/attribute/PosixFilePermissions$1 done

Classes unloaded (0 events):
No events

Classes redefined (0 events):
No events

Internal exceptions (20 events):
Event: 1.304 Thread 0x00000210efef61d0 Exception <a 'java/lang/NoSuchMethodError'{0x00000000edc21268}: 'java.lang.Object java.lang.invoke.DirectMethodHandle$Holder.invokeStaticInit(java.lang.Object, int, int, int, int)'> (0x00000000edc21268) 
thrown [s\src\hotspot\share\interpreter\linkResolver.cpp, line 804]
Event: 1.327 Thread 0x00000210efef61d0 Exception <a 'java/lang/NoSuchMethodError'{0x00000000edcffd10}: 'java.lang.Object java.lang.invoke.DirectMethodHandle$Holder.invokeStaticInit(java.lang.Object, java.lang.Object, int, int, int, int)'> (0x00000000edcffd10) 
thrown [s\src\hotspot\share\interpreter\linkResolver.cpp, line 804]
Event: 1.354 Thread 0x00000210efef61d0 Exception <a 'java/lang/NoSuchMethodError'{0x00000000edaee808}: 'java.lang.Object java.lang.invoke.DirectMethodHandle$Holder.newInvokeSpecial(java.lang.Object, java.lang.Object, java.lang.Object, int)'> (0x00000000edaee808) 
thrown [s\src\hotspot\share\interpreter\linkResolver.cpp, line 804]
Event: 1.354 Thread 0x00000210efef61d0 Exception <a 'java/lang/NoSuchMethodError'{0x00000000edaf7440}: 'java.lang.Object java.lang.invoke.Invokers$Holder.linkToTargetMethod(java.lang.Object, java.lang.Object, int, java.lang.Object)'> (0x00000000edaf7440) 
thrown [s\src\hotspot\share\interpreter\linkResolver.cpp, line 804]
Event: 1.375 Thread 0x00000210efef61d0 Exception <a 'java/lang/NoSuchMethodError'{0x00000000ed9dc4c0}: 'int java.lang.invoke.DirectMethodHandle$Holder.invokeStatic(java.lang.Object, int, java.lang.Object)'> (0x00000000ed9dc4c0) 
thrown [s\src\hotspot\share\interpreter\linkResolver.cpp, line 804]
Event: 1.380 Thread 0x00000210efef61d0 Exception <a 'java/io/IOException'{0x00000000ed81c7b8}> (0x00000000ed81c7b8) 
thrown [s\src\hotspot\share\prims\jni.cpp, line 516]
Event: 1.385 Thread 0x00000210efef61d0 Implicit null exception at 0x0000021087b2e5b8 to 0x0000021087b2edd8
Event: 1.388 Thread 0x00000210efef61d0 Exception <a 'java/lang/NoSuchMethodError'{0x00000000ed8a3858}: 'java.lang.Object java.lang.invoke.DirectMethodHandle$Holder.newInvokeSpecial(java.lang.Object, java.lang.Object, java.lang.Object, java.lang.Object, java.lang.Object)'> (0x00000000ed8a3858) 
thrown [s\src\hotspot\share\interpreter\linkResolver.cpp, line 804]
Event: 1.529 Thread 0x00000210938f5b00 Exception <a 'java/lang/NoSuchMethodError'{0x00000000ec7fc4d0}: 'java.lang.Object java.lang.invoke.DirectMethodHandle$Holder.invokeVirtual(java.lang.Object, java.lang.Object, java.lang.Object, java.lang.Object, java.lang.Object, java.lang.Object, java.lang.Object)'> (0x00000000ec7fc4d0) 
thrown [s\src\hotspot\share\interpreter\linkResolver.cpp, line 804]
Event: 1.538 Thread 0x00000210938f5b00 Exception <a 'java/lang/NoSuchMethodError'{0x00000000ec6b9f28}: 'long java.lang.invoke.DirectMethodHandle$Holder.invokeInterface(java.lang.Object, java.lang.Object)'> (0x00000000ec6b9f28) 
thrown [s\src\hotspot\share\interpreter\linkResolver.cpp, line 804]
Event: 1.584 Thread 0x00000210938f5b00 Exception <a 'java/lang/NoSuchMethodError'{0x00000000ec272d20}: 'void java.lang.invoke.DirectMethodHandle$Holder.invokeStatic(java.lang.Object, java.lang.Object)'> (0x00000000ec272d20) 
thrown [s\src\hotspot\share\interpreter\linkResolver.cpp, line 804]
Event: 1.591 Thread 0x00000210938f5b00 Exception <a 'java/lang/NoSuchMethodError'{0x00000000ec2d7c30}: 'java.lang.Object java.lang.invoke.DirectMethodHandle$Holder.invokeVirtual(java.lang.Object, java.lang.Object, java.lang.Object, java.lang.Object, java.lang.Object, java.lang.Object, java.lang.Object, java.lang.Object, java.lang.Object, java.lang.Object, java.lang.Object, java.lang.Object)'> (0x00000000ec2d7c30) 
thrown [s\src\hotspot\share\interpreter\linkResolver.cpp, line 804]
Event: 1.607 Thread 0x00000210938f5b00 Exception <a 'java/lang/NoSuchMethodError'{0x00000000ec04ffc0}: 'void java.lang.invoke.DirectMethodHandle$Holder.invokeStatic(java.lang.Object, java.lang.Object, java.lang.Object, java.lang.Object)'> (0x00000000ec04ffc0) 
thrown [s\src\hotspot\share\interpreter\linkResolver.cpp, line 804]
Event: 1.622 Thread 0x00000210938f5b00 Exception <a 'java/lang/NoSuchMethodError'{0x00000000ebf0f638}: 'int java.lang.invoke.DirectMethodHandle$Holder.invokeVirtual(java.lang.Object, java.lang.Object, java.lang.Object)'> (0x00000000ebf0f638) 
thrown [s\src\hotspot\share\interpreter\linkResolver.cpp, line 804]
Event: 1.654 Thread 0x00000210938f5b00 Exception <a 'java/lang/NoSuchMethodError'{0x00000000ebd93258}: 'java.lang.Object java.lang.invoke.DirectMethodHandle$Holder.newInvokeSpecial(java.lang.Object, java.lang.Object, java.lang.Object, java.lang.Object, java.lang.Object, java.lang.Object)'> (0x00000000ebd93258) 
thrown [s\src\hotspot\share\interpreter\linkResolver.cpp, line 804]
Event: 1.724 Thread 0x00000210938f5b00 Exception <a 'java/lang/NoSuchMethodError'{0x00000000eba89fd0}: 'void java.lang.invoke.DelegatingMethodHandle$Holder.reinvoke_L(java.lang.Object, java.lang.Object, java.lang.Object, java.lang.Object, java.lang.Object, java.lang.Object, java.lang.Object, java.lang.Object, java.lang.Object, java.lang.Object)'> (0x00000000eba89fd0) 
thrown [s\src\hotspot\share\interpreter\linkResolver.cpp, line 804]
Event: 1.724 Thread 0x00000210938f5b00 Exception <a 'java/lang/NoSuchMethodError'{0x00000000eba9af18}: 'java.lang.Object java.lang.invoke.Invokers$Holder.invoker(java.lang.Object, java.lang.Object, java.lang.Object, java.lang.Object, java.lang.Object, java.lang.Object, java.lang.Object, java.lang.Object, java.lang.Object, java.lang.Object)'> (0x00000000eba9af18) 
thrown [s\src\hotspot\share\interpreter\linkResolver.cpp, line 804]
Event: 1.875 Thread 0x00000210938f5b00 Exception <a 'java/lang/NoSuchMethodError'{0x00000000eb455d70}: 'void java.lang.invoke.DirectMethodHandle$Holder.invokeInterface(java.lang.Object, java.lang.Object)'> (0x00000000eb455d70) 
thrown [s\src\hotspot\share\interpreter\linkResolver.cpp, line 804]
Event: 1.875 Thread 0x00000210938f5b00 Exception <a 'java/lang/IncompatibleClassChangeError'{0x00000000eb45df88}: Found class java.lang.Object, but interface was expected> (0x00000000eb45df88) 
thrown [s\src\hotspot\share\interpreter\linkResolver.cpp, line 871]
Event: 1.890 Thread 0x00000210938f5b00 Exception <a 'java/lang/NoSuchMethodError'{0x00000000eb495390}: 'java.lang.Object java.lang.invoke.DirectMethodHandle$Holder.newInvokeSpecial(java.lang.Object, java.lang.Object, java.lang.Object, java.lang.Object, java.lang.Object, java.lang.Object, java.lang.Object, java.lang.Object)'> (0x00000000eb495390) 
thrown [s\src\hotspot\share\interpreter\linkResolver.cpp, line 804]

VM Operations (20 events):
Event: 0.423 Executing non-safepoint VM operation: HandshakeAllThreads (Deoptimize)
Event: 0.423 Executing non-safepoint VM operation: HandshakeAllThreads (Deoptimize) done
Event: 0.501 Executing non-safepoint VM operation: HandshakeAllThreads (Deoptimize)
Event: 0.501 Executing non-safepoint VM operation: HandshakeAllThreads (Deoptimize) done
Event: 0.809 Executing safepoint VM operation: G1CollectForAllocation (G1 Evacuation Pause)
Event: 0.815 Executing safepoint VM operation: G1CollectForAllocation (G1 Evacuation Pause) done
Event: 1.044 Executing non-safepoint VM operation: HandshakeAllThreads (Deoptimize)
Event: 1.044 Executing non-safepoint VM operation: HandshakeAllThreads (Deoptimize) done
Event: 1.069 Executing non-safepoint VM operation: HandshakeAllThreads (Deoptimize)
Event: 1.069 Executing non-safepoint VM operation: HandshakeAllThreads (Deoptimize) done
Event: 1.132 Executing non-safepoint VM operation: HandshakeAllThreads (Deoptimize)
Event: 1.132 Executing non-safepoint VM operation: HandshakeAllThreads (Deoptimize) done
Event: 1.190 Executing non-safepoint VM operation: HandshakeAllThreads (Deoptimize)
Event: 1.190 Executing non-safepoint VM operation: HandshakeAllThreads (Deoptimize) done
Event: 1.317 Executing non-safepoint VM operation: HandshakeAllThreads (Deoptimize)
Event: 1.317 Executing non-safepoint VM operation: HandshakeAllThreads (Deoptimize) done
Event: 1.403 Executing non-safepoint VM operation: HandshakeAllThreads (Deoptimize)
Event: 1.403 Executing non-safepoint VM operation: HandshakeAllThreads (Deoptimize) done
Event: 1.691 Executing non-safepoint VM operation: HandshakeAllThreads (Deoptimize)
Event: 1.691 Executing non-safepoint VM operation: HandshakeAllThreads (Deoptimize) done

Memory protections (0 events):
No events

Nmethod flushes (0 events):
No events

Events (20 events):
Event: 0.042 Thread 0x00000210efef61d0 Thread added: 0x00000210fd6d6780
Event: 0.042 Thread 0x00000210efef61d0 Thread added: 0x00000210fd6dc1f0
Event: 0.042 Thread 0x00000210efef61d0 Thread added: 0x00000210eff95070
Event: 0.042 Thread 0x00000210efef61d0 Thread added: 0x00000210fd6df4f0
Event: 0.043 Thread 0x00000210efef61d0 Thread added: 0x00000210fd6e5f00
Event: 0.043 Thread 0x00000210efef61d0 Thread added: 0x00000210fd6ee250
Event: 0.100 Thread 0x00000210efef61d0 Thread added: 0x00000210fd6e0c60
Event: 0.122 Thread 0x00000210efef61d0 Thread added: 0x00000210fd6e23d0
Event: 0.231 Thread 0x00000210fd6e5f00 Thread added: 0x00000210fda0a0b0
Event: 0.237 Thread 0x00000210fd6ee250 Thread added: 0x00000210fd9d75d0
Event: 1.135 Thread 0x00000210efef61d0 Thread added: 0x00000210feea6aa0
Event: 1.338 Thread 0x00000210efef61d0 Thread added: 0x00000210feeaa150
Event: 1.393 Thread 0x00000210efef61d0 Thread added: 0x00000210feea7270
Event: 1.439 Thread 0x00000210feeaa150 Thread added: 0x00000210feeadfd0
Event: 1.440 Thread 0x00000210feeadfd0 Thread added: 0x00000210feead800
Event: 1.460 Thread 0x00000210feeadfd0 Thread added: 0x00000210feead030
Event: 1.466 Thread 0x00000210feeadfd0 Thread added: 0x00000210938f5b00
Event: 1.474 Thread 0x00000210938f5b00 Thread added: 0x00000210938f89e0
Event: 1.487 Thread 0x00000210938f5b00 Thread added: 0x00000210938f91b0
Event: 1.492 Thread 0x00000210938f5b00 Thread added: 0x00000210938f8210


Dynamic libraries:
0x00007ff72bcb0000 - 0x00007ff72bcbe000 	C:\Users\user\Downloads\Compressed\bellsoft-jdk25+37-windows-amd64-full\jdk-25-full\bin\java.exe
0x00007ffb41380000 - 0x00007ffb415e7000 	C:\WINDOWS\SYSTEM32\ntdll.dll
0x00007ffb40200000 - 0x00007ffb402c9000 	C:\WINDOWS\System32\KERNEL32.DLL
0x00007ffb3e960000 - 0x00007ffb3ed54000 	C:\WINDOWS\System32\KERNELBASE.dll
0x00007ffb3dd90000 - 0x00007ffb3dedb000 	C:\WINDOWS\System32\ucrtbase.dll
0x00007ffb174c0000 - 0x00007ffb174db000 	C:\Users\user\Downloads\Compressed\bellsoft-jdk25+37-windows-amd64-full\jdk-25-full\bin\VCRUNTIME140.dll
0x00007ffb2e350000 - 0x00007ffb2e366000 	C:\Users\user\Downloads\Compressed\bellsoft-jdk25+37-windows-amd64-full\jdk-25-full\bin\jli.dll
0x00007ffb40a00000 - 0x00007ffb40bc5000 	C:\WINDOWS\System32\USER32.dll
0x00007ffb21680000 - 0x00007ffb21913000 	C:\WINDOWS\WinSxS\amd64_microsoft.windows.common-controls_6595b64144ccf1df_6.0.26100.8115_none_3e075c82e3354f9c\COMCTL32.dll
0x00007ffb3e750000 - 0x00007ffb3e777000 	C:\WINDOWS\System32\win32u.dll
0x00007ffb3fa20000 - 0x00007ffb3fac9000 	C:\WINDOWS\System32\msvcrt.dll
0x00007ffb40620000 - 0x00007ffb4064b000 	C:\WINDOWS\System32\GDI32.dll
0x00007ffb3e780000 - 0x00007ffb3e8aa000 	C:\WINDOWS\System32\gdi32full.dll
0x00007ffb3e8b0000 - 0x00007ffb3e953000 	C:\WINDOWS\System32\msvcp_win.dll
0x00007ffb3f110000 - 0x00007ffb3f142000 	C:\WINDOWS\System32\IMM32.DLL
0x00007ffb22870000 - 0x00007ffb2287c000 	C:\Users\user\Downloads\Compressed\bellsoft-jdk25+37-windows-amd64-full\jdk-25-full\bin\vcruntime140_1.dll
0x00007ffb16340000 - 0x00007ffb163ce000 	C:\Users\user\Downloads\Compressed\bellsoft-jdk25+37-windows-amd64-full\jdk-25-full\bin\msvcp140.dll
0x00007ffaa0eb0000 - 0x00007ffaa1df1000 	C:\Users\user\Downloads\Compressed\bellsoft-jdk25+37-windows-amd64-full\jdk-25-full\bin\server\jvm.dll
0x00007ffb3f330000 - 0x00007ffb3f3e6000 	C:\WINDOWS\System32\ADVAPI32.dll
0x00007ffb40010000 - 0x00007ffb400b7000 	C:\WINDOWS\System32\sechost.dll
0x00007ffb3f900000 - 0x00007ffb3fa18000 	C:\WINDOWS\System32\RPCRT4.dll
0x00007ffb3ff80000 - 0x00007ffb40000000 	C:\WINDOWS\System32\WS2_32.dll
0x00007ffb3dab0000 - 0x00007ffb3db0e000 	C:\WINDOWS\SYSTEM32\POWRPROF.dll
0x00007ffb25f20000 - 0x00007ffb25f56000 	C:\WINDOWS\SYSTEM32\WINMM.dll
0x00007ffb2be20000 - 0x00007ffb2be2b000 	C:\WINDOWS\SYSTEM32\VERSION.dll
0x00007ffb3da90000 - 0x00007ffb3daa4000 	C:\WINDOWS\SYSTEM32\UMPDC.dll
0x00007ffb3c9a0000 - 0x00007ffb3c9bb000 	C:\WINDOWS\SYSTEM32\kernel.appcore.dll
0x00007ffb227d0000 - 0x00007ffb227da000 	C:\Users\user\Downloads\Compressed\bellsoft-jdk25+37-windows-amd64-full\jdk-25-full\bin\jimage.dll
0x00007ffb3bb60000 - 0x00007ffb3bda2000 	C:\WINDOWS\SYSTEM32\DBGHELP.DLL
0x00007ffb40650000 - 0x00007ffb409d2000 	C:\WINDOWS\System32\combase.dll
0x00007ffb400c0000 - 0x00007ffb40197000 	C:\WINDOWS\System32\OLEAUT32.dll
0x00007ffb1fc60000 - 0x00007ffb1fc9b000 	C:\WINDOWS\SYSTEM32\dbgcore.DLL
0x00007ffb3dc50000 - 0x00007ffb3dcf5000 	C:\WINDOWS\System32\bcryptPrimitives.dll
0x00007ffb20eb0000 - 0x00007ffb20ebf000 	C:\Users\user\Downloads\Compressed\bellsoft-jdk25+37-windows-amd64-full\jdk-25-full\bin\instrument.dll
0x00007ffb174a0000 - 0x00007ffb174be000 	C:\Users\user\Downloads\Compressed\bellsoft-jdk25+37-windows-amd64-full\jdk-25-full\bin\java.dll
0x00007ffb3fce0000 - 0x00007ffb3fe77000 	C:\WINDOWS\System32\ole32.dll
0x00007ffb40bd0000 - 0x00007ffb41336000 	C:\WINDOWS\System32\SHELL32.dll
0x00007ffb3efa0000 - 0x00007ffb3f10a000 	C:\WINDOWS\System32\wintypes.dll
0x00007ffb3dee0000 - 0x00007ffb3e745000 	C:\WINDOWS\System32\windows.storage.dll
0x00007ffb3fe80000 - 0x00007ffb3ff77000 	C:\WINDOWS\System32\SHCORE.dll
0x00007ffb402f0000 - 0x00007ffb40356000 	C:\WINDOWS\System32\shlwapi.dll
0x00007ffb3db70000 - 0x00007ffb3db99000 	C:\WINDOWS\SYSTEM32\profapi.dll
0x00007ffb16c90000 - 0x00007ffb16ca7000 	C:\Users\user\Downloads\Compressed\bellsoft-jdk25+37-windows-amd64-full\jdk-25-full\bin\zip.dll
0x00007ffb16c80000 - 0x00007ffb16c90000 	C:\Users\user\Downloads\Compressed\bellsoft-jdk25+37-windows-amd64-full\jdk-25-full\bin\net.dll
0x00007ffb3cef0000 - 0x00007ffb3cf5c000 	C:\WINDOWS\system32\mswsock.dll
0x00007ffb16c60000 - 0x00007ffb16c76000 	C:\Users\user\Downloads\Compressed\bellsoft-jdk25+37-windows-amd64-full\jdk-25-full\bin\nio.dll
0x00007ffb20ea0000 - 0x00007ffb20eb0000 	C:\Users\user\Downloads\Compressed\bellsoft-jdk25+37-windows-amd64-full\jdk-25-full\bin\verify.dll
0x00007ffb174e0000 - 0x00007ffb17507000 	C:\Users\user\.gradle\native\660c5614fbf4a5f2a75b1949f50a0caf5cd603558e7d8a26e50b933a0cfb79d1\windows-amd64\native-platform.dll
0x00007ffb13760000 - 0x00007ffb137d7000 	C:\Users\user\.gradle\native\0.2.8\x86_64-windows-gnu\gradle-fileevents.dll
0x00007ffb17ad0000 - 0x00007ffb17ada000 	C:\Users\user\Downloads\Compressed\bellsoft-jdk25+37-windows-amd64-full\jdk-25-full\bin\management.dll
0x00007ffb17000000 - 0x00007ffb1700b000 	C:\Users\user\Downloads\Compressed\bellsoft-jdk25+37-windows-amd64-full\jdk-25-full\bin\management_ext.dll
0x00007ffb3fc40000 - 0x00007ffb3fc48000 	C:\WINDOWS\System32\PSAPI.DLL
0x00007ffb3c2f0000 - 0x00007ffb3c322000 	C:\WINDOWS\SYSTEM32\IPHLPAPI.DLL
0x00007ffb409e0000 - 0x00007ffb409ea000 	C:\WINDOWS\System32\NSI.dll
0x00007ffb16be0000 - 0x00007ffb16be9000 	C:\Users\user\Downloads\Compressed\bellsoft-jdk25+37-windows-amd64-full\jdk-25-full\bin\extnet.dll
0x00007ffb3d2f0000 - 0x00007ffb3d30b000 	C:\WINDOWS\SYSTEM32\CRYPTSP.dll
0x00007ffb3c900000 - 0x00007ffb3c939000 	C:\WINDOWS\system32\rsaenh.dll
0x00007ffb3cfa0000 - 0x00007ffb3cfd3000 	C:\WINDOWS\SYSTEM32\USERENV.dll
0x00007ffb3db40000 - 0x00007ffb3db6a000 	C:\WINDOWS\SYSTEM32\bcrypt.dll
0x00007ffb3d150000 - 0x00007ffb3d15c000 	C:\WINDOWS\SYSTEM32\CRYPTBASE.dll
0x00007ffb16c50000 - 0x00007ffb16c5e000 	C:\Users\user\Downloads\Compressed\bellsoft-jdk25+37-windows-amd64-full\jdk-25-full\bin\sunmscapi.dll
0x00007ffb3ee20000 - 0x00007ffb3ef97000 	C:\WINDOWS\System32\CRYPT32.dll
0x00007ffb3d450000 - 0x00007ffb3d480000 	C:\WINDOWS\SYSTEM32\ncrypt.dll
0x00007ffb3d400000 - 0x00007ffb3d43f000 	C:\WINDOWS\SYSTEM32\NTASN1.dll
0x00007ffaf5c90000 - 0x00007ffaf5c98000 	C:\WINDOWS\system32\wshunix.dll

JVMTI agents:
C:\Users\user\.gradle\wrapper\dists\gradle-9.4.1-bin\arn2x92ynaizyzdaamcbpbhtj\gradle-9.4.1\lib\agents\gradle-instrumentation-agent-9.4.1.jar path:C:\Users\user\Downloads\Compressed\bellsoft-jdk25+37-windows-amd64-full\jdk-25-full\bin\instrument.dll, loaded, initialized, instrumentlib options:none

dbghelp: loaded successfully - version: 4.0.5 - missing functions: none
symbol engine: initialized successfully - sym options: 0x614 - pdb path: .;C:\Users\user\Downloads\Compressed\bellsoft-jdk25+37-windows-amd64-full\jdk-25-full\bin;C:\WINDOWS\SYSTEM32;C:\WINDOWS\WinSxS\amd64_microsoft.windows.common-controls_6595b64144ccf1df_6.0.26100.8115_none_3e075c82e3354f9c;C:\Users\user\Downloads\Compressed\bellsoft-jdk25+37-windows-amd64-full\jdk-25-full\bin\server;C:\Users\user\.gradle\native\660c5614fbf4a5f2a75b1949f50a0caf5cd603558e7d8a26e50b933a0cfb79d1\windows-amd64;C:\Users\user\.gradle\native\0.2.8\x86_64-windows-gnu

VM Arguments:
jvm_args: --add-opens=java.base/java.lang=ALL-UNNAMED --add-opens=java.base/java.lang.invoke=ALL-UNNAMED --add-opens=java.base/java.util=ALL-UNNAMED --add-opens=java.prefs/java.util.prefs=ALL-UNNAMED --add-exports=jdk.compiler/com.sun.tools.javac.api=ALL-UNNAMED --add-exports=jdk.compiler/com.sun.tools.javac.util=ALL-UNNAMED --add-opens=java.base/java.util=ALL-UNNAMED --add-opens=java.prefs/java.util.prefs=ALL-UNNAMED --add-opens=java.base/java.nio.charset=ALL-UNNAMED --add-opens=java.base/java.net=ALL-UNNAMED --add-opens=java.base/java.util.concurrent=ALL-UNNAMED --add-opens=java.base/java.util.concurrent.atomic=ALL-UNNAMED --add-opens=java.xml/javax.xml.namespace=ALL-UNNAMED --add-opens=java.base/java.time=ALL-UNNAMED --enable-native-access=ALL-UNNAMED -XX:MaxMetaspaceSize=384m -XX:+HeapDumpOnOutOfMemoryError -Xms256m -Xmx512m -Dfile.encoding=UTF-8 -Duser.country=US -Duser.language=en -Duser.variant -javaagent:C:\Users\user\.gradle\wrapper\dists\gradle-9.4.1-bin\arn2x92ynaizyzdaamcbpbhtj\gradle-9.4.1\lib\agents\gradle-instrumentation-agent-9.4.1.jar 
java_command: org.gradle.launcher.daemon.bootstrap.GradleDaemon 9.4.1
java_class_path (initial): C:\Users\user\.gradle\wrapper\dists\gradle-9.4.1-bin\arn2x92ynaizyzdaamcbpbhtj\gradle-9.4.1\lib\gradle-daemon-main-9.4.1.jar
Launcher Type: SUN_STANDARD

[Global flags]
     intx CICompilerCount                          = 4                                         {product} {ergonomic}
   size_t CompressedClassSpaceSize                 = 335544320                                 {product} {ergonomic}
     uint ConcGCThreads                            = 2                                         {product} {ergonomic}
     uint G1ConcRefinementThreads                  = 8                                         {product} {ergonomic}
   size_t G1HeapRegionSize                         = 1048576                                   {product} {ergonomic}
     bool HeapDumpOnOutOfMemoryError               = true                                   {manageable} {command line}
   size_t InitialHeapSize                          = 268435456                                 {product} {command line}
   size_t MarkStackSize                            = 4194304                                   {product} {ergonomic}
   size_t MarkStackSizeMax                         = 536870912                                 {product} {ergonomic}
   size_t MaxHeapSize                              = 536870912                                 {product} {command line}
   size_t MaxMetaspaceSize                         = 402653184                                 {product} {command line}
   size_t MaxNewSize                               = 321912832                                 {product} {ergonomic}
   size_t MinHeapDeltaBytes                        = 1048576                                   {product} {ergonomic}
   size_t MinHeapSize                              = 268435456                                 {product} {command line}
    uintx NonNMethodCodeHeapSize                   = 5832704                                {pd product} {ergonomic}
    uintx NonProfiledCodeHeapSize                  = 122945536                              {pd product} {ergonomic}
    uintx ProfiledCodeHeapSize                     = 122880000                              {pd product} {ergonomic}
    uintx ReservedCodeCacheSize                    = 251658240                              {pd product} {ergonomic}
     bool SegmentedCodeCache                       = true                                      {product} {ergonomic}
   size_t SoftMaxHeapSize                          = 536870912                              {manageable} {ergonomic}
     bool UseCompressedOops                        = true                           {product lp64_product} {ergonomic}
     bool UseG1GC                                  = true                                      {product} {ergonomic}
     bool UseLargePagesIndividualAllocation        = false                                  {pd product} {ergonomic}

Logging:
Log output configuration:
 #0: stdout all=warning uptime,level,tags foldmultilines=false
 #1: stderr all=off uptime,level,tags foldmultilines=false

Release file:
IMPLEMENTOR="BellSoft" 
JAVA_RUNTIME_VERSION="25+37-LTS" 
JAVA_VERSION="25" 
JAVA_VERSION_DATE="2025-09-16" 
LIBC="default" 
MODULES="java.base java.compiler java.datatransfer java.xml java.prefs java.desktop java.instrument java.logging java.management java.security.sasl java.naming java.rmi java.management.rmi java.net.http java.scripting java.security.jgss java.transaction.xa java.sql java.sql.rowset java.xml.crypto java.se java.smartcardio jdk.jfr javafx.base jdk.unsupported javafx.graphics javafx.controls javafx.fxml javafx.media jdk.unsupported.desktop javafx.swing jdk.jsobject jdk.xml.dom javafx.web jdk.accessibility jdk.internal.jvmstat jdk.attach jdk.charsets jdk.internal.opt jdk.zipfs jdk.compiler jdk.crypto.cryptoki jdk.crypto.ec jdk.crypto.mscapi jdk.dynalink jdk.internal.ed jdk.editpad jdk.internal.vm.ci jdk.graal.compiler jdk.graal.compiler.management jdk.hotspot.agent jdk.httpserver jdk.incubator.vector jdk.internal.le jdk.internal.md jdk.jartool jdk.javadoc jdk.jcmd jdk.management jdk.management.agent jdk.jconsole jdk.jdeps jdk.jdwp.agent jdk.jdi jdk.jlink jdk.jpackage jdk.jshell jdk.jstatd jdk.localedata jdk.management.jfr jdk.naming.dns jdk.naming.rmi jdk.net jdk.nio.mapmode jdk.sctp jdk.security.auth jdk.security.jgss jfx.incubator.input jfx.incubator.richtext" 
OS_ARCH="x86_64" 
OS_NAME="Windows" 
SOURCE=".:git:e25d1a5e8234+" 

Environment Variables:
JAVA_HOME=C:\Program Files\BellSoft\LibericaJDK-25\
PATH=C:\Program Files\BellSoft\LibericaJDK-25\bin\;C:\Program Files\BellSoft\LibericaJDK-21\bin\;C:\WINDOWS\system32;C:\WINDOWS;C:\WINDOWS\System32\Wbem;C:\WINDOWS\System32\WindowsPowerShell\v1.0\;C:\WINDOWS\System32\OpenSSH\;C:\Program Files\Git\cmd;C:\Users\user\Downloads\Compressed\jdk-25_windows-x64_bin\jdk-25.0.1\bin;C:\Program Files\nodejs\;C:\ProgramData\chocolatey\bin;C:\Program Files\MySQL\MySQL Shell 8.0\bin\;C:\Users\user\AppData\Local\Microsoft\WindowsApps;C:\msys64\ucrt64\bin;C:\Program Files\JetBrains\WebStorm 2025.2.4\bin;C:\Users\user\AppData\Roaming\npm;C:\Users\user\AppData\Local\Programs\cursor\resources\app\bin;C:\Users\user\AppData\Local\Programs\Antigravity IDE\bin
USERNAME=user
OS=Windows_NT
PROCESSOR_IDENTIFIER=Intel64 Family 6 Model 142 Stepping 10, GenuineIntel
TMP=C:\Users\user\AppData\Local\Temp
TEMP=C:\Users\user\AppData\Local\Temp




Compilation memory statistics disabled.

Periodic native trim disabled

---------------  S Y S T E M  ---------------

OS:
 Windows 11 , 64 bit Build 26100 (10.0.26100.8115)
OS uptime: 5 days 11:42 hours
Hyper-V role detected

CPU: total 8 (initial active 8) (4 cores per cpu, 2 threads per core) family 6 model 142 stepping 10 microcode 0xf6, cx8, cmov, fxsr, ht, mmx, 3dnowpref, sse, sse2, sse3, ssse3, sse4.1, sse4.2, popcnt, lzcnt, tsc, tscinvbit, avx, avx2, aes, erms, clmul, bmi1, bmi2, rtm, adx, fma, vzeroupper, clflush, clflushopt, hv, rdtscp, f16c
Processor Information for the first 8 processors :
  Max Mhz: 1896, Current Mhz: 1696, Mhz Limit: 1687

Memory: 4k page, system-wide physical 8035M (1129M free)
TotalPageFile size 15879M (AvailPageFile size 5M)
current process WorkingSet (physical memory assigned to process): 196M, peak: 196M
current process commit charge ("private bytes"): 410M, peak: 414M

vm_info: OpenJDK 64-Bit Server VM (25+37-LTS) for windows-amd64 JRE (25+37-LTS), built on 2025-09-16T14:39:05Z with MS VC++ 17.1 (VS2022)

END.
