#
# There is insufficient memory for the Java Runtime Environment to continue.
# Native memory allocation (malloc) failed to allocate 7279192 bytes. Error detail: Chunk::new
# Possible reasons:
#   The system is out of physical RAM or swap space
#   This process is running with CompressedOops enabled, and the Java Heap may be blocking the growth of the native heap
# Possible solutions:
#   Reduce memory load on the system
#   Increase physical memory or swap space
#   Check if swap backing store is full
#   Decrease Java heap size (-Xmx/-Xms)
#   Decrease number of Java threads
#   Decrease Java thread stack sizes (-Xss)
#   Set larger code cache with -XX:ReservedCodeCacheSize=
#   JVM is running with Unscaled Compressed Oops mode in which the Java heap is
#     placed in the first 4GB address space. The Java Heap base address is the
#     maximum limit for the native heap growth. Please use -XX:HeapBaseMinAddress
#     to set the Java Heap base and to place the Java Heap above 4GB virtual address.
# This output file may be truncated or incomplete.
#
#  Out of Memory Error (arena.cpp:186), pid=9136, tid=22908
#
# JRE version: OpenJDK Runtime Environment (25.0+37) (build 25+37-LTS)
# Java VM: OpenJDK 64-Bit Server VM (25+37-LTS, mixed mode, sharing, tiered, compressed oops, compressed class ptrs, g1 gc, windows-amd64)
# No core dump will be written. Minidumps are not enabled by default on client versions of Windows
#

---------------  S U M M A R Y ------------

Command Line: --add-opens=java.base/java.lang=ALL-UNNAMED --add-opens=java.base/java.lang.invoke=ALL-UNNAMED --add-opens=java.base/java.util=ALL-UNNAMED --add-opens=java.prefs/java.util.prefs=ALL-UNNAMED --add-exports=jdk.compiler/com.sun.tools.javac.api=ALL-UNNAMED --add-exports=jdk.compiler/com.sun.tools.javac.util=ALL-UNNAMED --add-opens=java.base/java.util=ALL-UNNAMED --add-opens=java.prefs/java.util.prefs=ALL-UNNAMED --add-opens=java.base/java.nio.charset=ALL-UNNAMED --add-opens=java.base/java.net=ALL-UNNAMED --add-opens=java.base/java.util.concurrent=ALL-UNNAMED --add-opens=java.base/java.util.concurrent.atomic=ALL-UNNAMED --add-opens=java.xml/javax.xml.namespace=ALL-UNNAMED --add-opens=java.base/java.time=ALL-UNNAMED --enable-native-access=ALL-UNNAMED -XX:MaxMetaspaceSize=384m -XX:+HeapDumpOnOutOfMemoryError -Xms256m -Xmx512m -Dfile.encoding=UTF-8 -Duser.country=US -Duser.language=en -Duser.variant -javaagent:C:\Users\user\.gradle\wrapper\dists\gradle-9.4.1-bin\arn2x92ynaizyzdaamcbpbhtj\gradle-9.4.1\lib\agents\gradle-instrumentation-agent-9.4.1.jar org.gradle.launcher.daemon.bootstrap.GradleDaemon 9.4.1

Host: Intel(R) Core(TM) i5-8350U CPU @ 1.70GHz, 8 cores, 7G,  Windows 11 , 64 bit Build 26100 (10.0.26100.8115)
Time: Tue Jun  2 11:23:20 2026 E. Africa Standard Time elapsed time: 127.816030 seconds (0d 0h 2m 7s)

---------------  T H R E A D  ---------------

Current thread (0x0000029d0479fb50):  JavaThread "C2 CompilerThread1" daemon [_thread_in_native, id=22908, stack(0x000000f523400000,0x000000f523500000) (1024K)]


Current CompileTask:
C2:127816 15628       4       io.spring.gradle.dependencymanagement.org.codehaus.plexus.interpolation.reflection.ReflectionValueExtractor::evaluate (242 bytes)

Stack: [0x000000f523400000,0x000000f523500000]
Native frames: (J=compiled Java code, j=interpreted, Vv=VM code, C=native code)
V  [jvm.dll+0x7b9849]  (no source info available)
V  [jvm.dll+0x783c7d]  (no source info available)
V  [jvm.dll+0xa06be3]  (no source info available)
V  [jvm.dll+0xa09054]  (no source info available)
V  [jvm.dll+0xa09743]  (no source info available)
V  [jvm.dll+0x30dd96]  (no source info available)
V  [jvm.dll+0x116c36]  (no source info available)
V  [jvm.dll+0x116f61]  (no source info available)
V  [jvm.dll+0x1ae7bb]  (no source info available)
V  [jvm.dll+0x3c4fe2]  (no source info available)
V  [jvm.dll+0x7bf0b4]  (no source info available)
V  [jvm.dll+0x2d1a06]  (no source info available)
V  [jvm.dll+0x2d0a81]  (no source info available)
V  [jvm.dll+0x2471ea]  (no source info available)
V  [jvm.dll+0x2e0251]  (no source info available)
V  [jvm.dll+0x2de49a]  (no source info available)
V  [jvm.dll+0x4a047e]  (no source info available)
V  [jvm.dll+0x9a6be8]  (no source info available)
V  [jvm.dll+0x7b7db5]  (no source info available)
C  [ucrtbase.dll+0x37b0]  (no source info available)
C  [KERNEL32.DLL+0x2e8d7]  (no source info available)
C  [ntdll.dll+0x8c3fc]  (no source info available)

Lock stack of current Java thread (top to bottom):


---------------  P R O C E S S  ---------------

Threads class SMR info:
_java_thread_list=0x0000029d09398be0, length=50, elements={
0x0000029d61c921e0, 0x0000029d7e4658d0, 0x0000029d7e4661e0, 0x0000029d7e467040,
0x0000029d7e468c10, 0x0000029d7e46b910, 0x0000029d7e46eab0, 0x0000029d7e46fad0,
0x0000029d7e48e1e0, 0x0000029d7e474cb0, 0x0000029d7e471dd0, 0x0000029d04a9d250,
0x0000029d04a9a370, 0x0000029d04a9e1f0, 0x0000029d05ce0670, 0x0000029d05ce1610,
0x0000029d05cdef00, 0x0000029d05ce5490, 0x0000029d05ce6430, 0x0000029d0773bc40,
0x0000029d07740290, 0x0000029d0773eb20, 0x0000029d09b53ab0, 0x0000029d08ac2d40,
0x0000029d08abfe60, 0x0000029d07654580, 0x0000029d076516a0, 0x0000029d07651e70,
0x0000029d05faabe0, 0x0000029d08423410, 0x0000029d08422470, 0x0000029d08424b80,
0x0000029d08427290, 0x0000029d0842a940, 0x0000029d0842a170, 0x0000029d08427a60,
0x0000029d0842b8e0, 0x0000029d0842c880, 0x0000029d0479fb50, 0x0000029d0842d050,
0x0000029d0842d820, 0x0000029d08430ed0, 0x0000029d0842ef90, 0x0000029d09b54280,
0x0000029d09b54a50, 0x0000029d09b55220, 0x0000029d09b56990, 0x0000029d09b57160,
0x0000029d09b58100, 0x0000029d059f9170
}

Java Threads: ( => current thread )
  0x0000029d61c921e0 JavaThread "main"                              [_thread_blocked, id=12608, stack(0x000000f521400000,0x000000f521500000) (1024K)]
  0x0000029d7e4658d0 JavaThread "Reference Handler"          daemon [_thread_blocked, id=23776, stack(0x000000f521c00000,0x000000f521d00000) (1024K)]
  0x0000029d7e4661e0 JavaThread "Finalizer"                  daemon [_thread_blocked, id=12696, stack(0x000000f521d00000,0x000000f521e00000) (1024K)]
  0x0000029d7e467040 JavaThread "Signal Dispatcher"          daemon [_thread_blocked, id=6332, stack(0x000000f521e00000,0x000000f521f00000) (1024K)]
  0x0000029d7e468c10 JavaThread "Attach Listener"            daemon [_thread_blocked, id=23428, stack(0x000000f521f00000,0x000000f522000000) (1024K)]
  0x0000029d7e46b910 JavaThread "Service Thread"             daemon [_thread_blocked, id=23624, stack(0x000000f522000000,0x000000f522100000) (1024K)]
  0x0000029d7e46eab0 JavaThread "Monitor Deflation Thread"   daemon [_thread_blocked, id=20792, stack(0x000000f522100000,0x000000f522200000) (1024K)]
  0x0000029d7e46fad0 JavaThread "C2 CompilerThread0"         daemon [_thread_in_native, id=4284, stack(0x000000f522200000,0x000000f522300000) (1024K)]
  0x0000029d7e48e1e0 JavaThread "C1 CompilerThread0"         daemon [_thread_blocked, id=23632, stack(0x000000f522300000,0x000000f522400000) (1024K)]
  0x0000029d7e474cb0 JavaThread "Common-Cleaner"             daemon [_thread_blocked, id=20600, stack(0x000000f522500000,0x000000f522600000) (1024K)]
  0x0000029d7e471dd0 JavaThread "Notification Thread"        daemon [_thread_blocked, id=23908, stack(0x000000f522600000,0x000000f522700000) (1024K)]
  0x0000029d04a9d250 JavaThread "Daemon health stats"               [_thread_blocked, id=12132, stack(0x000000f522d00000,0x000000f522e00000) (1024K)]
  0x0000029d04a9a370 JavaThread "Incoming local TCP Connector on port 64566"        [_thread_in_native, id=20304, stack(0x000000f522e00000,0x000000f522f00000) (1024K)]
  0x0000029d04a9e1f0 JavaThread "Daemon periodic checks"            [_thread_blocked, id=796, stack(0x000000f522f00000,0x000000f523000000) (1024K)]
  0x0000029d05ce0670 JavaThread "Cache worker for journal cache (C:\Users\user\.gradle\caches\journal-1)"        [_thread_blocked, id=16532, stack(0x000000f523700000,0x000000f523800000) (1024K)]
  0x0000029d05ce1610 JavaThread "File lock request listener"        [_thread_in_native, id=19040, stack(0x000000f523800000,0x000000f523900000) (1024K)]
  0x0000029d05cdef00 JavaThread "Cache worker for file hash cache (C:\Users\user\.gradle\caches\9.4.1\fileHashes)"        [_thread_blocked, id=24272, stack(0x000000f523900000,0x000000f523a00000) (1024K)]
  0x0000029d05ce5490 JavaThread "File watcher server"        daemon [_thread_in_native, id=3324, stack(0x000000f523f00000,0x000000f524000000) (1024K)]
  0x0000029d05ce6430 JavaThread "File watcher consumer"      daemon [_thread_blocked, id=13456, stack(0x000000f524000000,0x000000f524100000) (1024K)]
  0x0000029d0773bc40 JavaThread "Cache worker for file content cache (C:\Users\user\.gradle\caches\9.4.1\fileContent)"        [_thread_blocked, id=17756, stack(0x000000f524100000,0x000000f524200000) (1024K)]
  0x0000029d07740290 JavaThread "jar transforms"                    [_thread_blocked, id=4768, stack(0x000000f524500000,0x000000f524600000) (1024K)]
  0x0000029d0773eb20 JavaThread "jar transforms Thread 2"           [_thread_blocked, id=18120, stack(0x000000f524600000,0x000000f524700000) (1024K)]
  0x0000029d09b53ab0 JavaThread "jar transforms Thread 3"           [_thread_blocked, id=24988, stack(0x000000f524700000,0x000000f524800000) (1024K)]
  0x0000029d08ac2d40 JavaThread "jar transforms Thread 4"           [_thread_blocked, id=22784, stack(0x000000f525000000,0x000000f525100000) (1024K)]
  0x0000029d08abfe60 JavaThread "jar transforms Thread 5"           [_thread_blocked, id=20988, stack(0x000000f525100000,0x000000f525200000) (1024K)]
  0x0000029d07654580 JavaThread "jar transforms Thread 6"           [_thread_blocked, id=912, stack(0x000000f525200000,0x000000f525300000) (1024K)]
  0x0000029d076516a0 JavaThread "jar transforms Thread 7"           [_thread_blocked, id=18900, stack(0x000000f525300000,0x000000f525400000) (1024K)]
  0x0000029d07651e70 JavaThread "jar transforms Thread 8"           [_thread_blocked, id=17240, stack(0x000000f525400000,0x000000f525500000) (1024K)]
  0x0000029d05faabe0 JavaThread "Memory manager"                    [_thread_blocked, id=18640, stack(0x000000f525500000,0x000000f525600000) (1024K)]
  0x0000029d08423410 JavaThread "Daemon Thread 2"                   [_thread_blocked, id=24400, stack(0x000000f521100000,0x000000f521200000) (1024K)]
  0x0000029d08422470 JavaThread "Handler for socket connection from /127.0.0.1:64566 to /127.0.0.1:63773"        [_thread_in_native, id=11152, stack(0x000000f521200000,0x000000f521300000) (1024K)]
  0x0000029d08424b80 JavaThread "Cancel handler"                    [_thread_blocked, id=22660, stack(0x000000f521300000,0x000000f521400000) (1024K)]
  0x0000029d08427290 JavaThread "Daemon worker Thread 2"            [_thread_in_Java, id=25292, stack(0x000000f522400000,0x000000f522500000) (1024K)]
  0x0000029d0842a940 JavaThread "Asynchronous log dispatcher for DefaultDaemonConnection: socket connection from /127.0.0.1:64566 to /127.0.0.1:63773"        [_thread_blocked, id=23072, stack(0x000000f522700000,0x000000f522800000) (1024K)]
  0x0000029d0842a170 JavaThread "Stdin handler"                     [_thread_blocked, id=1552, stack(0x000000f523000000,0x000000f523100000) (1024K)]
  0x0000029d08427a60 JavaThread "Daemon client event forwarder"        [_thread_blocked, id=14804, stack(0x000000f523100000,0x000000f523200000) (1024K)]
  0x0000029d0842b8e0 JavaThread "Cache worker for file hash cache (C:\Users\user\Desktop\TaskManager 2\.gradle\9.4.1\fileHashes)"        [_thread_blocked, id=21520, stack(0x000000f523200000,0x000000f523300000) (1024K)]
  0x0000029d0842c880 JavaThread "Cache worker for Build Output Cleanup Cache (C:\Users\user\Desktop\TaskManager 2\.gradle\buildOutputCleanup)"        [_thread_blocked, id=16692, stack(0x000000f523300000,0x000000f523400000) (1024K)]
=>0x0000029d0479fb50 JavaThread "C2 CompilerThread1"         daemon [_thread_in_native, id=22908, stack(0x000000f523400000,0x000000f523500000) (1024K)]
  0x0000029d0842d050 JavaThread "Cache worker for checksums cache (C:\Users\user\Desktop\TaskManager 2\.gradle\9.4.1\checksums)"        [_thread_blocked, id=23756, stack(0x000000f523500000,0x000000f523600000) (1024K)]
  0x0000029d0842d820 JavaThread "Cache worker for cache directory md-supplier (C:\Users\user\.gradle\caches\9.4.1\md-supplier)"        [_thread_blocked, id=8196, stack(0x000000f523600000,0x000000f523700000) (1024K)]
  0x0000029d08430ed0 JavaThread "Cache worker for cache directory md-rule (C:\Users\user\.gradle\caches\9.4.1\md-rule)"        [_thread_blocked, id=8708, stack(0x000000f523d00000,0x000000f523e00000) (1024K)]
  0x0000029d0842ef90 JavaThread "Build operations"                  [_thread_blocked, id=16952, stack(0x000000f523e00000,0x000000f523f00000) (1024K)]
  0x0000029d09b54280 JavaThread "Build operations Thread 2"         [_thread_blocked, id=24308, stack(0x000000f524200000,0x000000f524300000) (1024K)]
  0x0000029d09b54a50 JavaThread "Build operations Thread 3"         [_thread_blocked, id=3340, stack(0x000000f524300000,0x000000f524400000) (1024K)]
  0x0000029d09b55220 JavaThread "Build operations Thread 4"         [_thread_blocked, id=25284, stack(0x000000f524400000,0x000000f524500000) (1024K)]
  0x0000029d09b56990 JavaThread "Build operations Thread 5"         [_thread_blocked, id=20372, stack(0x000000f524800000,0x000000f524900000) (1024K)]
  0x0000029d09b57160 JavaThread "Build operations Thread 6"         [_thread_blocked, id=20616, stack(0x000000f524900000,0x000000f524a00000) (1024K)]
  0x0000029d09b58100 JavaThread "Build operations Thread 7"         [_thread_blocked, id=21920, stack(0x000000f524a00000,0x000000f524b00000) (1024K)]
  0x0000029d059f9170 JavaThread "Build operations Thread 8"         [_thread_blocked, id=22752, stack(0x000000f524b00000,0x000000f524c00000) (1024K)]
Total: 50

Other Threads:
  0x0000029d7e451320 VMThread "VM Thread"                           [id=18868, stack(0x000000f521b00000,0x000000f521c00000) (1024K)]
  0x0000029d61d44dd0 WatcherThread "VM Periodic Task Thread"        [id=25060, stack(0x000000f521a00000,0x000000f521b00000) (1024K)]
  0x0000029d61cbdd10 WorkerThread "GC Thread#0"                     [id=9520, stack(0x000000f521500000,0x000000f521600000) (1024K)]
  0x0000029d049c63c0 WorkerThread "GC Thread#1"                     [id=19644, stack(0x000000f522800000,0x000000f522900000) (1024K)]
  0x0000029d04abfe50 WorkerThread "GC Thread#2"                     [id=5712, stack(0x000000f522900000,0x000000f522a00000) (1024K)]
  0x0000029d04ac0280 WorkerThread "GC Thread#3"                     [id=25000, stack(0x000000f522a00000,0x000000f522b00000) (1024K)]
  0x0000029d04ac06b0 WorkerThread "GC Thread#4"                     [id=22736, stack(0x000000f522b00000,0x000000f522c00000) (1024K)]
  0x0000029d04b89840 WorkerThread "GC Thread#5"                     [id=18932, stack(0x000000f522c00000,0x000000f522d00000) (1024K)]
  0x0000029d056cb9a0 WorkerThread "GC Thread#6"                     [id=25140, stack(0x000000f523a00000,0x000000f523b00000) (1024K)]
  0x0000029d056ce070 WorkerThread "GC Thread#7"                     [id=23196, stack(0x000000f523b00000,0x000000f523c00000) (1024K)]
  0x0000029d61cc4de0 ConcurrentGCThread "G1 Main Marker"            [id=19904, stack(0x000000f521600000,0x000000f521700000) (1024K)]
  0x0000029d61cc6b90 WorkerThread "G1 Conc#0"                       [id=10776, stack(0x000000f521700000,0x000000f521800000) (1024K)]
  0x0000029d056ce910 WorkerThread "G1 Conc#1"                       [id=19888, stack(0x000000f523c00000,0x000000f523d00000) (1024K)]
  0x0000029d61d36240 ConcurrentGCThread "G1 Refine#0"               [id=19020, stack(0x000000f521800000,0x000000f521900000) (1024K)]
  0x0000029d61d36c50 ConcurrentGCThread "G1 Service"                [id=16096, stack(0x000000f521900000,0x000000f521a00000) (1024K)]
Total: 15

Threads with active compile tasks:
C2 CompilerThread0  127896 15636   !   4       io.spring.gradle.dependencymanagement.org.codehaus.plexus.interpolation.ObjectBasedValueSource::getValue (66 bytes)
C2 CompilerThread1  127896 15628       4       io.spring.gradle.dependencymanagement.org.codehaus.plexus.interpolation.reflection.ReflectionValueExtractor::evaluate (242 bytes)
Total: 2

VM state: not at safepoint (normal execution)

VM Mutex/Monitor currently owned by a thread: None

Heap address: 0x00000000e0000000, size: 512 MB, Compressed Oops mode: 32-bit

CDS archive(s) mapped at: [0x0000000083000000-0x0000000083dd0000-0x0000000083dd0000), size 14483456, SharedBaseAddress: 0x0000000083000000, ArchiveRelocationMode: 1.
Compressed class space mapped at: 0x0000000084000000-0x0000000098000000, reserved size: 335544320
UseCompressedClassPointers 1, UseCompactObjectHeaders 0
Narrow klass pointer bits 32, Max shift 3
Narrow klass base: 0x0000000083000000, Narrow klass shift: 0
Encoding Range: [0x0000000083000000 - 0x0000000183000000), (4294967296 bytes)
Klass Range:    [0x0000000083010000 - 0x0000000098000000), (352256000 bytes)
Klass ID Range:  [65536 - 352321529) (352255993)
Protection zone: [0x0000000083000000 - 0x0000000083010000), (65536 bytes)

GC Precious Log:
 CardTable entry size: 512
 Card Set container configuration: InlinePtr #cards 5 size 8 Array Of Cards #cards 10 size 36 Howl #buckets 4 coarsen threshold 1843 Howl Bitmap #cards 512 size 80 coarsen threshold 460 Card regions per heap region 1 cards per card region 2048
 CPUs: 8 total, 8 available
 Memory: 8035M
 Large Page Support: Disabled
 NUMA Support: Disabled
 Compressed Oops: Enabled (32-bit)
 Heap Region Size: 1M
 Heap Min Capacity: 256M
 Heap Initial Capacity: 256M
 Heap Max Capacity: 512M
 Pre-touch: Disabled
 Parallel Workers: 8
 Concurrent Workers: 2
 Concurrent Refinement Workers: 8
 Periodic GC: Disabled

Heap:
 garbage-first heap   total reserved 524288K, committed 262144K, used 115563K [0x00000000e0000000, 0x0000000100000000)
  region size 1024K, 50 young (51200K), 10 survivors (10240K)

Heap Regions: E=young(eden), S=young(survivor), O=old, HS=humongous(starts), HC=humongous(continues), CS=collection set, F=free, TAMS=top-at-mark-start, PB=parsable bottom
|   0|0x00000000e0000000, 0x00000000e0100000, 0x00000000e0100000|100%|HS|  |TAMS 0x00000000e0000000| PB 0x00000000e0000000| Complete |  0
|   1|0x00000000e0100000, 0x00000000e0200000, 0x00000000e0200000|100%|HC|  |TAMS 0x00000000e0100000| PB 0x00000000e0100000| Complete |  0
|   2|0x00000000e0200000, 0x00000000e0300000, 0x00000000e0300000|100%|HC|  |TAMS 0x00000000e0200000| PB 0x00000000e0200000| Complete |  0
|   3|0x00000000e0300000, 0x00000000e0400000, 0x00000000e0400000|100%|HC|  |TAMS 0x00000000e0300000| PB 0x00000000e0300000| Complete |  0
|   4|0x00000000e0400000, 0x00000000e0500000, 0x00000000e0500000|100%|HS|  |TAMS 0x00000000e0400000| PB 0x00000000e0400000| Complete |  0
|   5|0x00000000e0500000, 0x00000000e0600000, 0x00000000e0600000|100%| O|  |TAMS 0x00000000e0500000| PB 0x00000000e0500000| Untracked |  0
|   6|0x00000000e0600000, 0x00000000e0700000, 0x00000000e0700000|100%| O|  |TAMS 0x00000000e0600000| PB 0x00000000e0600000| Untracked |  0
|   7|0x00000000e0700000, 0x00000000e0800000, 0x00000000e0800000|100%| O|  |TAMS 0x00000000e0700000| PB 0x00000000e0700000| Untracked |  0
|   8|0x00000000e0800000, 0x00000000e0900000, 0x00000000e0900000|100%| O|  |TAMS 0x00000000e0800000| PB 0x00000000e0800000| Untracked |  0
|   9|0x00000000e0900000, 0x00000000e0a00000, 0x00000000e0a00000|100%| O|  |TAMS 0x00000000e0900000| PB 0x00000000e0900000| Untracked |  0
|  10|0x00000000e0a00000, 0x00000000e0b00000, 0x00000000e0b00000|100%| O|  |TAMS 0x00000000e0a00000| PB 0x00000000e0a00000| Untracked |  0
|  11|0x00000000e0b00000, 0x00000000e0c00000, 0x00000000e0c00000|100%| O|  |TAMS 0x00000000e0b00000| PB 0x00000000e0b00000| Untracked |  0
|  12|0x00000000e0c00000, 0x00000000e0d00000, 0x00000000e0d00000|100%| O|  |TAMS 0x00000000e0c00000| PB 0x00000000e0c00000| Untracked |  0
|  13|0x00000000e0d00000, 0x00000000e0e00000, 0x00000000e0e00000|100%| O|  |TAMS 0x00000000e0d00000| PB 0x00000000e0d00000| Untracked |  0
|  14|0x00000000e0e00000, 0x00000000e0f00000, 0x00000000e0f00000|100%| O|  |TAMS 0x00000000e0e00000| PB 0x00000000e0e00000| Untracked |  0
|  15|0x00000000e0f00000, 0x00000000e1000000, 0x00000000e1000000|100%| O|  |TAMS 0x00000000e0f00000| PB 0x00000000e0f00000| Untracked |  0
|  16|0x00000000e1000000, 0x00000000e1100000, 0x00000000e1100000|100%| O|  |TAMS 0x00000000e1000000| PB 0x00000000e1000000| Untracked |  0
|  17|0x00000000e1100000, 0x00000000e1200000, 0x00000000e1200000|100%| O|  |TAMS 0x00000000e1100000| PB 0x00000000e1100000| Untracked |  0
|  18|0x00000000e1200000, 0x00000000e1300000, 0x00000000e1300000|100%| O|  |TAMS 0x00000000e1200000| PB 0x00000000e1200000| Untracked |  0
|  19|0x00000000e1300000, 0x00000000e1400000, 0x00000000e1400000|100%| O|  |TAMS 0x00000000e1300000| PB 0x00000000e1300000| Untracked |  0
|  20|0x00000000e1400000, 0x00000000e1500000, 0x00000000e1500000|100%| O|  |TAMS 0x00000000e1400000| PB 0x00000000e1400000| Untracked |  0
|  21|0x00000000e1500000, 0x00000000e1600000, 0x00000000e1600000|100%| O|  |TAMS 0x00000000e1500000| PB 0x00000000e1500000| Untracked |  0
|  22|0x00000000e1600000, 0x00000000e1700000, 0x00000000e1700000|100%| O|  |TAMS 0x00000000e1600000| PB 0x00000000e1600000| Untracked |  0
|  23|0x00000000e1700000, 0x00000000e1800000, 0x00000000e1800000|100%|HS|  |TAMS 0x00000000e1700000| PB 0x00000000e1700000| Complete |  0
|  24|0x00000000e1800000, 0x00000000e1900000, 0x00000000e1900000|100%|HC|  |TAMS 0x00000000e1800000| PB 0x00000000e1800000| Complete |  0
|  25|0x00000000e1900000, 0x00000000e1a00000, 0x00000000e1a00000|100%| O|  |TAMS 0x00000000e1900000| PB 0x00000000e1900000| Untracked |  0
|  26|0x00000000e1a00000, 0x00000000e1b00000, 0x00000000e1b00000|100%| O|  |TAMS 0x00000000e1a00000| PB 0x00000000e1a00000| Untracked |  0
|  27|0x00000000e1b00000, 0x00000000e1c00000, 0x00000000e1c00000|100%| O|  |TAMS 0x00000000e1b00000| PB 0x00000000e1b00000| Untracked |  0
|  28|0x00000000e1c00000, 0x00000000e1d00000, 0x00000000e1d00000|100%| O|  |TAMS 0x00000000e1c00000| PB 0x00000000e1c00000| Untracked |  0
|  29|0x00000000e1d00000, 0x00000000e1e00000, 0x00000000e1e00000|100%| O|  |TAMS 0x00000000e1d00000| PB 0x00000000e1d00000| Untracked |  0
|  30|0x00000000e1e00000, 0x00000000e1f00000, 0x00000000e1f00000|100%| O|  |TAMS 0x00000000e1e00000| PB 0x00000000e1e00000| Untracked |  0
|  31|0x00000000e1f00000, 0x00000000e2000000, 0x00000000e2000000|100%| O|  |TAMS 0x00000000e1f00000| PB 0x00000000e1f00000| Untracked |  0
|  32|0x00000000e2000000, 0x00000000e2100000, 0x00000000e2100000|100%| O|  |TAMS 0x00000000e2000000| PB 0x00000000e2000000| Untracked |  0
|  33|0x00000000e2100000, 0x00000000e2200000, 0x00000000e2200000|100%| O|  |TAMS 0x00000000e2100000| PB 0x00000000e2100000| Untracked |  0
|  34|0x00000000e2200000, 0x00000000e2300000, 0x00000000e2300000|100%| O|  |TAMS 0x00000000e2200000| PB 0x00000000e2200000| Untracked |  0
|  35|0x00000000e2300000, 0x00000000e2400000, 0x00000000e2400000|100%| O|  |TAMS 0x00000000e2300000| PB 0x00000000e2300000| Untracked |  0
|  36|0x00000000e2400000, 0x00000000e2500000, 0x00000000e2500000|100%| O|  |TAMS 0x00000000e2400000| PB 0x00000000e2400000| Untracked |  0
|  37|0x00000000e2500000, 0x00000000e2600000, 0x00000000e2600000|100%| O|  |TAMS 0x00000000e2500000| PB 0x00000000e2500000| Untracked |  0
|  38|0x00000000e2600000, 0x00000000e2700000, 0x00000000e2700000|100%| O|  |TAMS 0x00000000e2600000| PB 0x00000000e2600000| Untracked |  0
|  39|0x00000000e2700000, 0x00000000e2800000, 0x00000000e2800000|100%| O|  |TAMS 0x00000000e2700000| PB 0x00000000e2700000| Untracked |  0
|  40|0x00000000e2800000, 0x00000000e2900000, 0x00000000e2900000|100%| O|  |TAMS 0x00000000e2800000| PB 0x00000000e2800000| Untracked |  0
|  41|0x00000000e2900000, 0x00000000e2900000, 0x00000000e2a00000|  0%| F|  |TAMS 0x00000000e2900000| PB 0x00000000e2900000| Untracked |  0
|  42|0x00000000e2a00000, 0x00000000e2b00000, 0x00000000e2b00000|100%| O|  |TAMS 0x00000000e2a00000| PB 0x00000000e2a00000| Untracked |  0
|  43|0x00000000e2b00000, 0x00000000e2c00000, 0x00000000e2c00000|100%| O|  |TAMS 0x00000000e2b00000| PB 0x00000000e2b00000| Untracked |  0
|  44|0x00000000e2c00000, 0x00000000e2d00000, 0x00000000e2d00000|100%| O|  |TAMS 0x00000000e2c00000| PB 0x00000000e2c00000| Untracked |  0
|  45|0x00000000e2d00000, 0x00000000e2e00000, 0x00000000e2e00000|100%| O|  |TAMS 0x00000000e2d00000| PB 0x00000000e2d00000| Untracked |  0
|  46|0x00000000e2e00000, 0x00000000e2f00000, 0x00000000e2f00000|100%| O|  |TAMS 0x00000000e2e00000| PB 0x00000000e2e00000| Untracked |  0
|  47|0x00000000e2f00000, 0x00000000e3000000, 0x00000000e3000000|100%| O|  |TAMS 0x00000000e2f00000| PB 0x00000000e2f00000| Untracked |  0
|  48|0x00000000e3000000, 0x00000000e3100000, 0x00000000e3100000|100%| O|  |TAMS 0x00000000e3000000| PB 0x00000000e3000000| Untracked |  0
|  49|0x00000000e3100000, 0x00000000e3200000, 0x00000000e3200000|100%| O|  |TAMS 0x00000000e3100000| PB 0x00000000e3100000| Untracked |  0
|  50|0x00000000e3200000, 0x00000000e3300000, 0x00000000e3300000|100%| O|  |TAMS 0x00000000e3200000| PB 0x00000000e3200000| Untracked |  0
|  51|0x00000000e3300000, 0x00000000e3400000, 0x00000000e3400000|100%| O|  |TAMS 0x00000000e3300000| PB 0x00000000e3300000| Untracked |  0
|  52|0x00000000e3400000, 0x00000000e3500000, 0x00000000e3500000|100%| O|  |TAMS 0x00000000e3400000| PB 0x00000000e3400000| Untracked |  0
|  53|0x00000000e3500000, 0x00000000e3600000, 0x00000000e3600000|100%| O|  |TAMS 0x00000000e3500000| PB 0x00000000e3500000| Untracked |  0
|  54|0x00000000e3600000, 0x00000000e3700000, 0x00000000e3700000|100%| O|  |TAMS 0x00000000e3600000| PB 0x00000000e3600000| Untracked |  0
|  55|0x00000000e3700000, 0x00000000e3800000, 0x00000000e3800000|100%| O|  |TAMS 0x00000000e3700000| PB 0x00000000e3700000| Untracked |  0
|  56|0x00000000e3800000, 0x00000000e3900000, 0x00000000e3900000|100%| O|  |TAMS 0x00000000e3800000| PB 0x00000000e3800000| Untracked |  0
|  57|0x00000000e3900000, 0x00000000e3a00000, 0x00000000e3a00000|100%| O|  |TAMS 0x00000000e3900000| PB 0x00000000e3900000| Untracked |  0
|  58|0x00000000e3a00000, 0x00000000e3b00000, 0x00000000e3b00000|100%| O|  |TAMS 0x00000000e3a00000| PB 0x00000000e3a00000| Untracked |  0
|  59|0x00000000e3b00000, 0x00000000e3c00000, 0x00000000e3c00000|100%| O|  |TAMS 0x00000000e3b00000| PB 0x00000000e3b00000| Untracked |  0
|  60|0x00000000e3c00000, 0x00000000e3d00000, 0x00000000e3d00000|100%| O|  |TAMS 0x00000000e3c00000| PB 0x00000000e3c00000| Untracked |  0
|  61|0x00000000e3d00000, 0x00000000e3e00000, 0x00000000e3e00000|100%| O|  |TAMS 0x00000000e3d00000| PB 0x00000000e3d00000| Untracked |  0
|  62|0x00000000e3e00000, 0x00000000e3f00000, 0x00000000e3f00000|100%| O|  |TAMS 0x00000000e3e00000| PB 0x00000000e3e00000| Untracked |  0
|  63|0x00000000e3f00000, 0x00000000e4000000, 0x00000000e4000000|100%| O|  |TAMS 0x00000000e3f00000| PB 0x00000000e3f00000| Untracked |  0
|  64|0x00000000e4000000, 0x00000000e4000000, 0x00000000e4100000|  0%| F|  |TAMS 0x00000000e4000000| PB 0x00000000e4000000| Untracked |  0
|  65|0x00000000e4100000, 0x00000000e4100000, 0x00000000e4200000|  0%| F|  |TAMS 0x00000000e4100000| PB 0x00000000e4100000| Untracked |  0
|  66|0x00000000e4200000, 0x00000000e4200000, 0x00000000e4300000|  0%| F|  |TAMS 0x00000000e4200000| PB 0x00000000e4200000| Untracked |  0
|  67|0x00000000e4300000, 0x00000000e4300000, 0x00000000e4400000|  0%| F|  |TAMS 0x00000000e4300000| PB 0x00000000e4300000| Untracked |  0
|  68|0x00000000e4400000, 0x00000000e4400000, 0x00000000e4500000|  0%| F|  |TAMS 0x00000000e4400000| PB 0x00000000e4400000| Untracked |  0
|  69|0x00000000e4500000, 0x00000000e4500000, 0x00000000e4600000|  0%| F|  |TAMS 0x00000000e4500000| PB 0x00000000e4500000| Untracked |  0
|  70|0x00000000e4600000, 0x00000000e4600000, 0x00000000e4700000|  0%| F|  |TAMS 0x00000000e4600000| PB 0x00000000e4600000| Untracked |  0
|  71|0x00000000e4700000, 0x00000000e4700000, 0x00000000e4800000|  0%| F|  |TAMS 0x00000000e4700000| PB 0x00000000e4700000| Untracked |  0
|  72|0x00000000e4800000, 0x00000000e4800000, 0x00000000e4900000|  0%| F|  |TAMS 0x00000000e4800000| PB 0x00000000e4800000| Untracked |  0
|  73|0x00000000e4900000, 0x00000000e4900000, 0x00000000e4a00000|  0%| F|  |TAMS 0x00000000e4900000| PB 0x00000000e4900000| Untracked |  0
|  74|0x00000000e4a00000, 0x00000000e4a00000, 0x00000000e4b00000|  0%| F|  |TAMS 0x00000000e4a00000| PB 0x00000000e4a00000| Untracked |  0
|  75|0x00000000e4b00000, 0x00000000e4b00000, 0x00000000e4c00000|  0%| F|  |TAMS 0x00000000e4b00000| PB 0x00000000e4b00000| Untracked |  0
|  76|0x00000000e4c00000, 0x00000000e4c00000, 0x00000000e4d00000|  0%| F|  |TAMS 0x00000000e4c00000| PB 0x00000000e4c00000| Untracked |  0
|  77|0x00000000e4d00000, 0x00000000e4d00000, 0x00000000e4e00000|  0%| F|  |TAMS 0x00000000e4d00000| PB 0x00000000e4d00000| Untracked |  0
|  78|0x00000000e4e00000, 0x00000000e4e00000, 0x00000000e4f00000|  0%| F|  |TAMS 0x00000000e4e00000| PB 0x00000000e4e00000| Untracked |  0
|  79|0x00000000e4f00000, 0x00000000e4f00000, 0x00000000e5000000|  0%| F|  |TAMS 0x00000000e4f00000| PB 0x00000000e4f00000| Untracked |  0
|  80|0x00000000e5000000, 0x00000000e5000000, 0x00000000e5100000|  0%| F|  |TAMS 0x00000000e5000000| PB 0x00000000e5000000| Untracked |  0
|  81|0x00000000e5100000, 0x00000000e5100000, 0x00000000e5200000|  0%| F|  |TAMS 0x00000000e5100000| PB 0x00000000e5100000| Untracked |  0
|  82|0x00000000e5200000, 0x00000000e5200000, 0x00000000e5300000|  0%| F|  |TAMS 0x00000000e5200000| PB 0x00000000e5200000| Untracked |  0
|  83|0x00000000e5300000, 0x00000000e5300000, 0x00000000e5400000|  0%| F|  |TAMS 0x00000000e5300000| PB 0x00000000e5300000| Untracked |  0
|  84|0x00000000e5400000, 0x00000000e5400000, 0x00000000e5500000|  0%| F|  |TAMS 0x00000000e5400000| PB 0x00000000e5400000| Untracked |  0
|  85|0x00000000e5500000, 0x00000000e5500000, 0x00000000e5600000|  0%| F|  |TAMS 0x00000000e5500000| PB 0x00000000e5500000| Untracked |  0
|  86|0x00000000e5600000, 0x00000000e5600000, 0x00000000e5700000|  0%| F|  |TAMS 0x00000000e5600000| PB 0x00000000e5600000| Untracked |  0
|  87|0x00000000e5700000, 0x00000000e5700000, 0x00000000e5800000|  0%| F|  |TAMS 0x00000000e5700000| PB 0x00000000e5700000| Untracked |  0
|  88|0x00000000e5800000, 0x00000000e5800000, 0x00000000e5900000|  0%| F|  |TAMS 0x00000000e5800000| PB 0x00000000e5800000| Untracked |  0
|  89|0x00000000e5900000, 0x00000000e5900000, 0x00000000e5a00000|  0%| F|  |TAMS 0x00000000e5900000| PB 0x00000000e5900000| Untracked |  0
|  90|0x00000000e5a00000, 0x00000000e5a00000, 0x00000000e5b00000|  0%| F|  |TAMS 0x00000000e5a00000| PB 0x00000000e5a00000| Untracked |  0
|  91|0x00000000e5b00000, 0x00000000e5b00000, 0x00000000e5c00000|  0%| F|  |TAMS 0x00000000e5b00000| PB 0x00000000e5b00000| Untracked |  0
|  92|0x00000000e5c00000, 0x00000000e5c00000, 0x00000000e5d00000|  0%| F|  |TAMS 0x00000000e5c00000| PB 0x00000000e5c00000| Untracked |  0
|  93|0x00000000e5d00000, 0x00000000e5d00000, 0x00000000e5e00000|  0%| F|  |TAMS 0x00000000e5d00000| PB 0x00000000e5d00000| Untracked |  0
|  94|0x00000000e5e00000, 0x00000000e5e00000, 0x00000000e5f00000|  0%| F|  |TAMS 0x00000000e5e00000| PB 0x00000000e5e00000| Untracked |  0
|  95|0x00000000e5f00000, 0x00000000e5f00000, 0x00000000e6000000|  0%| F|  |TAMS 0x00000000e5f00000| PB 0x00000000e5f00000| Untracked |  0
|  96|0x00000000e6000000, 0x00000000e6000000, 0x00000000e6100000|  0%| F|  |TAMS 0x00000000e6000000| PB 0x00000000e6000000| Untracked |  0
|  97|0x00000000e6100000, 0x00000000e6100000, 0x00000000e6200000|  0%| F|  |TAMS 0x00000000e6100000| PB 0x00000000e6100000| Untracked |  0
|  98|0x00000000e6200000, 0x00000000e6200000, 0x00000000e6300000|  0%| F|  |TAMS 0x00000000e6200000| PB 0x00000000e6200000| Untracked |  0
|  99|0x00000000e6300000, 0x00000000e6300000, 0x00000000e6400000|  0%| F|  |TAMS 0x00000000e6300000| PB 0x00000000e6300000| Untracked |  0
| 100|0x00000000e6400000, 0x00000000e6400000, 0x00000000e6500000|  0%| F|  |TAMS 0x00000000e6400000| PB 0x00000000e6400000| Untracked |  0
| 101|0x00000000e6500000, 0x00000000e6500000, 0x00000000e6600000|  0%| F|  |TAMS 0x00000000e6500000| PB 0x00000000e6500000| Untracked |  0
| 102|0x00000000e6600000, 0x00000000e6600000, 0x00000000e6700000|  0%| F|  |TAMS 0x00000000e6600000| PB 0x00000000e6600000| Untracked |  0
| 103|0x00000000e6700000, 0x00000000e6700000, 0x00000000e6800000|  0%| F|  |TAMS 0x00000000e6700000| PB 0x00000000e6700000| Untracked |  0
| 104|0x00000000e6800000, 0x00000000e6800000, 0x00000000e6900000|  0%| F|  |TAMS 0x00000000e6800000| PB 0x00000000e6800000| Untracked |  0
| 105|0x00000000e6900000, 0x00000000e6900000, 0x00000000e6a00000|  0%| F|  |TAMS 0x00000000e6900000| PB 0x00000000e6900000| Untracked |  0
| 106|0x00000000e6a00000, 0x00000000e6a00000, 0x00000000e6b00000|  0%| F|  |TAMS 0x00000000e6a00000| PB 0x00000000e6a00000| Untracked |  0
| 107|0x00000000e6b00000, 0x00000000e6b00000, 0x00000000e6c00000|  0%| F|  |TAMS 0x00000000e6b00000| PB 0x00000000e6b00000| Untracked |  0
| 108|0x00000000e6c00000, 0x00000000e6c00000, 0x00000000e6d00000|  0%| F|  |TAMS 0x00000000e6c00000| PB 0x00000000e6c00000| Untracked |  0
| 109|0x00000000e6d00000, 0x00000000e6d00000, 0x00000000e6e00000|  0%| F|  |TAMS 0x00000000e6d00000| PB 0x00000000e6d00000| Untracked |  0
| 110|0x00000000e6e00000, 0x00000000e6e00000, 0x00000000e6f00000|  0%| F|  |TAMS 0x00000000e6e00000| PB 0x00000000e6e00000| Untracked |  0
| 111|0x00000000e6f00000, 0x00000000e6f00000, 0x00000000e7000000|  0%| F|  |TAMS 0x00000000e6f00000| PB 0x00000000e6f00000| Untracked |  0
| 112|0x00000000e7000000, 0x00000000e70daeb0, 0x00000000e7100000| 85%| S|CS|TAMS 0x00000000e7000000| PB 0x00000000e7000000| Complete |  0
| 113|0x00000000e7100000, 0x00000000e7200000, 0x00000000e7200000|100%| S|CS|TAMS 0x00000000e7100000| PB 0x00000000e7100000| Complete |  0
| 114|0x00000000e7200000, 0x00000000e7300000, 0x00000000e7300000|100%| S|CS|TAMS 0x00000000e7200000| PB 0x00000000e7200000| Complete |  0
| 115|0x00000000e7300000, 0x00000000e7400000, 0x00000000e7400000|100%| S|CS|TAMS 0x00000000e7300000| PB 0x00000000e7300000| Complete |  0
| 116|0x00000000e7400000, 0x00000000e7500000, 0x00000000e7500000|100%| S|CS|TAMS 0x00000000e7400000| PB 0x00000000e7400000| Complete |  0
| 117|0x00000000e7500000, 0x00000000e7600000, 0x00000000e7600000|100%| S|CS|TAMS 0x00000000e7500000| PB 0x00000000e7500000| Complete |  0
| 118|0x00000000e7600000, 0x00000000e7700000, 0x00000000e7700000|100%| S|CS|TAMS 0x00000000e7600000| PB 0x00000000e7600000| Complete |  0
| 119|0x00000000e7700000, 0x00000000e7800000, 0x00000000e7800000|100%| S|CS|TAMS 0x00000000e7700000| PB 0x00000000e7700000| Complete |  0
| 120|0x00000000e7800000, 0x00000000e7900000, 0x00000000e7900000|100%| S|CS|TAMS 0x00000000e7800000| PB 0x00000000e7800000| Complete |  0
| 121|0x00000000e7900000, 0x00000000e7a00000, 0x00000000e7a00000|100%| S|CS|TAMS 0x00000000e7900000| PB 0x00000000e7900000| Complete |  0
| 122|0x00000000e7a00000, 0x00000000e7a00000, 0x00000000e7b00000|  0%| F|  |TAMS 0x00000000e7a00000| PB 0x00000000e7a00000| Untracked |  0
| 123|0x00000000e7b00000, 0x00000000e7b00000, 0x00000000e7c00000|  0%| F|  |TAMS 0x00000000e7b00000| PB 0x00000000e7b00000| Untracked |  0
| 124|0x00000000e7c00000, 0x00000000e7c00000, 0x00000000e7d00000|  0%| F|  |TAMS 0x00000000e7c00000| PB 0x00000000e7c00000| Untracked |  0
| 125|0x00000000e7d00000, 0x00000000e7d00000, 0x00000000e7e00000|  0%| F|  |TAMS 0x00000000e7d00000| PB 0x00000000e7d00000| Untracked |  0
| 126|0x00000000e7e00000, 0x00000000e7e00000, 0x00000000e7f00000|  0%| F|  |TAMS 0x00000000e7e00000| PB 0x00000000e7e00000| Untracked |  0
| 127|0x00000000e7f00000, 0x00000000e7f00000, 0x00000000e8000000|  0%| F|  |TAMS 0x00000000e7f00000| PB 0x00000000e7f00000| Untracked |  0
| 128|0x00000000e8000000, 0x00000000e8000000, 0x00000000e8100000|  0%| F|  |TAMS 0x00000000e8000000| PB 0x00000000e8000000| Untracked |  0
| 129|0x00000000e8100000, 0x00000000e8100000, 0x00000000e8200000|  0%| F|  |TAMS 0x00000000e8100000| PB 0x00000000e8100000| Untracked |  0
| 130|0x00000000e8200000, 0x00000000e8200000, 0x00000000e8300000|  0%| F|  |TAMS 0x00000000e8200000| PB 0x00000000e8200000| Untracked |  0
| 131|0x00000000e8300000, 0x00000000e8300000, 0x00000000e8400000|  0%| F|  |TAMS 0x00000000e8300000| PB 0x00000000e8300000| Untracked |  0
| 132|0x00000000e8400000, 0x00000000e8400000, 0x00000000e8500000|  0%| F|  |TAMS 0x00000000e8400000| PB 0x00000000e8400000| Untracked |  0
| 133|0x00000000e8500000, 0x00000000e8500000, 0x00000000e8600000|  0%| F|  |TAMS 0x00000000e8500000| PB 0x00000000e8500000| Untracked |  0
| 134|0x00000000e8600000, 0x00000000e8600000, 0x00000000e8700000|  0%| F|  |TAMS 0x00000000e8600000| PB 0x00000000e8600000| Untracked |  0
| 135|0x00000000e8700000, 0x00000000e8700000, 0x00000000e8800000|  0%| F|  |TAMS 0x00000000e8700000| PB 0x00000000e8700000| Untracked |  0
| 136|0x00000000e8800000, 0x00000000e8800000, 0x00000000e8900000|  0%| F|  |TAMS 0x00000000e8800000| PB 0x00000000e8800000| Untracked |  0
| 137|0x00000000e8900000, 0x00000000e8900000, 0x00000000e8a00000|  0%| F|  |TAMS 0x00000000e8900000| PB 0x00000000e8900000| Untracked |  0
| 138|0x00000000e8a00000, 0x00000000e8a00000, 0x00000000e8b00000|  0%| F|  |TAMS 0x00000000e8a00000| PB 0x00000000e8a00000| Untracked |  0
| 139|0x00000000e8b00000, 0x00000000e8b00000, 0x00000000e8c00000|  0%| F|  |TAMS 0x00000000e8b00000| PB 0x00000000e8b00000| Untracked |  0
| 140|0x00000000e8c00000, 0x00000000e8c00000, 0x00000000e8d00000|  0%| F|  |TAMS 0x00000000e8c00000| PB 0x00000000e8c00000| Untracked |  0
| 141|0x00000000e8d00000, 0x00000000e8d00000, 0x00000000e8e00000|  0%| F|  |TAMS 0x00000000e8d00000| PB 0x00000000e8d00000| Untracked |  0
| 142|0x00000000e8e00000, 0x00000000e8e00000, 0x00000000e8f00000|  0%| F|  |TAMS 0x00000000e8e00000| PB 0x00000000e8e00000| Untracked |  0
| 143|0x00000000e8f00000, 0x00000000e8f00000, 0x00000000e9000000|  0%| F|  |TAMS 0x00000000e8f00000| PB 0x00000000e8f00000| Untracked |  0
| 144|0x00000000e9000000, 0x00000000e9000000, 0x00000000e9100000|  0%| F|  |TAMS 0x00000000e9000000| PB 0x00000000e9000000| Untracked |  0
| 145|0x00000000e9100000, 0x00000000e9100000, 0x00000000e9200000|  0%| F|  |TAMS 0x00000000e9100000| PB 0x00000000e9100000| Untracked |  0
| 146|0x00000000e9200000, 0x00000000e9200000, 0x00000000e9300000|  0%| F|  |TAMS 0x00000000e9200000| PB 0x00000000e9200000| Untracked |  0
| 147|0x00000000e9300000, 0x00000000e9300000, 0x00000000e9400000|  0%| F|  |TAMS 0x00000000e9300000| PB 0x00000000e9300000| Untracked |  0
| 148|0x00000000e9400000, 0x00000000e9400000, 0x00000000e9500000|  0%| F|  |TAMS 0x00000000e9400000| PB 0x00000000e9400000| Untracked |  0
| 149|0x00000000e9500000, 0x00000000e9500000, 0x00000000e9600000|  0%| F|  |TAMS 0x00000000e9500000| PB 0x00000000e9500000| Untracked |  0
| 150|0x00000000e9600000, 0x00000000e9600000, 0x00000000e9700000|  0%| F|  |TAMS 0x00000000e9600000| PB 0x00000000e9600000| Untracked |  0
| 151|0x00000000e9700000, 0x00000000e9700000, 0x00000000e9800000|  0%| F|  |TAMS 0x00000000e9700000| PB 0x00000000e9700000| Untracked |  0
| 152|0x00000000e9800000, 0x00000000e9800000, 0x00000000e9900000|  0%| F|  |TAMS 0x00000000e9800000| PB 0x00000000e9800000| Untracked |  0
| 153|0x00000000e9900000, 0x00000000e9900000, 0x00000000e9a00000|  0%| F|  |TAMS 0x00000000e9900000| PB 0x00000000e9900000| Untracked |  0
| 154|0x00000000e9a00000, 0x00000000e9a00000, 0x00000000e9b00000|  0%| F|  |TAMS 0x00000000e9a00000| PB 0x00000000e9a00000| Untracked |  0
| 155|0x00000000e9b00000, 0x00000000e9b00000, 0x00000000e9c00000|  0%| F|  |TAMS 0x00000000e9b00000| PB 0x00000000e9b00000| Untracked |  0
| 156|0x00000000e9c00000, 0x00000000e9c00000, 0x00000000e9d00000|  0%| F|  |TAMS 0x00000000e9c00000| PB 0x00000000e9c00000| Untracked |  0
| 157|0x00000000e9d00000, 0x00000000e9d00000, 0x00000000e9e00000|  0%| F|  |TAMS 0x00000000e9d00000| PB 0x00000000e9d00000| Untracked |  0
| 158|0x00000000e9e00000, 0x00000000e9e00000, 0x00000000e9f00000|  0%| F|  |TAMS 0x00000000e9e00000| PB 0x00000000e9e00000| Untracked |  0
| 159|0x00000000e9f00000, 0x00000000e9f00000, 0x00000000ea000000|  0%| F|  |TAMS 0x00000000e9f00000| PB 0x00000000e9f00000| Untracked |  0
| 160|0x00000000ea000000, 0x00000000ea000000, 0x00000000ea100000|  0%| F|  |TAMS 0x00000000ea000000| PB 0x00000000ea000000| Untracked |  0
| 161|0x00000000ea100000, 0x00000000ea100000, 0x00000000ea200000|  0%| F|  |TAMS 0x00000000ea100000| PB 0x00000000ea100000| Untracked |  0
| 162|0x00000000ea200000, 0x00000000ea200000, 0x00000000ea300000|  0%| F|  |TAMS 0x00000000ea200000| PB 0x00000000ea200000| Untracked |  0
| 163|0x00000000ea300000, 0x00000000ea300000, 0x00000000ea400000|  0%| F|  |TAMS 0x00000000ea300000| PB 0x00000000ea300000| Untracked |  0
| 164|0x00000000ea400000, 0x00000000ea400000, 0x00000000ea500000|  0%| F|  |TAMS 0x00000000ea400000| PB 0x00000000ea400000| Untracked |  0
| 165|0x00000000ea500000, 0x00000000ea500000, 0x00000000ea600000|  0%| F|  |TAMS 0x00000000ea500000| PB 0x00000000ea500000| Untracked |  0
| 166|0x00000000ea600000, 0x00000000ea600000, 0x00000000ea700000|  0%| F|  |TAMS 0x00000000ea600000| PB 0x00000000ea600000| Untracked |  0
| 167|0x00000000ea700000, 0x00000000ea700000, 0x00000000ea800000|  0%| F|  |TAMS 0x00000000ea700000| PB 0x00000000ea700000| Untracked |  0
| 168|0x00000000ea800000, 0x00000000ea800000, 0x00000000ea900000|  0%| F|  |TAMS 0x00000000ea800000| PB 0x00000000ea800000| Untracked |  0
| 169|0x00000000ea900000, 0x00000000ea900000, 0x00000000eaa00000|  0%| F|  |TAMS 0x00000000ea900000| PB 0x00000000ea900000| Untracked |  0
| 170|0x00000000eaa00000, 0x00000000eaa00000, 0x00000000eab00000|  0%| F|  |TAMS 0x00000000eaa00000| PB 0x00000000eaa00000| Untracked |  0
| 171|0x00000000eab00000, 0x00000000eab00000, 0x00000000eac00000|  0%| F|  |TAMS 0x00000000eab00000| PB 0x00000000eab00000| Untracked |  0
| 172|0x00000000eac00000, 0x00000000eac00000, 0x00000000ead00000|  0%| F|  |TAMS 0x00000000eac00000| PB 0x00000000eac00000| Untracked |  0
| 173|0x00000000ead00000, 0x00000000ead00000, 0x00000000eae00000|  0%| F|  |TAMS 0x00000000ead00000| PB 0x00000000ead00000| Untracked |  0
| 174|0x00000000eae00000, 0x00000000eae00000, 0x00000000eaf00000|  0%| F|  |TAMS 0x00000000eae00000| PB 0x00000000eae00000| Untracked |  0
| 175|0x00000000eaf00000, 0x00000000eaf00000, 0x00000000eb000000|  0%| F|  |TAMS 0x00000000eaf00000| PB 0x00000000eaf00000| Untracked |  0
| 176|0x00000000eb000000, 0x00000000eb000000, 0x00000000eb100000|  0%| F|  |TAMS 0x00000000eb000000| PB 0x00000000eb000000| Untracked |  0
| 177|0x00000000eb100000, 0x00000000eb100000, 0x00000000eb200000|  0%| F|  |TAMS 0x00000000eb100000| PB 0x00000000eb100000| Untracked |  0
| 178|0x00000000eb200000, 0x00000000eb200000, 0x00000000eb300000|  0%| F|  |TAMS 0x00000000eb200000| PB 0x00000000eb200000| Untracked |  0
| 179|0x00000000eb300000, 0x00000000eb300000, 0x00000000eb400000|  0%| F|  |TAMS 0x00000000eb300000| PB 0x00000000eb300000| Untracked |  0
| 180|0x00000000eb400000, 0x00000000eb400000, 0x00000000eb500000|  0%| F|  |TAMS 0x00000000eb400000| PB 0x00000000eb400000| Untracked |  0
| 181|0x00000000eb500000, 0x00000000eb500000, 0x00000000eb600000|  0%| F|  |TAMS 0x00000000eb500000| PB 0x00000000eb500000| Untracked |  0
| 182|0x00000000eb600000, 0x00000000eb600000, 0x00000000eb700000|  0%| F|  |TAMS 0x00000000eb600000| PB 0x00000000eb600000| Untracked |  0
| 183|0x00000000eb700000, 0x00000000eb700000, 0x00000000eb800000|  0%| F|  |TAMS 0x00000000eb700000| PB 0x00000000eb700000| Untracked |  0
| 184|0x00000000eb800000, 0x00000000eb800000, 0x00000000eb900000|  0%| F|  |TAMS 0x00000000eb800000| PB 0x00000000eb800000| Untracked |  0
| 185|0x00000000eb900000, 0x00000000eb900000, 0x00000000eba00000|  0%| F|  |TAMS 0x00000000eb900000| PB 0x00000000eb900000| Untracked |  0
| 186|0x00000000eba00000, 0x00000000eba00000, 0x00000000ebb00000|  0%| F|  |TAMS 0x00000000eba00000| PB 0x00000000eba00000| Untracked |  0
| 187|0x00000000ebb00000, 0x00000000ebb00000, 0x00000000ebc00000|  0%| F|  |TAMS 0x00000000ebb00000| PB 0x00000000ebb00000| Untracked |  0
| 188|0x00000000ebc00000, 0x00000000ebc00000, 0x00000000ebd00000|  0%| F|  |TAMS 0x00000000ebc00000| PB 0x00000000ebc00000| Untracked |  0
| 189|0x00000000ebd00000, 0x00000000ebd00000, 0x00000000ebe00000|  0%| F|  |TAMS 0x00000000ebd00000| PB 0x00000000ebd00000| Untracked |  0
| 190|0x00000000ebe00000, 0x00000000ebe00000, 0x00000000ebf00000|  0%| F|  |TAMS 0x00000000ebe00000| PB 0x00000000ebe00000| Untracked |  0
| 191|0x00000000ebf00000, 0x00000000ebf00000, 0x00000000ec000000|  0%| F|  |TAMS 0x00000000ebf00000| PB 0x00000000ebf00000| Untracked |  0
| 192|0x00000000ec000000, 0x00000000ec000000, 0x00000000ec100000|  0%| F|  |TAMS 0x00000000ec000000| PB 0x00000000ec000000| Untracked |  0
| 193|0x00000000ec100000, 0x00000000ec100000, 0x00000000ec200000|  0%| F|  |TAMS 0x00000000ec100000| PB 0x00000000ec100000| Untracked |  0
| 194|0x00000000ec200000, 0x00000000ec200000, 0x00000000ec300000|  0%| F|  |TAMS 0x00000000ec200000| PB 0x00000000ec200000| Untracked |  0
| 195|0x00000000ec300000, 0x00000000ec300000, 0x00000000ec400000|  0%| F|  |TAMS 0x00000000ec300000| PB 0x00000000ec300000| Untracked |  0
| 196|0x00000000ec400000, 0x00000000ec400000, 0x00000000ec500000|  0%| F|  |TAMS 0x00000000ec400000| PB 0x00000000ec400000| Untracked |  0
| 197|0x00000000ec500000, 0x00000000ec500000, 0x00000000ec600000|  0%| F|  |TAMS 0x00000000ec500000| PB 0x00000000ec500000| Untracked |  0
| 198|0x00000000ec600000, 0x00000000ec600000, 0x00000000ec700000|  0%| F|  |TAMS 0x00000000ec600000| PB 0x00000000ec600000| Untracked |  0
| 199|0x00000000ec700000, 0x00000000ec700000, 0x00000000ec800000|  0%| F|  |TAMS 0x00000000ec700000| PB 0x00000000ec700000| Untracked |  0
| 200|0x00000000ec800000, 0x00000000ec800000, 0x00000000ec900000|  0%| F|  |TAMS 0x00000000ec800000| PB 0x00000000ec800000| Untracked |  0
| 201|0x00000000ec900000, 0x00000000ec900000, 0x00000000eca00000|  0%| F|  |TAMS 0x00000000ec900000| PB 0x00000000ec900000| Untracked |  0
| 202|0x00000000eca00000, 0x00000000eca00000, 0x00000000ecb00000|  0%| F|  |TAMS 0x00000000eca00000| PB 0x00000000eca00000| Untracked |  0
| 203|0x00000000ecb00000, 0x00000000ecb00000, 0x00000000ecc00000|  0%| F|  |TAMS 0x00000000ecb00000| PB 0x00000000ecb00000| Untracked |  0
| 204|0x00000000ecc00000, 0x00000000ecc00000, 0x00000000ecd00000|  0%| F|  |TAMS 0x00000000ecc00000| PB 0x00000000ecc00000| Untracked |  0
| 205|0x00000000ecd00000, 0x00000000ecd00000, 0x00000000ece00000|  0%| F|  |TAMS 0x00000000ecd00000| PB 0x00000000ecd00000| Untracked |  0
| 206|0x00000000ece00000, 0x00000000ece00000, 0x00000000ecf00000|  0%| F|  |TAMS 0x00000000ece00000| PB 0x00000000ece00000| Untracked |  0
| 207|0x00000000ecf00000, 0x00000000ecf00000, 0x00000000ed000000|  0%| F|  |TAMS 0x00000000ecf00000| PB 0x00000000ecf00000| Untracked |  0
| 208|0x00000000ed000000, 0x00000000ed000000, 0x00000000ed100000|  0%| F|  |TAMS 0x00000000ed000000| PB 0x00000000ed000000| Untracked |  0
| 209|0x00000000ed100000, 0x00000000ed100000, 0x00000000ed200000|  0%| F|  |TAMS 0x00000000ed100000| PB 0x00000000ed100000| Untracked |  0
| 210|0x00000000ed200000, 0x00000000ed200000, 0x00000000ed300000|  0%| F|  |TAMS 0x00000000ed200000| PB 0x00000000ed200000| Untracked |  0
| 211|0x00000000ed300000, 0x00000000ed300000, 0x00000000ed400000|  0%| F|  |TAMS 0x00000000ed300000| PB 0x00000000ed300000| Untracked |  0
| 212|0x00000000ed400000, 0x00000000ed400000, 0x00000000ed500000|  0%| F|  |TAMS 0x00000000ed400000| PB 0x00000000ed400000| Untracked |  0
| 213|0x00000000ed500000, 0x00000000ed500000, 0x00000000ed600000|  0%| F|  |TAMS 0x00000000ed500000| PB 0x00000000ed500000| Untracked |  0
| 214|0x00000000ed600000, 0x00000000ed65e9a0, 0x00000000ed700000| 36%| E|  |TAMS 0x00000000ed600000| PB 0x00000000ed600000| Complete |  0
| 215|0x00000000ed700000, 0x00000000ed800000, 0x00000000ed800000|100%| E|CS|TAMS 0x00000000ed700000| PB 0x00000000ed700000| Complete |  0
| 216|0x00000000ed800000, 0x00000000ed900000, 0x00000000ed900000|100%| E|CS|TAMS 0x00000000ed800000| PB 0x00000000ed800000| Complete |  0
| 217|0x00000000ed900000, 0x00000000eda00000, 0x00000000eda00000|100%| E|CS|TAMS 0x00000000ed900000| PB 0x00000000ed900000| Complete |  0
| 218|0x00000000eda00000, 0x00000000edb00000, 0x00000000edb00000|100%| E|CS|TAMS 0x00000000eda00000| PB 0x00000000eda00000| Complete |  0
| 219|0x00000000edb00000, 0x00000000edc00000, 0x00000000edc00000|100%| E|CS|TAMS 0x00000000edb00000| PB 0x00000000edb00000| Complete |  0
| 220|0x00000000edc00000, 0x00000000edd00000, 0x00000000edd00000|100%| E|CS|TAMS 0x00000000edc00000| PB 0x00000000edc00000| Complete |  0
| 221|0x00000000edd00000, 0x00000000ede00000, 0x00000000ede00000|100%| E|CS|TAMS 0x00000000edd00000| PB 0x00000000edd00000| Complete |  0
| 222|0x00000000ede00000, 0x00000000edf00000, 0x00000000edf00000|100%| E|CS|TAMS 0x00000000ede00000| PB 0x00000000ede00000| Complete |  0
| 223|0x00000000edf00000, 0x00000000ee000000, 0x00000000ee000000|100%| E|CS|TAMS 0x00000000edf00000| PB 0x00000000edf00000| Complete |  0
| 224|0x00000000ee000000, 0x00000000ee100000, 0x00000000ee100000|100%| E|CS|TAMS 0x00000000ee000000| PB 0x00000000ee000000| Complete |  0
| 225|0x00000000ee100000, 0x00000000ee200000, 0x00000000ee200000|100%| E|CS|TAMS 0x00000000ee100000| PB 0x00000000ee100000| Complete |  0
| 226|0x00000000ee200000, 0x00000000ee300000, 0x00000000ee300000|100%| E|CS|TAMS 0x00000000ee200000| PB 0x00000000ee200000| Complete |  0
| 227|0x00000000ee300000, 0x00000000ee400000, 0x00000000ee400000|100%| E|CS|TAMS 0x00000000ee300000| PB 0x00000000ee300000| Complete |  0
| 228|0x00000000ee400000, 0x00000000ee500000, 0x00000000ee500000|100%| E|CS|TAMS 0x00000000ee400000| PB 0x00000000ee400000| Complete |  0
| 229|0x00000000ee500000, 0x00000000ee600000, 0x00000000ee600000|100%| E|CS|TAMS 0x00000000ee500000| PB 0x00000000ee500000| Complete |  0
| 230|0x00000000ee600000, 0x00000000ee700000, 0x00000000ee700000|100%| E|CS|TAMS 0x00000000ee600000| PB 0x00000000ee600000| Complete |  0
| 231|0x00000000ee700000, 0x00000000ee800000, 0x00000000ee800000|100%| E|CS|TAMS 0x00000000ee700000| PB 0x00000000ee700000| Complete |  0
| 232|0x00000000ee800000, 0x00000000ee900000, 0x00000000ee900000|100%| E|CS|TAMS 0x00000000ee800000| PB 0x00000000ee800000| Complete |  0
| 233|0x00000000ee900000, 0x00000000eea00000, 0x00000000eea00000|100%| E|CS|TAMS 0x00000000ee900000| PB 0x00000000ee900000| Complete |  0
| 234|0x00000000eea00000, 0x00000000eeb00000, 0x00000000eeb00000|100%| E|CS|TAMS 0x00000000eea00000| PB 0x00000000eea00000| Complete |  0
| 235|0x00000000eeb00000, 0x00000000eec00000, 0x00000000eec00000|100%| E|CS|TAMS 0x00000000eeb00000| PB 0x00000000eeb00000| Complete |  0
| 236|0x00000000eec00000, 0x00000000eed00000, 0x00000000eed00000|100%| E|CS|TAMS 0x00000000eec00000| PB 0x00000000eec00000| Complete |  0
| 237|0x00000000eed00000, 0x00000000eee00000, 0x00000000eee00000|100%| E|CS|TAMS 0x00000000eed00000| PB 0x00000000eed00000| Complete |  0
| 238|0x00000000eee00000, 0x00000000eef00000, 0x00000000eef00000|100%| E|CS|TAMS 0x00000000eee00000| PB 0x00000000eee00000| Complete |  0
| 239|0x00000000eef00000, 0x00000000ef000000, 0x00000000ef000000|100%| E|CS|TAMS 0x00000000eef00000| PB 0x00000000eef00000| Complete |  0
| 240|0x00000000ef000000, 0x00000000ef100000, 0x00000000ef100000|100%| E|CS|TAMS 0x00000000ef000000| PB 0x00000000ef000000| Complete |  0
| 241|0x00000000ef100000, 0x00000000ef200000, 0x00000000ef200000|100%| E|CS|TAMS 0x00000000ef100000| PB 0x00000000ef100000| Complete |  0
| 242|0x00000000ef200000, 0x00000000ef300000, 0x00000000ef300000|100%| E|CS|TAMS 0x00000000ef200000| PB 0x00000000ef200000| Complete |  0
| 243|0x00000000ef300000, 0x00000000ef400000, 0x00000000ef400000|100%| E|CS|TAMS 0x00000000ef300000| PB 0x00000000ef300000| Complete |  0
| 244|0x00000000ef400000, 0x00000000ef500000, 0x00000000ef500000|100%| E|CS|TAMS 0x00000000ef400000| PB 0x00000000ef400000| Complete |  0
| 245|0x00000000ef500000, 0x00000000ef600000, 0x00000000ef600000|100%| E|CS|TAMS 0x00000000ef500000| PB 0x00000000ef500000| Complete |  0
| 246|0x00000000ef600000, 0x00000000ef700000, 0x00000000ef700000|100%| E|CS|TAMS 0x00000000ef600000| PB 0x00000000ef600000| Complete |  0
| 247|0x00000000ef700000, 0x00000000ef800000, 0x00000000ef800000|100%| E|CS|TAMS 0x00000000ef700000| PB 0x00000000ef700000| Complete |  0
| 248|0x00000000ef800000, 0x00000000ef900000, 0x00000000ef900000|100%| E|CS|TAMS 0x00000000ef800000| PB 0x00000000ef800000| Complete |  0
| 249|0x00000000ef900000, 0x00000000efa00000, 0x00000000efa00000|100%| E|CS|TAMS 0x00000000ef900000| PB 0x00000000ef900000| Complete |  0
| 250|0x00000000efa00000, 0x00000000efb00000, 0x00000000efb00000|100%| E|CS|TAMS 0x00000000efa00000| PB 0x00000000efa00000| Complete |  0
| 251|0x00000000efb00000, 0x00000000efc00000, 0x00000000efc00000|100%| E|CS|TAMS 0x00000000efb00000| PB 0x00000000efb00000| Complete |  0
| 252|0x00000000efc00000, 0x00000000efd00000, 0x00000000efd00000|100%| E|CS|TAMS 0x00000000efc00000| PB 0x00000000efc00000| Complete |  0
| 255|0x00000000eff00000, 0x00000000f0000000, 0x00000000f0000000|100%| E|CS|TAMS 0x00000000eff00000| PB 0x00000000eff00000| Complete |  0
| 510|0x00000000ffe00000, 0x00000000fff00000, 0x00000000fff00000|100%| O|  |TAMS 0x00000000ffe00000| PB 0x00000000ffe00000| Untracked |  0
| 511|0x00000000fff00000, 0x0000000100000000, 0x0000000100000000|100%| E|CS|TAMS 0x00000000fff00000| PB 0x00000000fff00000| Complete |  0

Card table byte_map: [0x0000029d7b1b0000,0x0000029d7b2b0000] _byte_map_base: 0x0000029d7aab0000

Marking Bits: (CMBitMap*) 0x0000029d61cbe4a0
 Bits: [0x0000029d7b2b0000, 0x0000029d7bab0000)

Polling page: 0x0000029d5fa90000

Metaspace:
Metaspace        used 72453K, committed 74816K, reserved 393216K
 class space     used 8549K, committed 9664K, reserved 327680K

Usage:
  Non-class:     62.41 MB used.
      Class:      8.35 MB used.
       Both:     70.76 MB used.

Virtual space:
  Non-class space:       64.00 MB reserved,      63.62 MB (>99%) committed,  1 nodes.
      Class space:      320.00 MB reserved,       9.44 MB (  3%) committed,  1 nodes.
             Both:      384.00 MB reserved,      73.06 MB ( 19%) committed. 

Chunk freelists:
   Non-Class:  272.00 KB
       Class:  6.45 MB
        Both:  6.71 MB

MaxMetaspaceSize: 384.00 MB
CompressedClassSpaceSize: 320.00 MB
Initial GC threshold: 21.00 MB
Current GC threshold: 101.50 MB
CDS: on
 - commit_granule_bytes: 65536.
 - commit_granule_words: 8192.
 - virtual_space_node_default_size: 8388608.
 - enlarge_chunks_in_place: 1.
UseCompressedClassPointers 1, UseCompactObjectHeaders 0
Narrow klass pointer bits 32, Max shift 3
Narrow klass base: 0x0000000083000000, Narrow klass shift: 0
Encoding Range: [0x0000000083000000 - 0x0000000183000000), (4294967296 bytes)
Klass Range:    [0x0000000083010000 - 0x0000000098000000), (352256000 bytes)
Klass ID Range:  [65536 - 352321529) (352255993)
Protection zone: [0x0000000083000000 - 0x0000000083010000), (65536 bytes)


Internal statistics:

num_allocs_failed_limit: 18.
num_arena_births: 4298.
num_arena_deaths: 0.
num_vsnodes_births: 2.
num_vsnodes_deaths: 0.
num_space_committed: 1169.
num_space_uncommitted: 0.
num_chunks_returned_to_freelist: 18.
num_chunks_taken_from_freelist: 7856.
num_chunk_merges: 9.
num_chunk_splits: 5089.
num_chunks_enlarged: 3148.
num_inconsistent_stats: 0.

CodeHeap 'non-profiled nmethods': size=120064Kb used=6479Kb max_used=6479Kb free=113584Kb
 bounds [0x0000029d73730000, 0x0000029d73d90000, 0x0000029d7ac70000]
CodeHeap 'profiled nmethods': size=120000Kb used=23389Kb max_used=23389Kb free=96610Kb
 bounds [0x0000029d6bc70000, 0x0000029d6d350000, 0x0000029d731a0000]
CodeHeap 'non-nmethods': size=5696Kb used=2001Kb max_used=2078Kb free=3694Kb
 bounds [0x0000029d731a0000, 0x0000029d73410000, 0x0000029d73730000]
CodeCache: size=245760Kb, used=31869Kb, max_used=31946Kb, free=213888Kb
 total_blobs=15696, nmethods=14852, adapters=744, full_count=0
Compilation: enabled, stopped_count=0, restarted_count=0

Compilation events (20 events):
Event: 127.760 Thread 0x0000029d7e48e1e0 15695       1       io.spring.gradle.dependencymanagement.org.apache.maven.model.Repository::getSnapshots (5 bytes)
Event: 127.760 Thread 0x0000029d7e48e1e0 nmethod 15695 0x0000029d73d82008 code [0x0000029d73d82100, 0x0000029d73d821c8]
Event: 127.765 Thread 0x0000029d7e48e1e0 15697  s    3       org.gradle.internal.event.ListenerBroadcast::add (13 bytes)
Event: 127.765 Thread 0x0000029d7e48e1e0 nmethod 15697 0x0000029d6d330608 code [0x0000029d6d330700, 0x0000029d6d330b70]
Event: 127.771 Thread 0x0000029d7e48e1e0 15698       3       org.gradle.internal.component.local.model.DefaultLocalComponentGraphResolveState::getModuleVersionId (11 bytes)
Event: 127.772 Thread 0x0000029d7e48e1e0 nmethod 15698 0x0000029d6d330b88 code [0x0000029d6d330c80, 0x0000029d6d330f80]
Event: 127.776 Thread 0x0000029d7e48e1e0 15699       3       io.spring.gradle.dependencymanagement.org.codehaus.plexus.interpolation.StringSearchInterpolator::<init> (55 bytes)
Event: 127.776 Thread 0x0000029d7e48e1e0 nmethod 15699 0x0000029d6d331008 code [0x0000029d6d331100, 0x0000029d6d331a58]
Event: 127.781 Thread 0x0000029d7e48e1e0 15700       3       org.gradle.api.internal.file.collections.FileCollectionAdapter::<init> (12 bytes)
Event: 127.782 Thread 0x0000029d7e48e1e0 nmethod 15700 0x0000029d6d331a88 code [0x0000029d6d331b80, 0x0000029d6d331eb0]
Event: 127.787 Thread 0x0000029d7e48e1e0 15701       3       org.gradle.internal.event.DefaultListenerManager::createAnonymousBroadcaster (23 bytes)
Event: 127.788 Thread 0x0000029d7e48e1e0 nmethod 15701 0x0000029d6d331f08 code [0x0000029d6d332000, 0x0000029d6d332c98]
Event: 127.788 Thread 0x0000029d7e48e1e0 15702       3       org.gradle.internal.event.AnonymousListenerBroadcast::<init> (16 bytes)
Event: 127.788 Thread 0x0000029d7e48e1e0 nmethod 15702 0x0000029d6d332d08 code [0x0000029d6d332e00, 0x0000029d6d333830]
Event: 127.795 Thread 0x0000029d7e48e1e0 15703       3       java.util.regex.Pattern$GroupHead::<init> (10 bytes)
Event: 127.795 Thread 0x0000029d7e48e1e0 nmethod 15703 0x0000029d6d333888 code [0x0000029d6d333980, 0x0000029d6d333bb8]
Event: 127.795 Thread 0x0000029d7e48e1e0 15704       3       java.util.regex.Pattern$GroupTail::<init> (17 bytes)
Event: 127.795 Thread 0x0000029d7e48e1e0 nmethod 15704 0x0000029d6d333c08 code [0x0000029d6d333d00, 0x0000029d6d333f40]
Event: 127.805 Thread 0x0000029d7e48e1e0 15705       3       io.spring.gradle.dependencymanagement.org.apache.maven.model.profile.activation.PropertyProfileActivator::isActive (270 bytes)
Event: 127.808 Thread 0x0000029d7e48e1e0 nmethod 15705 0x0000029d6d333f88 code [0x0000029d6d334080, 0x0000029d6d336828]

GC Heap Usage History (20 events):
Event: 2.164 {heap Before GC invocations=1 (full 0):
 garbage-first heap   total reserved 524288K, committed 264192K, used 121131K [0x00000000e0000000, 0x0000000100000000)
  region size 1024K, 110 young (112640K), 6 survivors (6144K)
}
Event: 2.175 {heap After GC invocations=2 (full 0):
 garbage-first heap   total reserved 524288K, committed 264192K, used 23467K [0x00000000e0000000, 0x0000000100000000)
  region size 1024K, 14 young (14336K), 14 survivors (14336K)
}
Event: 2.232 {heap Before GC invocations=2 (full 0):
 garbage-first heap   total reserved 524288K, committed 264192K, used 30635K [0x00000000e0000000, 0x0000000100000000)
  region size 1024K, 20 young (20480K), 14 survivors (14336K)
}
Event: 2.239 {heap After GC invocations=3 (full 0):
 garbage-first heap   total reserved 524288K, committed 264192K, used 26258K [0x00000000e0000000, 0x0000000100000000)
  region size 1024K, 10 young (10240K), 10 survivors (10240K)
}
Event: 3.322 {heap Before GC invocations=4 (full 0):
 garbage-first heap   total reserved 524288K, committed 262144K, used 145042K [0x00000000e0000000, 0x0000000100000000)
  region size 1024K, 128 young (131072K), 10 survivors (10240K)
}
Event: 3.332 {heap After GC invocations=5 (full 0):
 garbage-first heap   total reserved 524288K, committed 262144K, used 30923K [0x00000000e0000000, 0x0000000100000000)
  region size 1024K, 15 young (15360K), 15 survivors (15360K)
}
Event: 3.369 {heap Before GC invocations=5 (full 0):
 garbage-first heap   total reserved 524288K, committed 262144K, used 32971K [0x00000000e0000000, 0x0000000100000000)
  region size 1024K, 18 young (18432K), 15 survivors (15360K)
}
Event: 3.377 {heap After GC invocations=6 (full 0):
 garbage-first heap   total reserved 524288K, committed 262144K, used 31352K [0x00000000e0000000, 0x0000000100000000)
  region size 1024K, 8 young (8192K), 8 survivors (8192K)
}
Event: 3.392 {heap Before GC invocations=6 (full 0):
 garbage-first heap   total reserved 524288K, committed 262144K, used 32376K [0x00000000e0000000, 0x0000000100000000)
  region size 1024K, 10 young (10240K), 8 survivors (8192K)
}
Event: 3.397 {heap After GC invocations=7 (full 0):
 garbage-first heap   total reserved 524288K, committed 262144K, used 31646K [0x00000000e0000000, 0x0000000100000000)
  region size 1024K, 8 young (8192K), 8 survivors (8192K)
}
Event: 5.092 {heap Before GC invocations=8 (full 0):
 garbage-first heap   total reserved 524288K, committed 262144K, used 182174K [0x00000000e0000000, 0x0000000100000000)
  region size 1024K, 153 young (156672K), 8 survivors (8192K)
}
Event: 5.115 {heap After GC invocations=9 (full 0):
 garbage-first heap   total reserved 524288K, committed 262144K, used 43786K [0x00000000e0000000, 0x0000000100000000)
  region size 1024K, 18 young (18432K), 18 survivors (18432K)
}
Event: 6.377 {heap Before GC invocations=9 (full 0):
 garbage-first heap   total reserved 524288K, committed 262144K, used 182026K [0x00000000e0000000, 0x0000000100000000)
  region size 1024K, 153 young (156672K), 18 survivors (18432K)
}
Event: 6.394 {heap After GC invocations=10 (full 0):
 garbage-first heap   total reserved 524288K, committed 262144K, used 51337K [0x00000000e0000000, 0x0000000100000000)
  region size 1024K, 8 young (8192K), 8 survivors (8192K)
}
Event: 7.045 {heap Before GC invocations=10 (full 0):
 garbage-first heap   total reserved 524288K, committed 262144K, used 114825K [0x00000000e0000000, 0x0000000100000000)
  region size 1024K, 72 young (73728K), 8 survivors (8192K)
}
Event: 7.053 {heap After GC invocations=11 (full 0):
 garbage-first heap   total reserved 524288K, committed 262144K, used 53599K [0x00000000e0000000, 0x0000000100000000)
  region size 1024K, 11 young (11264K), 11 survivors (11264K)
}
Event: 8.699 {heap Before GC invocations=12 (full 0):
 garbage-first heap   total reserved 524288K, committed 262144K, used 199007K [0x00000000e0000000, 0x0000000100000000)
  region size 1024K, 153 young (156672K), 11 survivors (11264K)
}
Event: 8.714 {heap After GC invocations=13 (full 0):
 garbage-first heap   total reserved 524288K, committed 262144K, used 66024K [0x00000000e0000000, 0x0000000100000000)
  region size 1024K, 20 young (20480K), 20 survivors (20480K)
}
Event: 127.397 {heap Before GC invocations=13 (full 0):
 garbage-first heap   total reserved 524288K, committed 262144K, used 201192K [0x00000000e0000000, 0x0000000100000000)
  region size 1024K, 153 young (156672K), 20 survivors (20480K)
}
Event: 127.443 {heap After GC invocations=14 (full 0):
 garbage-first heap   total reserved 524288K, committed 262144K, used 75627K [0x00000000e0000000, 0x0000000100000000)
  region size 1024K, 10 young (10240K), 10 survivors (10240K)
}

Metaspace Usage History (20 events):
Event: 2.164 {metaspace Before GC invocations=1 (full 0):
 Metaspace       used 19640K, committed 20288K, reserved 393216K
  class space    used 2064K, committed 2368K, reserved 327680K
}
Event: 2.175 {metaspace After GC invocations=2 (full 0):
 Metaspace       used 19640K, committed 20288K, reserved 393216K
  class space    used 2064K, committed 2368K, reserved 327680K
}
Event: 2.232 {metaspace Before GC invocations=2 (full 0):
 Metaspace       used 20870K, committed 21504K, reserved 393216K
  class space    used 2124K, committed 2432K, reserved 327680K
}
Event: 2.239 {metaspace After GC invocations=3 (full 0):
 Metaspace       used 20870K, committed 21504K, reserved 393216K
  class space    used 2124K, committed 2432K, reserved 327680K
}
Event: 3.322 {metaspace Before GC invocations=4 (full 0):
 Metaspace       used 34812K, committed 36160K, reserved 393216K
  class space    used 3861K, committed 4544K, reserved 327680K
}
Event: 3.332 {metaspace After GC invocations=5 (full 0):
 Metaspace       used 34812K, committed 36160K, reserved 393216K
  class space    used 3861K, committed 4544K, reserved 327680K
}
Event: 3.369 {metaspace Before GC invocations=5 (full 0):
 Metaspace       used 35141K, committed 36480K, reserved 393216K
  class space    used 3883K, committed 4544K, reserved 327680K
}
Event: 3.377 {metaspace After GC invocations=6 (full 0):
 Metaspace       used 35141K, committed 36480K, reserved 393216K
  class space    used 3883K, committed 4544K, reserved 327680K
}
Event: 3.392 {metaspace Before GC invocations=6 (full 0):
 Metaspace       used 35459K, committed 36800K, reserved 393216K
  class space    used 3893K, committed 4544K, reserved 327680K
}
Event: 3.397 {metaspace After GC invocations=7 (full 0):
 Metaspace       used 35459K, committed 36800K, reserved 393216K
  class space    used 3893K, committed 4544K, reserved 327680K
}
Event: 5.092 {metaspace Before GC invocations=8 (full 0):
 Metaspace       used 47558K, committed 49280K, reserved 393216K
  class space    used 5581K, committed 6400K, reserved 327680K
}
Event: 5.115 {metaspace After GC invocations=9 (full 0):
 Metaspace       used 47558K, committed 49280K, reserved 393216K
  class space    used 5581K, committed 6400K, reserved 327680K
}
Event: 6.377 {metaspace Before GC invocations=9 (full 0):
 Metaspace       used 54904K, committed 56768K, reserved 393216K
  class space    used 6411K, committed 7296K, reserved 327680K
}
Event: 6.394 {metaspace After GC invocations=10 (full 0):
 Metaspace       used 54904K, committed 56768K, reserved 393216K
  class space    used 6411K, committed 7296K, reserved 327680K
}
Event: 7.045 {metaspace Before GC invocations=10 (full 0):
 Metaspace       used 59782K, committed 61760K, reserved 393216K
  class space    used 6984K, committed 7936K, reserved 327680K
}
Event: 7.053 {metaspace After GC invocations=11 (full 0):
 Metaspace       used 59782K, committed 61760K, reserved 393216K
  class space    used 6984K, committed 7936K, reserved 327680K
}
Event: 8.699 {metaspace Before GC invocations=12 (full 0):
 Metaspace       used 67256K, committed 69504K, reserved 393216K
  class space    used 7871K, committed 8960K, reserved 327680K
}
Event: 8.714 {metaspace After GC invocations=13 (full 0):
 Metaspace       used 67256K, committed 69504K, reserved 393216K
  class space    used 7871K, committed 8960K, reserved 327680K
}
Event: 127.397 {metaspace Before GC invocations=13 (full 0):
 Metaspace       used 72275K, committed 74624K, reserved 393216K
  class space    used 8546K, committed 9664K, reserved 327680K
}
Event: 127.443 {metaspace After GC invocations=14 (full 0):
 Metaspace       used 72275K, committed 74624K, reserved 393216K
  class space    used 8546K, committed 9664K, reserved 327680K
}

Dll operation events (14 events):
Event: 0.012 Loaded shared library C:\Users\user\Downloads\Compressed\bellsoft-jdk25+37-windows-amd64-full\jdk-25-full\bin\java.dll
Event: 0.068 Loaded shared library C:\Users\user\Downloads\Compressed\bellsoft-jdk25+37-windows-amd64-full\jdk-25-full\bin\zip.dll
Event: 0.071 Loaded shared library C:\Users\user\Downloads\Compressed\bellsoft-jdk25+37-windows-amd64-full\jdk-25-full\bin\instrument.dll
Event: 0.074 Loaded shared library C:\Users\user\Downloads\Compressed\bellsoft-jdk25+37-windows-amd64-full\jdk-25-full\bin\net.dll
Event: 0.076 Loaded shared library C:\Users\user\Downloads\Compressed\bellsoft-jdk25+37-windows-amd64-full\jdk-25-full\bin\nio.dll
Event: 0.078 Loaded shared library C:\Users\user\Downloads\Compressed\bellsoft-jdk25+37-windows-amd64-full\jdk-25-full\bin\zip.dll
Event: 0.204 Loaded shared library C:\Users\user\Downloads\Compressed\bellsoft-jdk25+37-windows-amd64-full\jdk-25-full\bin\jimage.dll
Event: 0.353 Loaded shared library C:\Users\user\Downloads\Compressed\bellsoft-jdk25+37-windows-amd64-full\jdk-25-full\bin\verify.dll
Event: 0.373 Loaded shared library C:\Users\user\.gradle\native\660c5614fbf4a5f2a75b1949f50a0caf5cd603558e7d8a26e50b933a0cfb79d1\windows-amd64\native-platform.dll
Event: 0.386 Loaded shared library C:\Users\user\.gradle\native\0.2.8\x86_64-windows-gnu\gradle-fileevents.dll
Event: 1.023 Loaded shared library C:\Users\user\Downloads\Compressed\bellsoft-jdk25+37-windows-amd64-full\jdk-25-full\bin\management.dll
Event: 1.025 Loaded shared library C:\Users\user\Downloads\Compressed\bellsoft-jdk25+37-windows-amd64-full\jdk-25-full\bin\management_ext.dll
Event: 1.170 Loaded shared library C:\Users\user\Downloads\Compressed\bellsoft-jdk25+37-windows-amd64-full\jdk-25-full\bin\extnet.dll
Event: 1.327 Loaded shared library C:\Users\user\Downloads\Compressed\bellsoft-jdk25+37-windows-amd64-full\jdk-25-full\bin\sunmscapi.dll

Deoptimization events (20 events):
Event: 127.529 Thread 0x0000029d08427290 Uncommon trap: trap_request=0xffffffbe fr.pc=0x0000029d73d6551c relative=0x0000000000000e1c
Event: 127.529 Thread 0x0000029d08427290 Uncommon trap: reason=profile_predicate action=maybe_recompile pc=0x0000029d73d6551c method=java.util.regex.Pattern$CharPropertyGreedy.match(Ljava/util/regex/Matcher;ILjava/lang/CharSequence;)Z @ 15 c2
Event: 127.529 Thread 0x0000029d08427290 DEOPT PACKING pc=0x0000029d73d6551c sp=0x000000f5224f66b0
Event: 127.529 Thread 0x0000029d08427290 DEOPT UNPACKING pc=0x0000029d732c1082 sp=0x000000f5224f6650 mode 2
Event: 127.529 Thread 0x0000029d08427290 Uncommon trap: trap_request=0xffffffbe fr.pc=0x0000029d73d6551c relative=0x0000000000000e1c
Event: 127.529 Thread 0x0000029d08427290 Uncommon trap: reason=profile_predicate action=maybe_recompile pc=0x0000029d73d6551c method=java.util.regex.Pattern$CharPropertyGreedy.match(Ljava/util/regex/Matcher;ILjava/lang/CharSequence;)Z @ 15 c2
Event: 127.529 Thread 0x0000029d08427290 DEOPT PACKING pc=0x0000029d73d6551c sp=0x000000f5224f6250
Event: 127.529 Thread 0x0000029d08427290 DEOPT UNPACKING pc=0x0000029d732c1082 sp=0x000000f5224f61f0 mode 2
Event: 127.538 Thread 0x0000029d08427290 Uncommon trap: trap_request=0xffffffbe fr.pc=0x0000029d73d6551c relative=0x0000000000000e1c
Event: 127.538 Thread 0x0000029d08427290 Uncommon trap: reason=profile_predicate action=maybe_recompile pc=0x0000029d73d6551c method=java.util.regex.Pattern$CharPropertyGreedy.match(Ljava/util/regex/Matcher;ILjava/lang/CharSequence;)Z @ 15 c2
Event: 127.538 Thread 0x0000029d08427290 DEOPT PACKING pc=0x0000029d73d6551c sp=0x000000f5224f66b0
Event: 127.538 Thread 0x0000029d08427290 DEOPT UNPACKING pc=0x0000029d732c1082 sp=0x000000f5224f6650 mode 2
Event: 127.538 Thread 0x0000029d08427290 Uncommon trap: trap_request=0xffffffbe fr.pc=0x0000029d73d6551c relative=0x0000000000000e1c
Event: 127.538 Thread 0x0000029d08427290 Uncommon trap: reason=profile_predicate action=maybe_recompile pc=0x0000029d73d6551c method=java.util.regex.Pattern$CharPropertyGreedy.match(Ljava/util/regex/Matcher;ILjava/lang/CharSequence;)Z @ 15 c2
Event: 127.538 Thread 0x0000029d08427290 DEOPT PACKING pc=0x0000029d73d6551c sp=0x000000f5224f6250
Event: 127.538 Thread 0x0000029d08427290 DEOPT UNPACKING pc=0x0000029d732c1082 sp=0x000000f5224f61f0 mode 2
Event: 127.657 Thread 0x0000029d08427290 Uncommon trap: trap_request=0xffffffde fr.pc=0x0000029d73c1c1fc relative=0x0000000000001bfc
Event: 127.657 Thread 0x0000029d08427290 Uncommon trap: reason=class_check action=maybe_recompile pc=0x0000029d73c1c1fc method=org.gradle.api.internal.artifacts.ivyservice.resolveengine.result.DesugaredAttributeContainerSerializer.read(Lorg/gradle/internal/serialize/Decoder;)Lorg/gradle/api/inte
Event: 127.657 Thread 0x0000029d08427290 DEOPT PACKING pc=0x0000029d73c1c1fc sp=0x000000f5224f8760
Event: 127.657 Thread 0x0000029d08427290 DEOPT UNPACKING pc=0x0000029d732c1082 sp=0x000000f5224f8730 mode 2

Classes loaded (20 events):
Event: 9.952 Loading class java/io/NotSerializableException
Event: 9.953 Loading class java/io/NotSerializableException done
Event: 9.954 Loading class java/util/Collections$EmptyListIterator
Event: 9.954 Loading class java/util/Collections$EmptyListIterator done
Event: 9.964 Loading class java/time/Instant$1
Event: 9.964 Loading class java/time/Instant$1 done
Event: 9.983 Loading class java/util/concurrent/LinkedBlockingDeque$Itr
Event: 9.983 Loading class java/util/concurrent/LinkedBlockingDeque$AbstractItr
Event: 9.984 Loading class java/util/concurrent/LinkedBlockingDeque$AbstractItr done
Event: 9.984 Loading class java/util/concurrent/LinkedBlockingDeque$Itr done
Event: 10.024 Loading class java/net/UrlDeserializedState
Event: 10.024 Loading class java/net/UrlDeserializedState done
Event: 10.025 Loading class java/net/Proxy
Event: 10.025 Loading class java/net/Proxy done
Event: 10.030 Loading class java/util/concurrent/CompletableFuture$AsyncRun
Event: 10.030 Loading class java/util/concurrent/CompletableFuture$AsyncRun done
Event: 126.857 Loading class java/util/Formatter$FormatSpecifierParser
Event: 126.858 Loading class java/util/Formatter$FormatSpecifierParser done
Event: 126.858 Loading class jdk/internal/math/FormattedFPDecimal
Event: 126.858 Loading class jdk/internal/math/FormattedFPDecimal done

Classes unloaded (0 events):
No events

Classes redefined (0 events):
No events

Internal exceptions (20 events):
Event: 9.880 Thread 0x0000029d04a9e9c0 Exception <a 'java/lang/IncompatibleClassChangeError'{0x00000000ea38b408}: Found class java.lang.Object, but interface was expected> (0x00000000ea38b408) 
thrown [s\src\hotspot\share\interpreter\linkResolver.cpp, line 871]
Event: 9.880 Thread 0x0000029d04a9e9c0 Exception <a 'java/lang/NoSuchMethodError'{0x00000000ea3903a0}: 'void java.lang.invoke.DelegatingMethodHandle$Holder.reinvoke_L(java.lang.Object, java.lang.Object, java.lang.Object, int)'> (0x00000000ea3903a0) 
thrown [s\src\hotspot\share\interpreter\linkResolver.cpp, line 804]
Event: 9.883 Thread 0x0000029d04a9e9c0 Exception <a 'sun/nio/fs/WindowsException'{0x00000000ea3d4d80}> (0x00000000ea3d4d80) 
thrown [s\src\hotspot\share\prims\jni.cpp, line 516]
Event: 9.915 Thread 0x0000029d04a9e9c0 Exception <a 'java/lang/IncompatibleClassChangeError'{0x00000000ea16bdf0}: Found class java.lang.Object, but interface was expected> (0x00000000ea16bdf0) 
thrown [s\src\hotspot\share\interpreter\linkResolver.cpp, line 871]
Event: 9.917 Thread 0x0000029d04a9e9c0 Exception <a 'java/lang/IncompatibleClassChangeError'{0x00000000ea16d2c0}: Found class java.lang.Object, but interface was expected> (0x00000000ea16d2c0) 
thrown [s\src\hotspot\share\interpreter\linkResolver.cpp, line 871]
Event: 9.934 Thread 0x0000029d04a9e9c0 Exception <a 'java/lang/IncompatibleClassChangeError'{0x00000000ea1ffd28}: Found class java.lang.Object, but interface was expected> (0x00000000ea1ffd28) 
thrown [s\src\hotspot\share\interpreter\linkResolver.cpp, line 871]
Event: 10.021 Thread 0x0000029d04a9f960 Exception <a 'java/lang/NoSuchMethodError'{0x00000000e9ee16f8}: static Lorg/gradle/tooling/internal/provider/serialization/ClassLoaderDetails;.<clinit>()V> (0x00000000e9ee16f8) 
thrown [s\src\hotspot\share\prims\jni.cpp, line 1106]
Event: 10.022 Thread 0x0000029d04a9f960 Exception <a 'java/lang/NoSuchMethodError'{0x00000000e9eee7e8}: static Lorg/gradle/tooling/internal/provider/serialization/WellKnownClassLoaderRegistry$KnownClassLoaderSpec;.<clinit>()V> (0x00000000e9eee7e8) 
thrown [s\src\hotspot\share\prims\jni.cpp, line 1106]
Event: 10.022 Thread 0x0000029d04a9f960 Exception <a 'java/lang/NoSuchMethodError'{0x00000000e9eeff50}: static Lorg/gradle/internal/classloader/ClassLoaderSpec;.<clinit>()V> (0x00000000e9eeff50) 
thrown [s\src\hotspot\share\prims\jni.cpp, line 1106]
Event: 10.023 Thread 0x0000029d04a9f960 Exception <a 'java/lang/NoSuchMethodError'{0x00000000e9efd330}: static Lorg/gradle/internal/classloader/ClassLoaderSpec;.<clinit>()V> (0x00000000e9efd330) 
thrown [s\src\hotspot\share\prims\jni.cpp, line 1106]
Event: 10.024 Thread 0x0000029d04a9f960 Exception <a 'java/lang/NoSuchMethodError'{0x00000000e9d06a18}: static Lorg/gradle/internal/classloader/VisitableURLClassLoader$Spec;.<clinit>()V> (0x00000000e9d06a18) 
thrown [s\src\hotspot\share\prims\jni.cpp, line 1106]
Event: 127.015 Thread 0x0000029d08427290 Exception <a 'java/lang/ClassNotFoundException'{0x00000000e912e830}: ijJvmBuildInit1_8iyhj1o4svubuh8qdax51cnrlBeanInfo> (0x00000000e912e830) 
thrown [s\src\hotspot\share\classfile\systemDictionary.cpp, line 327]
Event: 127.015 Thread 0x0000029d08427290 Exception <a 'java/lang/ClassNotFoundException'{0x00000000e9134178}: ijJvmBuildInit1_8iyhj1o4svubuh8qdax51cnrlCustomizer> (0x00000000e9134178) 
thrown [s\src\hotspot\share\classfile\systemDictionary.cpp, line 327]
Event: 127.023 Thread 0x0000029d08427290 Exception <a 'sun/nio/fs/WindowsException'{0x00000000e91b1ce0}> (0x00000000e91b1ce0) 
thrown [s\src\hotspot\share\prims\jni.cpp, line 516]
Event: 127.023 Thread 0x0000029d08427290 Exception <a 'sun/nio/fs/WindowsException'{0x00000000e91b3198}> (0x00000000e91b3198) 
thrown [s\src\hotspot\share\prims\jni.cpp, line 516]
Event: 127.024 Thread 0x0000029d08427290 Exception <a 'sun/nio/fs/WindowsException'{0x00000000e91b4648}> (0x00000000e91b4648) 
thrown [s\src\hotspot\share\prims\jni.cpp, line 516]
Event: 127.024 Thread 0x0000029d08427290 Exception <a 'sun/nio/fs/WindowsException'{0x00000000e91b5710}> (0x00000000e91b5710) 
thrown [s\src\hotspot\share\prims\jni.cpp, line 516]
Event: 127.142 Thread 0x0000029d08427290 Exception <a 'java/lang/NoClassDefFoundError'{0x00000000e8a80e28}: org/jetbrains/kotlin/gradle/plugin/KotlinPluginWrapper> (0x00000000e8a80e28) 
thrown [s\src\hotspot\share\oops\constantPool.cpp, line 1003]
Event: 127.143 Thread 0x0000029d08427290 Exception <a 'java/lang/NoClassDefFoundError'{0x00000000e8a834e0}: org/graalvm/buildtools/gradle/NativeImagePlugin> (0x00000000e8a834e0) 
thrown [s\src\hotspot\share\oops\constantPool.cpp, line 1003]
Event: 127.143 Thread 0x0000029d08427290 Exception <a 'java/lang/NoClassDefFoundError'{0x00000000e8a85b88}: org/cyclonedx/gradle/CyclonedxPlugin> (0x00000000e8a85b88) 
thrown [s\src\hotspot\share\oops\constantPool.cpp, line 1003]

VM Operations (20 events):
Event: 9.486 Executing non-safepoint VM operation: HandshakeAllThreads (Deoptimize)
Event: 9.486 Executing non-safepoint VM operation: HandshakeAllThreads (Deoptimize) done
Event: 9.515 Executing non-safepoint VM operation: HandshakeAllThreads (Deoptimize)
Event: 9.516 Executing non-safepoint VM operation: HandshakeAllThreads (Deoptimize) done
Event: 9.684 Executing non-safepoint VM operation: HandshakeAllThreads (Deoptimize)
Event: 9.684 Executing non-safepoint VM operation: HandshakeAllThreads (Deoptimize) done
Event: 11.320 Executing non-safepoint VM operation: HandshakeAllThreads (Deoptimize)
Event: 11.320 Executing non-safepoint VM operation: HandshakeAllThreads (Deoptimize) done
Event: 11.322 Executing non-safepoint VM operation: HandshakeAllThreads (Deoptimize)
Event: 11.322 Executing non-safepoint VM operation: HandshakeAllThreads (Deoptimize) done
Event: 60.287 Executing non-safepoint VM operation: HandshakeAllThreads (HandshakeForDeflation)
Event: 60.287 Executing non-safepoint VM operation: HandshakeAllThreads (HandshakeForDeflation) done
Event: 60.287 Executing non-safepoint VM operation: RendezvousGCThreads
Event: 60.287 Executing non-safepoint VM operation: RendezvousGCThreads done
Event: 120.485 Executing non-safepoint VM operation: HandshakeAllThreads (HandshakeForDeflation)
Event: 120.485 Executing non-safepoint VM operation: HandshakeAllThreads (HandshakeForDeflation) done
Event: 120.486 Executing non-safepoint VM operation: RendezvousGCThreads
Event: 120.486 Executing non-safepoint VM operation: RendezvousGCThreads done
Event: 127.397 Executing safepoint VM operation: G1CollectForAllocation (G1 Evacuation Pause)
Event: 127.443 Executing safepoint VM operation: G1CollectForAllocation (G1 Evacuation Pause) done

Memory protections (0 events):
No events

Nmethod flushes (20 events):
Event: 7.119 Thread 0x0000029d7e451320 flushing  nmethod 0x0000029d6bdc5608
Event: 7.119 Thread 0x0000029d7e451320 flushing  nmethod 0x0000029d6bde0a08
Event: 7.119 Thread 0x0000029d7e451320 flushing  nmethod 0x0000029d6bde4308
Event: 7.119 Thread 0x0000029d7e451320 flushing  nmethod 0x0000029d6bde6988
Event: 7.119 Thread 0x0000029d7e451320 flushing  nmethod 0x0000029d6bde7208
Event: 7.119 Thread 0x0000029d7e451320 flushing  nmethod 0x0000029d6bde7a88
Event: 7.119 Thread 0x0000029d7e451320 flushing  nmethod 0x0000029d6bde8c08
Event: 7.119 Thread 0x0000029d7e451320 flushing  nmethod 0x0000029d6be58e08
Event: 7.119 Thread 0x0000029d7e451320 flushing  nmethod 0x0000029d6be5a408
Event: 7.119 Thread 0x0000029d7e451320 flushing  nmethod 0x0000029d6befac08
Event: 7.119 Thread 0x0000029d7e451320 flushing  nmethod 0x0000029d6bf28c08
Event: 7.119 Thread 0x0000029d7e451320 flushing  nmethod 0x0000029d6bf75f08
Event: 7.119 Thread 0x0000029d7e451320 flushing  nmethod 0x0000029d6bf9d688
Event: 7.119 Thread 0x0000029d7e451320 flushing  nmethod 0x0000029d6c062088
Event: 7.119 Thread 0x0000029d7e451320 flushing  nmethod 0x0000029d6c0c0208
Event: 7.119 Thread 0x0000029d7e451320 flushing  nmethod 0x0000029d6c0daa88
Event: 7.119 Thread 0x0000029d7e451320 flushing  nmethod 0x0000029d6c0ddc08
Event: 7.119 Thread 0x0000029d7e451320 flushing  nmethod 0x0000029d6c0e1b08
Event: 7.119 Thread 0x0000029d7e451320 flushing  nmethod 0x0000029d6c22e288
Event: 7.119 Thread 0x0000029d7e451320 flushing  nmethod 0x0000029d6c232388

Events (20 events):
Event: 126.837 Thread 0x0000029d08423410 Thread added: 0x0000029d08422470
Event: 126.848 Thread 0x0000029d08423410 Thread added: 0x0000029d08424b80
Event: 126.851 Thread 0x0000029d08423410 Thread added: 0x0000029d08427290
Event: 126.856 Thread 0x0000029d08427290 Thread added: 0x0000029d0842a940
Event: 126.859 Thread 0x0000029d08427290 Thread added: 0x0000029d0842a170
Event: 126.860 Thread 0x0000029d08427290 Thread added: 0x0000029d08427a60
Event: 126.881 Thread 0x0000029d08427290 Thread added: 0x0000029d0842b8e0
Event: 126.884 Thread 0x0000029d08427290 Thread added: 0x0000029d0842c880
Event: 126.899 Thread 0x0000029d7e48e1e0 Thread added: 0x0000029d0479fb50
Event: 126.902 Thread 0x0000029d08427290 Thread added: 0x0000029d0842d050
Event: 126.909 Thread 0x0000029d08427290 Thread added: 0x0000029d0842d820
Event: 126.913 Thread 0x0000029d08427290 Thread added: 0x0000029d08430ed0
Event: 126.944 Thread 0x0000029d08427290 Thread added: 0x0000029d0842ef90
Event: 126.944 Thread 0x0000029d08427290 Thread added: 0x0000029d09b54280
Event: 126.944 Thread 0x0000029d08427290 Thread added: 0x0000029d09b54a50
Event: 126.945 Thread 0x0000029d08427290 Thread added: 0x0000029d09b55220
Event: 126.945 Thread 0x0000029d08427290 Thread added: 0x0000029d09b56990
Event: 126.962 Thread 0x0000029d08427290 Thread added: 0x0000029d09b57160
Event: 126.962 Thread 0x0000029d08427290 Thread added: 0x0000029d09b58100
Event: 126.962 Thread 0x0000029d08427290 Thread added: 0x0000029d059f9170


Dynamic libraries:
0x00007ff72bcb0000 - 0x00007ff72bcbe000 	C:\Users\user\Downloads\Compressed\bellsoft-jdk25+37-windows-amd64-full\jdk-25-full\bin\java.exe
0x00007ffb41380000 - 0x00007ffb415e7000 	C:\WINDOWS\SYSTEM32\ntdll.dll
0x00007ffb40200000 - 0x00007ffb402c9000 	C:\WINDOWS\System32\KERNEL32.DLL
0x00007ffb3e960000 - 0x00007ffb3ed54000 	C:\WINDOWS\System32\KERNELBASE.dll
0x00007ffb3dd90000 - 0x00007ffb3dedb000 	C:\WINDOWS\System32\ucrtbase.dll
0x00007ffb174c0000 - 0x00007ffb174db000 	C:\Users\user\Downloads\Compressed\bellsoft-jdk25+37-windows-amd64-full\jdk-25-full\bin\VCRUNTIME140.dll
0x00007ffb2e350000 - 0x00007ffb2e366000 	C:\Users\user\Downloads\Compressed\bellsoft-jdk25+37-windows-amd64-full\jdk-25-full\bin\jli.dll
0x00007ffb40a00000 - 0x00007ffb40bc5000 	C:\WINDOWS\System32\USER32.dll
0x00007ffb3e750000 - 0x00007ffb3e777000 	C:\WINDOWS\System32\win32u.dll
0x00007ffb21680000 - 0x00007ffb21913000 	C:\WINDOWS\WinSxS\amd64_microsoft.windows.common-controls_6595b64144ccf1df_6.0.26100.8115_none_3e075c82e3354f9c\COMCTL32.dll
0x00007ffb3fa20000 - 0x00007ffb3fac9000 	C:\WINDOWS\System32\msvcrt.dll
0x00007ffb40620000 - 0x00007ffb4064b000 	C:\WINDOWS\System32\GDI32.dll
0x00007ffb3e780000 - 0x00007ffb3e8aa000 	C:\WINDOWS\System32\gdi32full.dll
0x00007ffb3e8b0000 - 0x00007ffb3e953000 	C:\WINDOWS\System32\msvcp_win.dll
0x00007ffb3f110000 - 0x00007ffb3f142000 	C:\WINDOWS\System32\IMM32.DLL
0x00007ffb22870000 - 0x00007ffb2287c000 	C:\Users\user\Downloads\Compressed\bellsoft-jdk25+37-windows-amd64-full\jdk-25-full\bin\vcruntime140_1.dll
0x00007ffb16340000 - 0x00007ffb163ce000 	C:\Users\user\Downloads\Compressed\bellsoft-jdk25+37-windows-amd64-full\jdk-25-full\bin\msvcp140.dll
0x00007ffaa0eb0000 - 0x00007ffaa1df1000 	C:\Users\user\Downloads\Compressed\bellsoft-jdk25+37-windows-amd64-full\jdk-25-full\bin\server\jvm.dll
0x00007ffb3f330000 - 0x00007ffb3f3e6000 	C:\WINDOWS\System32\ADVAPI32.dll
0x00007ffb40010000 - 0x00007ffb400b7000 	C:\WINDOWS\System32\sechost.dll
0x00007ffb3f900000 - 0x00007ffb3fa18000 	C:\WINDOWS\System32\RPCRT4.dll
0x00007ffb3ff80000 - 0x00007ffb40000000 	C:\WINDOWS\System32\WS2_32.dll
0x00007ffb3dab0000 - 0x00007ffb3db0e000 	C:\WINDOWS\SYSTEM32\POWRPROF.dll
0x00007ffb2be20000 - 0x00007ffb2be2b000 	C:\WINDOWS\SYSTEM32\VERSION.dll
0x00007ffb25f20000 - 0x00007ffb25f56000 	C:\WINDOWS\SYSTEM32\WINMM.dll
0x00007ffb3da90000 - 0x00007ffb3daa4000 	C:\WINDOWS\SYSTEM32\UMPDC.dll
0x00007ffb3c9a0000 - 0x00007ffb3c9bb000 	C:\WINDOWS\SYSTEM32\kernel.appcore.dll
0x00007ffb227d0000 - 0x00007ffb227da000 	C:\Users\user\Downloads\Compressed\bellsoft-jdk25+37-windows-amd64-full\jdk-25-full\bin\jimage.dll
0x00007ffb3bb60000 - 0x00007ffb3bda2000 	C:\WINDOWS\SYSTEM32\DBGHELP.DLL
0x00007ffb40650000 - 0x00007ffb409d2000 	C:\WINDOWS\System32\combase.dll
0x00007ffb400c0000 - 0x00007ffb40197000 	C:\WINDOWS\System32\OLEAUT32.dll
0x00007ffb1fc60000 - 0x00007ffb1fc9b000 	C:\WINDOWS\SYSTEM32\dbgcore.DLL
0x00007ffb3dc50000 - 0x00007ffb3dcf5000 	C:\WINDOWS\System32\bcryptPrimitives.dll
0x00007ffb17ad0000 - 0x00007ffb17adf000 	C:\Users\user\Downloads\Compressed\bellsoft-jdk25+37-windows-amd64-full\jdk-25-full\bin\instrument.dll
0x00007ffb174a0000 - 0x00007ffb174be000 	C:\Users\user\Downloads\Compressed\bellsoft-jdk25+37-windows-amd64-full\jdk-25-full\bin\java.dll
0x00007ffb3fce0000 - 0x00007ffb3fe77000 	C:\WINDOWS\System32\ole32.dll
0x00007ffb40bd0000 - 0x00007ffb41336000 	C:\WINDOWS\System32\SHELL32.dll
0x00007ffb3efa0000 - 0x00007ffb3f10a000 	C:\WINDOWS\System32\wintypes.dll
0x00007ffb3dee0000 - 0x00007ffb3e745000 	C:\WINDOWS\System32\windows.storage.dll
0x00007ffb3fe80000 - 0x00007ffb3ff77000 	C:\WINDOWS\System32\SHCORE.dll
0x00007ffb402f0000 - 0x00007ffb40356000 	C:\WINDOWS\System32\shlwapi.dll
0x00007ffb3db70000 - 0x00007ffb3db99000 	C:\WINDOWS\SYSTEM32\profapi.dll
0x00007ffb16c90000 - 0x00007ffb16ca7000 	C:\Users\user\Downloads\Compressed\bellsoft-jdk25+37-windows-amd64-full\jdk-25-full\bin\zip.dll
0x00007ffb16c80000 - 0x00007ffb16c90000 	C:\Users\user\Downloads\Compressed\bellsoft-jdk25+37-windows-amd64-full\jdk-25-full\bin\net.dll
0x00007ffb3cef0000 - 0x00007ffb3cf5c000 	C:\WINDOWS\system32\mswsock.dll
0x00007ffb16c60000 - 0x00007ffb16c76000 	C:\Users\user\Downloads\Compressed\bellsoft-jdk25+37-windows-amd64-full\jdk-25-full\bin\nio.dll
0x00007ffb16c50000 - 0x00007ffb16c60000 	C:\Users\user\Downloads\Compressed\bellsoft-jdk25+37-windows-amd64-full\jdk-25-full\bin\verify.dll
0x00007ffb174e0000 - 0x00007ffb17507000 	C:\Users\user\.gradle\native\660c5614fbf4a5f2a75b1949f50a0caf5cd603558e7d8a26e50b933a0cfb79d1\windows-amd64\native-platform.dll
0x00007ffb13760000 - 0x00007ffb137d7000 	C:\Users\user\.gradle\native\0.2.8\x86_64-windows-gnu\gradle-fileevents.dll
0x00007ffb16c40000 - 0x00007ffb16c4a000 	C:\Users\user\Downloads\Compressed\bellsoft-jdk25+37-windows-amd64-full\jdk-25-full\bin\management.dll
0x00007ffb16c30000 - 0x00007ffb16c3b000 	C:\Users\user\Downloads\Compressed\bellsoft-jdk25+37-windows-amd64-full\jdk-25-full\bin\management_ext.dll
0x00007ffb3fc40000 - 0x00007ffb3fc48000 	C:\WINDOWS\System32\PSAPI.DLL
0x00007ffb3c2f0000 - 0x00007ffb3c322000 	C:\WINDOWS\SYSTEM32\IPHLPAPI.DLL
0x00007ffb409e0000 - 0x00007ffb409ea000 	C:\WINDOWS\System32\NSI.dll
0x00007ffb16be0000 - 0x00007ffb16be9000 	C:\Users\user\Downloads\Compressed\bellsoft-jdk25+37-windows-amd64-full\jdk-25-full\bin\extnet.dll
0x00007ffb3d2f0000 - 0x00007ffb3d30b000 	C:\WINDOWS\SYSTEM32\CRYPTSP.dll
0x00007ffb3c900000 - 0x00007ffb3c939000 	C:\WINDOWS\system32\rsaenh.dll
0x00007ffb3cfa0000 - 0x00007ffb3cfd3000 	C:\WINDOWS\SYSTEM32\USERENV.dll
0x00007ffb3db40000 - 0x00007ffb3db6a000 	C:\WINDOWS\SYSTEM32\bcrypt.dll
0x00007ffb3d150000 - 0x00007ffb3d15c000 	C:\WINDOWS\SYSTEM32\CRYPTBASE.dll
0x00007ffb16850000 - 0x00007ffb1685e000 	C:\Users\user\Downloads\Compressed\bellsoft-jdk25+37-windows-amd64-full\jdk-25-full\bin\sunmscapi.dll
0x00007ffb3ee20000 - 0x00007ffb3ef97000 	C:\WINDOWS\System32\CRYPT32.dll
0x00007ffb3d450000 - 0x00007ffb3d480000 	C:\WINDOWS\SYSTEM32\ncrypt.dll
0x00007ffb3d400000 - 0x00007ffb3d43f000 	C:\WINDOWS\SYSTEM32\NTASN1.dll
0x00007ffaf5c90000 - 0x00007ffaf5c98000 	C:\WINDOWS\system32\wshunix.dll

JVMTI agents:
C:\Users\user\.gradle\wrapper\dists\gradle-9.4.1-bin\arn2x92ynaizyzdaamcbpbhtj\gradle-9.4.1\lib\agents\gradle-instrumentation-agent-9.4.1.jar path:C:\Users\user\Downloads\Compressed\bellsoft-jdk25+37-windows-amd64-full\jdk-25-full\bin\instrument.dll, loaded, initialized, instrumentlib options:none

dbghelp: loaded successfully - version: 4.0.5 - missing functions: none
symbol engine: initialized successfully - sym options: 0x614 - pdb path: .;C:\Users\user\Downloads\Compressed\bellsoft-jdk25+37-windows-amd64-full\jdk-25-full\bin;C:\WINDOWS\SYSTEM32;C:\WINDOWS\WinSxS\amd64_microsoft.windows.common-controls_6595b64144ccf1df_6.0.26100.8115_none_3e075c82e3354f9c;C:\Users\user\Downloads\Compressed\bellsoft-jdk25+37-windows-amd64-full\jdk-25-full\bin\server;C:\Users\user\.gradle\native\660c5614fbf4a5f2a75b1949f50a0caf5cd603558e7d8a26e50b933a0cfb79d1\windows-amd64;C:\Users\user\.gradle\native\0.2.8\x86_64-windows-gnu

VM Arguments:
jvm_args: --add-opens=java.base/java.lang=ALL-UNNAMED --add-opens=java.base/java.lang.invoke=ALL-UNNAMED --add-opens=java.base/java.util=ALL-UNNAMED --add-opens=java.prefs/java.util.prefs=ALL-UNNAMED --add-exports=jdk.compiler/com.sun.tools.javac.api=ALL-UNNAMED --add-exports=jdk.compiler/com.sun.tools.javac.util=ALL-UNNAMED --add-opens=java.base/java.util=ALL-UNNAMED --add-opens=java.prefs/java.util.prefs=ALL-UNNAMED --add-opens=java.base/java.nio.charset=ALL-UNNAMED --add-opens=java.base/java.net=ALL-UNNAMED --add-opens=java.base/java.util.concurrent=ALL-UNNAMED --add-opens=java.base/java.util.concurrent.atomic=ALL-UNNAMED --add-opens=java.xml/javax.xml.namespace=ALL-UNNAMED --add-opens=java.base/java.time=ALL-UNNAMED --enable-native-access=ALL-UNNAMED -XX:MaxMetaspaceSize=384m -XX:+HeapDumpOnOutOfMemoryError -Xms256m -Xmx512m -Dfile.encoding=UTF-8 -Duser.country=US -Duser.language=en -Duser.variant -javaagent:C:\Users\user\.gradle\wrapper\dists\gradle-9.4.1-bin\arn2x92ynaizyzdaamcbpbhtj\gradle-9.4.1\lib\agents\gradle-instrumentation-agent-9.4.1.jar 
java_command: org.gradle.launcher.daemon.bootstrap.GradleDaemon 9.4.1
java_class_path (initial): C:\Users\user\.gradle\wrapper\dists\gradle-9.4.1-bin\arn2x92ynaizyzdaamcbpbhtj\gradle-9.4.1\lib\gradle-daemon-main-9.4.1.jar
Launcher Type: SUN_STANDARD

[Global flags]
     intx CICompilerCount                          = 4                                         {product} {ergonomic}
   size_t CompressedClassSpaceSize                 = 335544320                                 {product} {ergonomic}
     uint ConcGCThreads                            = 2                                         {product} {ergonomic}
     uint G1ConcRefinementThreads                  = 8                                         {product} {ergonomic}
   size_t G1HeapRegionSize                         = 1048576                                   {product} {ergonomic}
     bool HeapDumpOnOutOfMemoryError               = true                                   {manageable} {command line}
   size_t InitialHeapSize                          = 268435456                                 {product} {command line}
   size_t MarkStackSize                            = 4194304                                   {product} {ergonomic}
   size_t MarkStackSizeMax                         = 536870912                                 {product} {ergonomic}
   size_t MaxHeapSize                              = 536870912                                 {product} {command line}
   size_t MaxMetaspaceSize                         = 402653184                                 {product} {command line}
   size_t MaxNewSize                               = 321912832                                 {product} {ergonomic}
   size_t MinHeapDeltaBytes                        = 1048576                                   {product} {ergonomic}
   size_t MinHeapSize                              = 268435456                                 {product} {command line}
    uintx NonNMethodCodeHeapSize                   = 5832704                                {pd product} {ergonomic}
    uintx NonProfiledCodeHeapSize                  = 122945536                              {pd product} {ergonomic}
    uintx ProfiledCodeHeapSize                     = 122880000                              {pd product} {ergonomic}
    uintx ReservedCodeCacheSize                    = 251658240                              {pd product} {ergonomic}
     bool SegmentedCodeCache                       = true                                      {product} {ergonomic}
   size_t SoftMaxHeapSize                          = 536870912                              {manageable} {ergonomic}
     bool UseCompressedOops                        = true                           {product lp64_product} {ergonomic}
     bool UseG1GC                                  = true                                      {product} {ergonomic}
     bool UseLargePagesIndividualAllocation        = false                                  {pd product} {ergonomic}

Logging:
Log output configuration:
 #0: stdout all=warning uptime,level,tags foldmultilines=false
 #1: stderr all=off uptime,level,tags foldmultilines=false

Release file:
IMPLEMENTOR="BellSoft" 
JAVA_RUNTIME_VERSION="25+37-LTS" 
JAVA_VERSION="25" 
JAVA_VERSION_DATE="2025-09-16" 
LIBC="default" 
MODULES="java.base java.compiler java.datatransfer java.xml java.prefs java.desktop java.instrument java.logging java.management java.security.sasl java.naming java.rmi java.management.rmi java.net.http java.scripting java.security.jgss java.transaction.xa java.sql java.sql.rowset java.xml.crypto java.se java.smartcardio jdk.jfr javafx.base jdk.unsupported javafx.graphics javafx.controls javafx.fxml javafx.media jdk.unsupported.desktop javafx.swing jdk.jsobject jdk.xml.dom javafx.web jdk.accessibility jdk.internal.jvmstat jdk.attach jdk.charsets jdk.internal.opt jdk.zipfs jdk.compiler jdk.crypto.cryptoki jdk.crypto.ec jdk.crypto.mscapi jdk.dynalink jdk.internal.ed jdk.editpad jdk.internal.vm.ci jdk.graal.compiler jdk.graal.compiler.management jdk.hotspot.agent jdk.httpserver jdk.incubator.vector jdk.internal.le jdk.internal.md jdk.jartool jdk.javadoc jdk.jcmd jdk.management jdk.management.agent jdk.jconsole jdk.jdeps jdk.jdwp.agent jdk.jdi jdk.jlink jdk.jpackage jdk.jshell jdk.jstatd jdk.localedata jdk.management.jfr jdk.naming.dns jdk.naming.rmi jdk.net jdk.nio.mapmode jdk.sctp jdk.security.auth jdk.security.jgss jfx.incubator.input jfx.incubator.richtext" 
OS_ARCH="x86_64" 
OS_NAME="Windows" 
SOURCE=".:git:e25d1a5e8234+" 

Environment Variables:
JAVA_HOME=C:\Program Files\BellSoft\LibericaJDK-25\
PATH=C:\Program Files\BellSoft\LibericaJDK-25\bin\;C:\Program Files\BellSoft\LibericaJDK-21\bin\;C:\WINDOWS\system32;C:\WINDOWS;C:\WINDOWS\System32\Wbem;C:\WINDOWS\System32\WindowsPowerShell\v1.0\;C:\WINDOWS\System32\OpenSSH\;C:\Program Files\Git\cmd;C:\Users\user\Downloads\Compressed\jdk-25_windows-x64_bin\jdk-25.0.1\bin;C:\Program Files\nodejs\;C:\ProgramData\chocolatey\bin;C:\Program Files\MySQL\MySQL Shell 8.0\bin\;C:\Users\user\AppData\Local\Microsoft\WindowsApps;C:\msys64\ucrt64\bin;C:\Program Files\JetBrains\WebStorm 2025.2.4\bin;C:\Users\user\AppData\Roaming\npm;C:\Users\user\AppData\Local\Programs\cursor\resources\app\bin;C:\Users\user\AppData\Local\Programs\Antigravity IDE\bin
USERNAME=user
OS=Windows_NT
PROCESSOR_IDENTIFIER=Intel64 Family 6 Model 142 Stepping 10, GenuineIntel
TMP=C:\Users\user\AppData\Local\Temp
TEMP=C:\Users\user\AppData\Local\Temp




Compilation memory statistics disabled.

Periodic native trim disabled

---------------  S Y S T E M  ---------------

OS:
 Windows 11 , 64 bit Build 26100 (10.0.26100.8115)
OS uptime: 5 days 11:41 hours
Hyper-V role detected

CPU: total 8 (initial active 8) (4 cores per cpu, 2 threads per core) family 6 model 142 stepping 10 microcode 0xf6, cx8, cmov, fxsr, ht, mmx, 3dnowpref, sse, sse2, sse3, ssse3, sse4.1, sse4.2, popcnt, lzcnt, tsc, tscinvbit, avx, avx2, aes, erms, clmul, bmi1, bmi2, rtm, adx, fma, vzeroupper, clflush, clflushopt, hv, rdtscp, f16c
Processor Information for the first 8 processors :
  Max Mhz: 1896, Current Mhz: 1696, Mhz Limit: 1687

Memory: 4k page, system-wide physical 8035M (598M free)
TotalPageFile size 15879M (AvailPageFile size 5M)
current process WorkingSet (physical memory assigned to process): 410M, peak: 479M
current process commit charge ("private bytes"): 544M, peak: 572M

vm_info: OpenJDK 64-Bit Server VM (25+37-LTS) for windows-amd64 JRE (25+37-LTS), built on 2025-09-16T14:39:05Z with MS VC++ 17.1 (VS2022)

END.
